topic: BenchmarkTest, threadCount 20, group: benchmark_consumer, suffix: false, filterType: null, expression: null, msgTraceEnable: false, aclEnable: false, reportInterval: 10000
Consumer Started.
Current Time: 2026-08-29 02:24:05,150 | Consume TPS: 0 | AVG(B2C) RT(ms):     NaN | AVG(S2C) RT(ms):     NaN | MAX(B2C) RT(ms): 0 | MAX(S2C) RT(ms): 0 | Consume Fail: 0
Current Time: 2026-08-29 02:24:15,150 | Consume TPS: 470 | AVG(B2C) RT(ms):  26.127 | AVG(S2C) RT(ms):  19.576 | MAX(B2C) RT(ms): 296 | MAX(S2C) RT(ms): 226 | Consume Fail: 0
Current Time: 2026-08-29 02:24:25,150 | Consume TPS: 1406 | AVG(B2C) RT(ms):   9.388 | AVG(S2C) RT(ms):   6.658 | MAX(B2C) RT(ms): 107 | MAX(S2C) RT(ms): 102 | Consume Fail: 0
Current Time: 2026-08-29 02:24:35,150 | Consume TPS: 3251 | AVG(B2C) RT(ms):   3.775 | AVG(S2C) RT(ms):   2.587 | MAX(B2C) RT(ms): 41 | MAX(S2C) RT(ms): 40 | Consume Fail: 0
Current Time: 2026-08-29 02:24:45,150 | Consume TPS: 3288 | AVG(B2C) RT(ms):   3.796 | AVG(S2C) RT(ms):   2.604 | MAX(B2C) RT(ms): 226 | MAX(S2C) RT(ms): 225 | Consume Fail: 0
Current Time: 2026-08-29 02:24:55,150 | Consume TPS: 1471 | AVG(B2C) RT(ms):   3.457 | AVG(S2C) RT(ms):   2.365 | MAX(B2C) RT(ms): 205 | MAX(S2C) RT(ms): 204 | Consume Fail: 0
Current Time: 2026-08-29 02:25:05,150 | Consume TPS: 0 | AVG(B2C) RT(ms):     NaN | AVG(S2C) RT(ms):     NaN | MAX(B2C) RT(ms): 0 | MAX(S2C) RT(ms): 0 | Consume Fail: 0
Current Time: 2026-08-29 02:25:15,150 | Consume TPS: 0 | AVG(B2C) RT(ms):     NaN | AVG(S2C) RT(ms):     NaN | MAX(B2C) RT(ms): 0 | MAX(S2C) RT(ms): 0 | Consume Fail: 0
Current Time: 2026-08-29 02:25:25,150 | Consume TPS: 1693 | AVG(B2C) RT(ms):   5.492 | AVG(S2C) RT(ms):   3.517 | MAX(B2C) RT(ms): 51 | MAX(S2C) RT(ms): 49 | Consume Fail: 0
Current Time: 2026-08-29 02:25:35,150 | Consume TPS: 3571 | AVG(B2C) RT(ms):   3.374 | AVG(S2C) RT(ms):   2.280 | MAX(B2C) RT(ms): 22 | MAX(S2C) RT(ms): 22 | Consume Fail: 0
Current Time: 2026-08-29 02:25:45,150 | Consume TPS: 3628 | AVG(B2C) RT(ms):   3.414 | AVG(S2C) RT(ms):   2.342 | MAX(B2C) RT(ms): 30 | MAX(S2C) RT(ms): 29 | Consume Fail: 0
Current Time: 2026-08-29 02:25:55,150 | Consume TPS: 3687 | AVG(B2C) RT(ms):   3.388 | AVG(S2C) RT(ms):   2.322 | MAX(B2C) RT(ms): 23 | MAX(S2C) RT(ms): 22 | Consume Fail: 0
Current Time: 2026-08-29 02:26:05,150 | Consume TPS: 3509 | AVG(B2C) RT(ms):   3.466 | AVG(S2C) RT(ms):   2.331 | MAX(B2C) RT(ms): 33 | MAX(S2C) RT(ms): 32 | Consume Fail: 0
Current Time: 2026-08-29 02:26:15,150 | Consume TPS: 3722 | AVG(B2C) RT(ms):   3.395 | AVG(S2C) RT(ms):   2.331 | MAX(B2C) RT(ms): 868 | MAX(S2C) RT(ms): 867 | Consume Fail: 0
Current Time: 2026-08-29 02:26:25,150 | Consume TPS: 3714 | AVG(B2C) RT(ms):   3.453 | AVG(S2C) RT(ms):   2.389 | MAX(B2C) RT(ms): 837 | MAX(S2C) RT(ms): 835 | Consume Fail: 0
Current Time: 2026-08-29 02:26:35,150 | Consume TPS: 3600 | AVG(B2C) RT(ms):   3.508 | AVG(S2C) RT(ms):   2.405 | MAX(B2C) RT(ms): 849 | MAX(S2C) RT(ms): 848 | Consume Fail: 0
Current Time: 2026-08-29 02:26:45,232 | Consume TPS: 1093 | AVG(B2C) RT(ms):  60.024 | AVG(S2C) RT(ms):  55.719 | MAX(B2C) RT(ms): 3169 | MAX(S2C) RT(ms): 3167 | Consume Fail: 0
Current Time: 2026-08-29 02:26:55,150 | Consume TPS: 214 | AVG(B2C) RT(ms): 156.853 | AVG(S2C) RT(ms): 139.586 | MAX(B2C) RT(ms): 4095 | MAX(S2C) RT(ms): 4094 | Consume Fail: 0
Current Time: 2026-08-29 02:27:05,150 | Consume TPS: 2850 | AVG(B2C) RT(ms):  14.604 | AVG(S2C) RT(ms):  13.255 | MAX(B2C) RT(ms): 1222 | MAX(S2C) RT(ms): 1221 | Consume Fail: 0
Current Time: 2026-08-29 02:27:15,150 | Consume TPS: 3442 | AVG(B2C) RT(ms):   3.375 | AVG(S2C) RT(ms):   2.245 | MAX(B2C) RT(ms): 1068 | MAX(S2C) RT(ms): 1067 | Consume Fail: 0
Current Time: 2026-08-29 02:27:25,171 | Consume TPS: 2614 | AVG(B2C) RT(ms):   6.213 | AVG(S2C) RT(ms):   4.673 | MAX(B2C) RT(ms): 178 | MAX(S2C) RT(ms): 177 | Consume Fail: 0
Current Time: 2026-08-29 02:27:35,150 | Consume TPS: 2211 | AVG(B2C) RT(ms):   5.404 | AVG(S2C) RT(ms):   3.292 | MAX(B2C) RT(ms): 1253 | MAX(S2C) RT(ms): 1228 | Consume Fail: 0
Current Time: 2026-08-29 02:27:45,150 | Consume TPS: 3706 | AVG(B2C) RT(ms):   3.382 | AVG(S2C) RT(ms):   2.318 | MAX(B2C) RT(ms): 31 | MAX(S2C) RT(ms): 29 | Consume Fail: 0
Current Time: 2026-08-29 02:27:55,150 | Consume TPS: 3695 | AVG(B2C) RT(ms):   3.343 | AVG(S2C) RT(ms):   2.275 | MAX(B2C) RT(ms): 22 | MAX(S2C) RT(ms): 20 | Consume Fail: 0
Current Time: 2026-08-29 02:28:05,150 | Consume TPS: 3706 | AVG(B2C) RT(ms):   3.371 | AVG(S2C) RT(ms):   2.305 | MAX(B2C) RT(ms): 199 | MAX(S2C) RT(ms): 198 | Consume Fail: 0
Current Time: 2026-08-29 02:28:15,150 | Consume TPS: 3654 | AVG(B2C) RT(ms):   3.627 | AVG(S2C) RT(ms):   2.555 | MAX(B2C) RT(ms): 64 | MAX(S2C) RT(ms): 63 | Consume Fail: 0
Current Time: 2026-08-29 02:28:25,150 | Consume TPS: 3677 | AVG(B2C) RT(ms):   3.398 | AVG(S2C) RT(ms):   2.316 | MAX(B2C) RT(ms): 161 | MAX(S2C) RT(ms): 159 | Consume Fail: 0
Current Time: 2026-08-29 02:28:35,150 | Consume TPS: 3520 | AVG(B2C) RT(ms):   3.700 | AVG(S2C) RT(ms):   2.562 | MAX(B2C) RT(ms): 568 | MAX(S2C) RT(ms): 567 | Consume Fail: 0
Current Time: 2026-08-29 02:28:45,150 | Consume TPS: 3752 | AVG(B2C) RT(ms):   3.421 | AVG(S2C) RT(ms):   2.365 | MAX(B2C) RT(ms): 540 | MAX(S2C) RT(ms): 539 | Consume Fail: 0
Current Time: 2026-08-29 02:28:55,151 | Consume TPS: 3739 | AVG(B2C) RT(ms):   3.419 | AVG(S2C) RT(ms):   2.360 | MAX(B2C) RT(ms): 592 | MAX(S2C) RT(ms): 591 | Consume Fail: 0
Current Time: 2026-08-29 02:29:05,150 | Consume TPS: 3657 | AVG(B2C) RT(ms):   3.498 | AVG(S2C) RT(ms):   2.417 | MAX(B2C) RT(ms): 628 | MAX(S2C) RT(ms): 626 | Consume Fail: 0
Current Time: 2026-08-29 02:29:15,150 | Consume TPS: 3644 | AVG(B2C) RT(ms):   3.413 | AVG(S2C) RT(ms):   2.329 | MAX(B2C) RT(ms): 67 | MAX(S2C) RT(ms): 66 | Consume Fail: 0
Current Time: 2026-08-29 02:29:25,150 | Consume TPS: 3670 | AVG(B2C) RT(ms):   3.593 | AVG(S2C) RT(ms):   2.508 | MAX(B2C) RT(ms): 115 | MAX(S2C) RT(ms): 114 | Consume Fail: 0
Current Time: 2026-08-29 02:29:35,151 | Consume TPS: 3650 | AVG(B2C) RT(ms):   3.494 | AVG(S2C) RT(ms):   2.411 | MAX(B2C) RT(ms): 617 | MAX(S2C) RT(ms): 615 | Consume Fail: 0
Current Time: 2026-08-29 02:29:45,150 | Consume TPS: 3743 | AVG(B2C) RT(ms):   3.314 | AVG(S2C) RT(ms):   2.252 | MAX(B2C) RT(ms): 623 | MAX(S2C) RT(ms): 622 | Consume Fail: 0
Current Time: 2026-08-29 02:29:55,150 | Consume TPS: 3746 | AVG(B2C) RT(ms):   3.454 | AVG(S2C) RT(ms):   2.391 | MAX(B2C) RT(ms): 606 | MAX(S2C) RT(ms): 604 | Consume Fail: 0
Current Time: 2026-08-29 02:30:05,150 | Consume TPS: 3700 | AVG(B2C) RT(ms):   3.271 | AVG(S2C) RT(ms):   2.206 | MAX(B2C) RT(ms): 28 | MAX(S2C) RT(ms): 26 | Consume Fail: 0
Current Time: 2026-08-29 02:30:15,150 | Consume TPS: 3338 | AVG(B2C) RT(ms):   3.501 | AVG(S2C) RT(ms):   2.415 | MAX(B2C) RT(ms): 669 | MAX(S2C) RT(ms): 669 | Consume Fail: 0
Current Time: 2026-08-29 02:30:25,150 | Consume TPS: 0 | AVG(B2C) RT(ms):     NaN | AVG(S2C) RT(ms):     NaN | MAX(B2C) RT(ms): 0 | MAX(S2C) RT(ms): 0 | Consume Fail: 0
Current Time: 2026-08-29 02:30:35,150 | Consume TPS: 0 | AVG(B2C) RT(ms):     NaN | AVG(S2C) RT(ms):     NaN | MAX(B2C) RT(ms): 0 | MAX(S2C) RT(ms): 0 | Consume Fail: 0
Current Time: 2026-08-29 02:30:45,150 | Consume TPS: 0 | AVG(B2C) RT(ms):     NaN | AVG(S2C) RT(ms):     NaN | MAX(B2C) RT(ms): 0 | MAX(S2C) RT(ms): 0 | Consume Fail: 0
