topic: BenchmarkTest, threadCount 20, group: benchmark_consumer, suffix: false, filterType: null, expression: null, msgTraceEnable: false, aclEnable: false, reportInterval: 10000
Consumer Started.
Current Time: 2026-08-29 02:07:21,472 | Consume TPS: 0 | AVG(B2C) RT(ms):     NaN | AVG(S2C) RT(ms):     NaN | MAX(B2C) RT(ms): 0 | MAX(S2C) RT(ms): 0 | Consume Fail: 0
Current Time: 2026-08-29 02:07:31,472 | Consume TPS: 414 | AVG(B2C) RT(ms):  49.906 | AVG(S2C) RT(ms):  42.478 | MAX(B2C) RT(ms): 318 | MAX(S2C) RT(ms): 305 | Consume Fail: 0
Current Time: 2026-08-29 02:07:41,472 | Consume TPS: 1320 | AVG(B2C) RT(ms):   9.374 | AVG(S2C) RT(ms):   6.480 | MAX(B2C) RT(ms): 154 | MAX(S2C) RT(ms): 147 | Consume Fail: 0
Current Time: 2026-08-29 02:07:51,472 | Consume TPS: 3119 | AVG(B2C) RT(ms):   4.168 | AVG(S2C) RT(ms):   2.937 | MAX(B2C) RT(ms): 1145 | MAX(S2C) RT(ms): 1144 | Consume Fail: 0
Current Time: 2026-08-29 02:08:01,472 | Consume TPS: 3157 | AVG(B2C) RT(ms):   3.822 | AVG(S2C) RT(ms):   2.594 | MAX(B2C) RT(ms): 979 | MAX(S2C) RT(ms): 978 | Consume Fail: 0
Current Time: 2026-08-29 02:08:11,472 | Consume TPS: 1366 | AVG(B2C) RT(ms):   3.624 | AVG(S2C) RT(ms):   2.468 | MAX(B2C) RT(ms): 50 | MAX(S2C) RT(ms): 48 | Consume Fail: 0
Current Time: 2026-08-29 02:08:21,472 | Consume TPS: 0 | AVG(B2C) RT(ms):     NaN | AVG(S2C) RT(ms):     NaN | MAX(B2C) RT(ms): 0 | MAX(S2C) RT(ms): 0 | Consume Fail: 0
Current Time: 2026-08-29 02:08:31,472 | Consume TPS: 0 | AVG(B2C) RT(ms):     NaN | AVG(S2C) RT(ms):     NaN | MAX(B2C) RT(ms): 0 | MAX(S2C) RT(ms): 0 | Consume Fail: 0
Current Time: 2026-08-29 02:08:41,472 | Consume TPS: 1712 | AVG(B2C) RT(ms):   5.663 | AVG(S2C) RT(ms):   3.689 | MAX(B2C) RT(ms): 50 | MAX(S2C) RT(ms): 48 | Consume Fail: 0
Current Time: 2026-08-29 02:08:51,472 | Consume TPS: 3515 | AVG(B2C) RT(ms):   3.383 | AVG(S2C) RT(ms):   2.283 | MAX(B2C) RT(ms): 26 | MAX(S2C) RT(ms): 24 | Consume Fail: 0
Current Time: 2026-08-29 02:09:01,472 | Consume TPS: 3578 | AVG(B2C) RT(ms):   3.351 | AVG(S2C) RT(ms):   2.253 | MAX(B2C) RT(ms): 26 | MAX(S2C) RT(ms): 26 | Consume Fail: 0
Current Time: 2026-08-29 02:09:11,472 | Consume TPS: 3664 | AVG(B2C) RT(ms):   3.381 | AVG(S2C) RT(ms):   2.317 | MAX(B2C) RT(ms): 374 | MAX(S2C) RT(ms): 372 | Consume Fail: 0
Current Time: 2026-08-29 02:09:21,472 | Consume TPS: 3148 | AVG(B2C) RT(ms):   3.821 | AVG(S2C) RT(ms):   2.519 | MAX(B2C) RT(ms): 831 | MAX(S2C) RT(ms): 830 | Consume Fail: 0
Current Time: 2026-08-29 02:09:31,484 | Consume TPS: 788 | AVG(B2C) RT(ms):  40.905 | AVG(S2C) RT(ms):  34.885 | MAX(B2C) RT(ms): 3873 | MAX(S2C) RT(ms): 3868 | Consume Fail: 0
Current Time: 2026-08-29 02:09:41,472 | Consume TPS: 1458 | AVG(B2C) RT(ms):  11.657 | AVG(S2C) RT(ms):   8.438 | MAX(B2C) RT(ms): 2386 | MAX(S2C) RT(ms): 2384 | Consume Fail: 0
Current Time: 2026-08-29 02:09:51,472 | Consume TPS: 3435 | AVG(B2C) RT(ms):   3.379 | AVG(S2C) RT(ms):   2.248 | MAX(B2C) RT(ms): 231 | MAX(S2C) RT(ms): 230 | Consume Fail: 0
Current Time: 2026-08-29 02:10:01,472 | Consume TPS: 3469 | AVG(B2C) RT(ms):   3.296 | AVG(S2C) RT(ms):   2.189 | MAX(B2C) RT(ms): 257 | MAX(S2C) RT(ms): 256 | Consume Fail: 0
Current Time: 2026-08-29 02:10:11,472 | Consume TPS: 3705 | AVG(B2C) RT(ms):   3.351 | AVG(S2C) RT(ms):   2.295 | MAX(B2C) RT(ms): 300 | MAX(S2C) RT(ms): 299 | Consume Fail: 0
Current Time: 2026-08-29 02:10:21,473 | Consume TPS: 2002 | AVG(B2C) RT(ms):   7.245 | AVG(S2C) RT(ms):   5.078 | MAX(B2C) RT(ms): 399 | MAX(S2C) RT(ms): 379 | Consume Fail: 0
Current Time: 2026-08-29 02:10:31,473 | Consume TPS: 3654 | AVG(B2C) RT(ms):   3.939 | AVG(S2C) RT(ms):   2.858 | MAX(B2C) RT(ms): 101 | MAX(S2C) RT(ms): 100 | Consume Fail: 0
Current Time: 2026-08-29 02:10:41,472 | Consume TPS: 3605 | AVG(B2C) RT(ms):   3.411 | AVG(S2C) RT(ms):   2.321 | MAX(B2C) RT(ms): 763 | MAX(S2C) RT(ms): 761 | Consume Fail: 0
Current Time: 2026-08-29 02:10:51,472 | Consume TPS: 3437 | AVG(B2C) RT(ms):   3.696 | AVG(S2C) RT(ms):   2.534 | MAX(B2C) RT(ms): 72 | MAX(S2C) RT(ms): 71 | Consume Fail: 0
Current Time: 2026-08-29 02:11:01,472 | Consume TPS: 3691 | AVG(B2C) RT(ms):   3.495 | AVG(S2C) RT(ms):   2.428 | MAX(B2C) RT(ms): 964 | MAX(S2C) RT(ms): 963 | Consume Fail: 0
Current Time: 2026-08-29 02:11:11,472 | Consume TPS: 3775 | AVG(B2C) RT(ms):   3.259 | AVG(S2C) RT(ms):   2.214 | MAX(B2C) RT(ms): 77 | MAX(S2C) RT(ms): 76 | Consume Fail: 0
Current Time: 2026-08-29 02:11:21,472 | Consume TPS: 3737 | AVG(B2C) RT(ms):   3.265 | AVG(S2C) RT(ms):   2.206 | MAX(B2C) RT(ms): 26 | MAX(S2C) RT(ms): 20 | Consume Fail: 0
Current Time: 2026-08-29 02:11:31,473 | Consume TPS: 3504 | AVG(B2C) RT(ms):   3.494 | AVG(S2C) RT(ms):   2.356 | MAX(B2C) RT(ms): 761 | MAX(S2C) RT(ms): 761 | Consume Fail: 0
Current Time: 2026-08-29 02:11:41,472 | Consume TPS: 3681 | AVG(B2C) RT(ms):   3.305 | AVG(S2C) RT(ms):   2.226 | MAX(B2C) RT(ms): 258 | MAX(S2C) RT(ms): 257 | Consume Fail: 0
Current Time: 2026-08-29 02:11:51,472 | Consume TPS: 3759 | AVG(B2C) RT(ms):   3.344 | AVG(S2C) RT(ms):   2.301 | MAX(B2C) RT(ms): 753 | MAX(S2C) RT(ms): 752 | Consume Fail: 0
Current Time: 2026-08-29 02:12:01,472 | Consume TPS: 3672 | AVG(B2C) RT(ms):   3.445 | AVG(S2C) RT(ms):   2.379 | MAX(B2C) RT(ms): 848 | MAX(S2C) RT(ms): 847 | Consume Fail: 0
Current Time: 2026-08-29 02:12:11,472 | Consume TPS: 3719 | AVG(B2C) RT(ms):   3.293 | AVG(S2C) RT(ms):   2.225 | MAX(B2C) RT(ms): 31 | MAX(S2C) RT(ms): 30 | Consume Fail: 0
Current Time: 2026-08-29 02:12:21,473 | Consume TPS: 3665 | AVG(B2C) RT(ms):   3.391 | AVG(S2C) RT(ms):   2.316 | MAX(B2C) RT(ms): 262 | MAX(S2C) RT(ms): 261 | Consume Fail: 0
Current Time: 2026-08-29 02:12:31,473 | Consume TPS: 3563 | AVG(B2C) RT(ms):   3.497 | AVG(S2C) RT(ms):   2.383 | MAX(B2C) RT(ms): 245 | MAX(S2C) RT(ms): 243 | Consume Fail: 0
Current Time: 2026-08-29 02:12:41,472 | Consume TPS: 3738 | AVG(B2C) RT(ms):   3.344 | AVG(S2C) RT(ms):   2.290 | MAX(B2C) RT(ms): 28 | MAX(S2C) RT(ms): 28 | Consume Fail: 0
Current Time: 2026-08-29 02:12:51,472 | Consume TPS: 3677 | AVG(B2C) RT(ms):   3.369 | AVG(S2C) RT(ms):   2.296 | MAX(B2C) RT(ms): 840 | MAX(S2C) RT(ms): 838 | Consume Fail: 0
Current Time: 2026-08-29 02:13:01,472 | Consume TPS: 3701 | AVG(B2C) RT(ms):   3.344 | AVG(S2C) RT(ms):   2.275 | MAX(B2C) RT(ms): 28 | MAX(S2C) RT(ms): 27 | Consume Fail: 0
Current Time: 2026-08-29 02:13:11,472 | Consume TPS: 3723 | AVG(B2C) RT(ms):   3.296 | AVG(S2C) RT(ms):   2.232 | MAX(B2C) RT(ms): 569 | MAX(S2C) RT(ms): 568 | Consume Fail: 0
Current Time: 2026-08-29 02:13:21,472 | Consume TPS: 3623 | AVG(B2C) RT(ms):   3.426 | AVG(S2C) RT(ms):   2.332 | MAX(B2C) RT(ms): 26 | MAX(S2C) RT(ms): 18 | Consume Fail: 0
Current Time: 2026-08-29 02:13:31,472 | Consume TPS: 3301 | AVG(B2C) RT(ms):   3.326 | AVG(S2C) RT(ms):   2.256 | MAX(B2C) RT(ms): 27 | MAX(S2C) RT(ms): 20 | Consume Fail: 0
Current Time: 2026-08-29 02:13:41,472 | Consume TPS: 0 | AVG(B2C) RT(ms):     NaN | AVG(S2C) RT(ms):     NaN | MAX(B2C) RT(ms): 0 | MAX(S2C) RT(ms): 0 | Consume Fail: 0
Current Time: 2026-08-29 02:13:51,472 | Consume TPS: 0 | AVG(B2C) RT(ms):     NaN | AVG(S2C) RT(ms):     NaN | MAX(B2C) RT(ms): 0 | MAX(S2C) RT(ms): 0 | Consume Fail: 0
Current Time: 2026-08-29 02:14:01,472 | Consume TPS: 0 | AVG(B2C) RT(ms):     NaN | AVG(S2C) RT(ms):     NaN | MAX(B2C) RT(ms): 0 | MAX(S2C) RT(ms): 0 | Consume Fail: 0
