RESULT S-A-fill fillrandom   :      13.059 micros/op 76573 ops/sec 261.188 seconds 20000000 operations;    8.5 MB/s
RESULT F-A-fill fillrandom   :      11.224 micros/op 89091 ops/sec 224.487 seconds 20000000 operations;    9.9 MB/s
RESULT R-A-fill fillrandom   :      11.769 micros/op 84966 ops/sec 235.386 seconds 20000000 operations;    9.4 MB/s
RESULT S-A-fill fillrandom   :      12.358 micros/op 80917 ops/sec 247.166 seconds 20000000 operations;    9.0 MB/s
RESULT F-A-fill fillrandom   :      11.315 micros/op 88375 ops/sec 226.306 seconds 20000000 operations;    9.8 MB/s
RESULT R-A-fill fillrandom   :      11.311 micros/op 88408 ops/sec 226.222 seconds 20000000 operations;    9.8 MB/s
RESULT W readrandom   :      64.744 micros/op 122844 ops/sec 130.246 seconds 16000000 operations;    9.2 MB/s (2000000 of 2000000 found)
RESULT S-A-read-t8 readrandom   :      50.192 micros/op 158427 ops/sec 100.993 seconds 16000000 operations;   11.9 MB/s (2000000 of 2000000 found)
RESULT S-A-seek-t8 seekrandom   :      87.878 micros/op 90727 ops/sec 44.088 seconds 4000000 operations;  100.4 MB/s (408308 of 500000 found)
RESULT F-A-read-t8 readrandom   :      48.091 micros/op 165703 ops/sec 96.558 seconds 16000000 operations;   12.4 MB/s (2000000 of 2000000 found)
RESULT F-A-seek-t8 seekrandom   :      87.005 micros/op 91109 ops/sec 43.903 seconds 4000000 operations;  100.8 MB/s (408308 of 500000 found)
RESULT R-A-read-t8 readrandom   :      47.614 micros/op 167291 ops/sec 95.642 seconds 16000000 operations;   12.5 MB/s (2000000 of 2000000 found)
RESULT R-A-seek-t8 seekrandom   :      86.724 micros/op 91759 ops/sec 43.592 seconds 4000000 operations;  101.5 MB/s (408308 of 500000 found)
RESULT S-A-read-t8 readrandom   :      49.035 micros/op 162377 ops/sec 98.536 seconds 16000000 operations;   12.2 MB/s (2000000 of 2000000 found)
RESULT S-A-seek-t8 seekrandom   :      87.362 micros/op 90764 ops/sec 44.070 seconds 4000000 operations;  100.4 MB/s (408308 of 500000 found)
RESULT F-A-read-t8 readrandom   :      49.470 micros/op 160760 ops/sec 99.527 seconds 16000000 operations;   12.1 MB/s (2000000 of 2000000 found)
RESULT F-A-seek-t8 seekrandom   :      86.558 micros/op 92013 ops/sec 43.472 seconds 4000000 operations;  101.8 MB/s (408308 of 500000 found)
RESULT R-A-read-t8 readrandom   :      48.161 micros/op 165512 ops/sec 96.669 seconds 16000000 operations;   12.4 MB/s (2000000 of 2000000 found)
RESULT R-A-seek-t8 seekrandom   :      85.290 micros/op 93196 ops/sec 42.920 seconds 4000000 operations;  103.1 MB/s (408308 of 500000 found)
RESULT S-A-read-t8 readrandom   :      48.856 micros/op 162768 ops/sec 98.299 seconds 16000000 operations;   12.2 MB/s (2000000 of 2000000 found)
RESULT S-A-seek-t8 seekrandom   :      88.054 micros/op 90546 ops/sec 44.176 seconds 4000000 operations;  100.2 MB/s (408308 of 500000 found)
RESULT F-A-read-t8 readrandom   :      48.792 micros/op 163245 ops/sec 98.012 seconds 16000000 operations;   12.2 MB/s (2000000 of 2000000 found)
RESULT F-A-seek-t8 seekrandom   :      88.119 micros/op 90250 ops/sec 44.321 seconds 4000000 operations;   99.8 MB/s (408308 of 500000 found)
RESULT R-A-read-t8 readrandom   :      48.234 micros/op 165090 ops/sec 96.916 seconds 16000000 operations;   12.4 MB/s (2000000 of 2000000 found)
RESULT R-A-seek-t8 seekrandom   :      86.143 micros/op 92141 ops/sec 43.411 seconds 4000000 operations;  101.9 MB/s (408308 of 500000 found)
RESULT S-A-read-t8 readrandom   :      48.844 micros/op 163072 ops/sec 98.116 seconds 16000000 operations;   12.2 MB/s (2000000 of 2000000 found)
RESULT S-A-seek-t8 seekrandom   :      87.840 micros/op 90845 ops/sec 44.031 seconds 4000000 operations;  100.5 MB/s (408308 of 500000 found)
RESULT F-A-read-t8 readrandom   :      48.005 micros/op 166035 ops/sec 96.365 seconds 16000000 operations;   12.5 MB/s (2000000 of 2000000 found)
RESULT F-A-seek-t8 seekrandom   :      85.788 micros/op 92910 ops/sec 43.052 seconds 4000000 operations;  102.8 MB/s (408308 of 500000 found)
RESULT R-A-read-t8 readrandom   :      47.845 micros/op 166240 ops/sec 96.246 seconds 16000000 operations;   12.5 MB/s (2000000 of 2000000 found)
RESULT R-A-seek-t8 seekrandom   :      85.466 micros/op 93242 ops/sec 42.899 seconds 4000000 operations;  103.2 MB/s (408308 of 500000 found)
RESULT S-A-read-t8 readrandom   :      50.068 micros/op 159205 ops/sec 100.499 seconds 16000000 operations;   11.9 MB/s (2000000 of 2000000 found)
RESULT S-A-seek-t8 seekrandom   :      87.607 micros/op 90902 ops/sec 44.003 seconds 4000000 operations;  100.6 MB/s (408308 of 500000 found)
RESULT F-A-read-t8 readrandom   :      48.208 micros/op 165084 ops/sec 96.920 seconds 16000000 operations;   12.4 MB/s (2000000 of 2000000 found)
RESULT F-A-seek-t8 seekrandom   :      90.302 micros/op 87996 ops/sec 45.456 seconds 4000000 operations;   97.3 MB/s (408308 of 500000 found)
RESULT R-A-read-t8 readrandom   :      47.783 micros/op 166384 ops/sec 96.163 seconds 16000000 operations;   12.5 MB/s (2000000 of 2000000 found)
RESULT R-A-seek-t8 seekrandom   :      85.107 micros/op 93123 ops/sec 42.953 seconds 4000000 operations;  103.0 MB/s (408308 of 500000 found)
RESULT S-A-read-t1 readrandom   :      41.246 micros/op 24244 ops/sec 82.492 seconds 2000000 operations;    2.7 MB/s (2000000 of 2000000 found)
RESULT S-A-seek-t1 seekrandom   :      75.796 micros/op 13193 ops/sec 37.898 seconds 500000 operations;   14.6 MB/s (408308 of 500000 found)
RESULT F-A-read-t1 readrandom   :      39.113 micros/op 25567 ops/sec 78.226 seconds 2000000 operations;    2.8 MB/s (2000000 of 2000000 found)
RESULT F-A-seek-t1 seekrandom   :      74.012 micros/op 13511 ops/sec 37.006 seconds 500000 operations;   14.9 MB/s (408308 of 500000 found)
RESULT R-A-read-t1 readrandom   :      39.142 micros/op 25548 ops/sec 78.284 seconds 2000000 operations;    2.8 MB/s (2000000 of 2000000 found)
RESULT R-A-seek-t1 seekrandom   :      73.685 micros/op 13571 ops/sec 36.843 seconds 500000 operations;   15.0 MB/s (408308 of 500000 found)
RESULT S-A-read-t1 readrandom   :      41.833 micros/op 23904 ops/sec 83.665 seconds 2000000 operations;    2.6 MB/s (2000000 of 2000000 found)
RESULT S-A-seek-t1 seekrandom   :      75.571 micros/op 13232 ops/sec 37.786 seconds 500000 operations;   14.6 MB/s (408308 of 500000 found)
RESULT F-A-read-t1 readrandom   :      39.806 micros/op 25121 ops/sec 79.613 seconds 2000000 operations;    2.8 MB/s (2000000 of 2000000 found)
RESULT F-A-seek-t1 seekrandom   :      74.372 micros/op 13445 ops/sec 37.186 seconds 500000 operations;   14.9 MB/s (408308 of 500000 found)
RESULT R-A-read-t1 readrandom   :      39.605 micros/op 25249 ops/sec 79.210 seconds 2000000 operations;    2.8 MB/s (2000000 of 2000000 found)
RESULT R-A-seek-t1 seekrandom   :      72.751 micros/op 13745 ops/sec 36.376 seconds 500000 operations;   15.2 MB/s (408308 of 500000 found)
RESULT S-A-read-t1 readrandom   :      41.353 micros/op 24181 ops/sec 82.707 seconds 2000000 operations;    2.7 MB/s (2000000 of 2000000 found)
RESULT S-A-seek-t1 seekrandom   :      75.304 micros/op 13279 ops/sec 37.652 seconds 500000 operations;   14.7 MB/s (408308 of 500000 found)
RESULT F-A-read-t1 readrandom   :      40.230 micros/op 24857 ops/sec 80.460 seconds 2000000 operations;    2.7 MB/s (2000000 of 2000000 found)
RESULT F-A-seek-t1 seekrandom   :      73.675 micros/op 13573 ops/sec 36.838 seconds 500000 operations;   15.0 MB/s (408308 of 500000 found)
RESULT R-A-read-t1 readrandom   :      39.861 micros/op 25087 ops/sec 79.721 seconds 2000000 operations;    2.8 MB/s (2000000 of 2000000 found)
RESULT R-A-seek-t1 seekrandom   :      72.036 micros/op 13882 ops/sec 36.018 seconds 500000 operations;   15.4 MB/s (408308 of 500000 found)
RESULT S-B-fill fillrandom   :      12.324 micros/op 81142 ops/sec 246.479 seconds 20000000 operations;    9.0 MB/s
RESULT F-B-fill fillrandom   :      11.734 micros/op 85220 ops/sec 234.686 seconds 20000000 operations;    9.4 MB/s
RESULT R-B-fill fillrandom   :      12.222 micros/op 81822 ops/sec 244.432 seconds 20000000 operations;    9.1 MB/s
RESULT S-B-fill fillrandom   :      12.470 micros/op 80190 ops/sec 249.408 seconds 20000000 operations;    8.9 MB/s
RESULT F-B-fill fillrandom   :      11.712 micros/op 85381 ops/sec 234.242 seconds 20000000 operations;    9.4 MB/s
RESULT R-B-fill fillrandom   :      12.060 micros/op 82919 ops/sec 241.197 seconds 20000000 operations;    9.2 MB/s
RESULT W readrandom   :      21.819 micros/op 303242 ops/sec 52.763 seconds 16000000 operations;   22.7 MB/s (2000000 of 2000000 found)
RESULT S-B-read-t8 readrandom   :      13.237 micros/op 446535 ops/sec 35.831 seconds 16000000 operations;   33.5 MB/s (2000000 of 2000000 found)
RESULT S-B-seek-t8 seekrandom   :      48.157 micros/op 164711 ops/sec 24.285 seconds 4000000 operations;  182.2 MB/s (408308 of 500000 found)
RESULT F-B-read-t8 readrandom   :      12.428 micros/op 482031 ops/sec 33.193 seconds 16000000 operations;   36.2 MB/s (2000000 of 2000000 found)
RESULT F-B-seek-t8 seekrandom   :      46.635 micros/op 170311 ops/sec 23.486 seconds 4000000 operations;  188.4 MB/s (408308 of 500000 found)
RESULT R-B-read-t8 readrandom   :      12.375 micros/op 483053 ops/sec 33.123 seconds 16000000 operations;   36.2 MB/s (2000000 of 2000000 found)
RESULT R-B-seek-t8 seekrandom   :      45.756 micros/op 173148 ops/sec 23.102 seconds 4000000 operations;  191.5 MB/s (408308 of 500000 found)
RESULT S-B-read-t8 readrandom   :      13.007 micros/op 455120 ops/sec 35.156 seconds 16000000 operations;   34.1 MB/s (2000000 of 2000000 found)
RESULT S-B-seek-t8 seekrandom   :      48.746 micros/op 162801 ops/sec 24.570 seconds 4000000 operations;  180.1 MB/s (408308 of 500000 found)
RESULT F-B-read-t8 readrandom   :      12.371 micros/op 481238 ops/sec 33.248 seconds 16000000 operations;   36.1 MB/s (2000000 of 2000000 found)
RESULT F-B-seek-t8 seekrandom   :      46.209 micros/op 170328 ops/sec 23.484 seconds 4000000 operations;  188.4 MB/s (408308 of 500000 found)
RESULT R-B-read-t8 readrandom   :      12.449 micros/op 477270 ops/sec 33.524 seconds 16000000 operations;   35.8 MB/s (2000000 of 2000000 found)
RESULT R-B-seek-t8 seekrandom   :      45.857 micros/op 173445 ops/sec 23.062 seconds 4000000 operations;  191.9 MB/s (408308 of 500000 found)
RESULT S-B-read-t8 readrandom   :      13.088 micros/op 449739 ops/sec 35.576 seconds 16000000 operations;   33.7 MB/s (2000000 of 2000000 found)
RESULT S-B-seek-t8 seekrandom   :      47.809 micros/op 166275 ops/sec 24.056 seconds 4000000 operations;  183.9 MB/s (408308 of 500000 found)
RESULT F-B-read-t8 readrandom   :      12.459 micros/op 475845 ops/sec 33.624 seconds 16000000 operations;   35.7 MB/s (2000000 of 2000000 found)
RESULT F-B-seek-t8 seekrandom   :      46.896 micros/op 168976 ops/sec 23.672 seconds 4000000 operations;  186.9 MB/s (408308 of 500000 found)
RESULT R-B-read-t8 readrandom   :      12.344 micros/op 482635 ops/sec 33.151 seconds 16000000 operations;   36.2 MB/s (2000000 of 2000000 found)
RESULT R-B-seek-t8 seekrandom   :      46.096 micros/op 171845 ops/sec 23.277 seconds 4000000 operations;  190.1 MB/s (408308 of 500000 found)
RESULT S-B-read-t8 readrandom   :      13.167 micros/op 451588 ops/sec 35.430 seconds 16000000 operations;   33.9 MB/s (2000000 of 2000000 found)
RESULT S-B-seek-t8 seekrandom   :      47.964 micros/op 165520 ops/sec 24.166 seconds 4000000 operations;  183.1 MB/s (408308 of 500000 found)
RESULT F-B-read-t8 readrandom   :      12.471 micros/op 476295 ops/sec 33.593 seconds 16000000 operations;   35.7 MB/s (2000000 of 2000000 found)
RESULT F-B-seek-t8 seekrandom   :      46.275 micros/op 171124 ops/sec 23.375 seconds 4000000 operations;  189.3 MB/s (408308 of 500000 found)
RESULT R-B-read-t8 readrandom   :      12.349 micros/op 481272 ops/sec 33.245 seconds 16000000 operations;   36.1 MB/s (2000000 of 2000000 found)
RESULT R-B-seek-t8 seekrandom   :      45.947 micros/op 172453 ops/sec 23.195 seconds 4000000 operations;  190.8 MB/s (408308 of 500000 found)
RESULT S-B-read-t8 readrandom   :      13.037 micros/op 459720 ops/sec 34.804 seconds 16000000 operations;   34.5 MB/s (2000000 of 2000000 found)
RESULT S-B-seek-t8 seekrandom   :      48.212 micros/op 164728 ops/sec 24.282 seconds 4000000 operations;  182.2 MB/s (408308 of 500000 found)
RESULT F-B-read-t8 readrandom   :      12.330 micros/op 485171 ops/sec 32.978 seconds 16000000 operations;   36.4 MB/s (2000000 of 2000000 found)
RESULT F-B-seek-t8 seekrandom   :      46.060 micros/op 172499 ops/sec 23.189 seconds 4000000 operations;  190.8 MB/s (408308 of 500000 found)
RESULT R-B-read-t8 readrandom   :      12.433 micros/op 481740 ops/sec 33.213 seconds 16000000 operations;   36.1 MB/s (2000000 of 2000000 found)
RESULT R-B-seek-t8 seekrandom   :      46.038 micros/op 172362 ops/sec 23.207 seconds 4000000 operations;  190.7 MB/s (408308 of 500000 found)
RESULT S-B-read-t1 readrandom   :      15.437 micros/op 64779 ops/sec 30.874 seconds 2000000 operations;    7.2 MB/s (2000000 of 2000000 found)
RESULT S-B-seek-t1 seekrandom   :      47.841 micros/op 20902 ops/sec 23.920 seconds 500000 operations;   23.1 MB/s (408308 of 500000 found)
RESULT F-B-read-t1 readrandom   :      14.452 micros/op 69196 ops/sec 28.903 seconds 2000000 operations;    7.7 MB/s (2000000 of 2000000 found)
RESULT F-B-seek-t1 seekrandom   :      45.516 micros/op 21970 ops/sec 22.758 seconds 500000 operations;   24.3 MB/s (408308 of 500000 found)
RESULT R-B-read-t1 readrandom   :      14.209 micros/op 70378 ops/sec 28.418 seconds 2000000 operations;    7.8 MB/s (2000000 of 2000000 found)
RESULT R-B-seek-t1 seekrandom   :      45.412 micros/op 22020 ops/sec 22.706 seconds 500000 operations;   24.4 MB/s (408308 of 500000 found)
RESULT S-B-read-t1 readrandom   :      15.375 micros/op 65041 ops/sec 30.749 seconds 2000000 operations;    7.2 MB/s (2000000 of 2000000 found)
RESULT S-B-seek-t1 seekrandom   :      47.095 micros/op 21233 ops/sec 23.547 seconds 500000 operations;   23.5 MB/s (408308 of 500000 found)
RESULT F-B-read-t1 readrandom   :      14.146 micros/op 70691 ops/sec 28.292 seconds 2000000 operations;    7.8 MB/s (2000000 of 2000000 found)
RESULT F-B-seek-t1 seekrandom   :      45.069 micros/op 22188 ops/sec 22.534 seconds 500000 operations;   24.5 MB/s (408308 of 500000 found)
RESULT R-B-read-t1 readrandom   :      14.136 micros/op 70742 ops/sec 28.271 seconds 2000000 operations;    7.8 MB/s (2000000 of 2000000 found)
RESULT R-B-seek-t1 seekrandom   :      45.261 micros/op 22094 ops/sec 22.630 seconds 500000 operations;   24.4 MB/s (408308 of 500000 found)
RESULT S-B-read-t1 readrandom   :      15.252 micros/op 65563 ops/sec 30.505 seconds 2000000 operations;    7.3 MB/s (2000000 of 2000000 found)
RESULT S-B-seek-t1 seekrandom   :      47.737 micros/op 20948 ops/sec 23.868 seconds 500000 operations;   23.2 MB/s (408308 of 500000 found)
RESULT F-B-read-t1 readrandom   :      14.589 micros/op 68544 ops/sec 29.178 seconds 2000000 operations;    7.6 MB/s (2000000 of 2000000 found)
RESULT F-B-seek-t1 seekrandom   :      45.729 micros/op 21867 ops/sec 22.864 seconds 500000 operations;   24.2 MB/s (408308 of 500000 found)
RESULT R-B-read-t1 readrandom   :      14.287 micros/op 69995 ops/sec 28.573 seconds 2000000 operations;    7.7 MB/s (2000000 of 2000000 found)
RESULT R-B-seek-t1 seekrandom   :      45.088 micros/op 22178 ops/sec 22.544 seconds 500000 operations;   24.5 MB/s (408308 of 500000 found)
FINAL3_DONE
