topic: BenchmarkTest, threadCount 20, group: benchmark_consumer, suffix: false, filterType: null, expression: null, msgTraceEnable: false, aclEnable: false, reportInterval: 10000
Consumer Started.
Current Time: 2026-08-29 01:55:21,478 | Consume TPS: 0 | AVG(B2C) RT(ms):     NaN | AVG(S2C) RT(ms):     NaN | MAX(B2C) RT(ms): 0 | MAX(S2C) RT(ms): 0 | Consume Fail: 0
Current Time: 2026-08-29 01:55:31,478 | Consume TPS: 411 | AVG(B2C) RT(ms):  29.200 | AVG(S2C) RT(ms):  21.539 | MAX(B2C) RT(ms): 269 | MAX(S2C) RT(ms): 246 | Consume Fail: 0
Current Time: 2026-08-29 01:55:41,478 | Consume TPS: 1183 | AVG(B2C) RT(ms):  10.337 | AVG(S2C) RT(ms):   7.070 | MAX(B2C) RT(ms): 73 | MAX(S2C) RT(ms): 68 | Consume Fail: 0
Current Time: 2026-08-29 01:55:51,478 | Consume TPS: 3264 | AVG(B2C) RT(ms):   3.717 | AVG(S2C) RT(ms):   2.547 | MAX(B2C) RT(ms): 242 | MAX(S2C) RT(ms): 240 | Consume Fail: 0
Current Time: 2026-08-29 01:56:01,479 | Consume TPS: 3159 | AVG(B2C) RT(ms):   3.811 | AVG(S2C) RT(ms):   2.591 | MAX(B2C) RT(ms): 152 | MAX(S2C) RT(ms): 151 | Consume Fail: 0
Current Time: 2026-08-29 01:56:11,478 | Consume TPS: 1454 | AVG(B2C) RT(ms):   3.443 | AVG(S2C) RT(ms):   2.346 | MAX(B2C) RT(ms): 42 | MAX(S2C) RT(ms): 39 | Consume Fail: 0
Current Time: 2026-08-29 01:56:21,478 | Consume TPS: 0 | AVG(B2C) RT(ms):     NaN | AVG(S2C) RT(ms):     NaN | MAX(B2C) RT(ms): 0 | MAX(S2C) RT(ms): 0 | Consume Fail: 0
Current Time: 2026-08-29 01:56:31,478 | Consume TPS: 0 | AVG(B2C) RT(ms):     NaN | AVG(S2C) RT(ms):     NaN | MAX(B2C) RT(ms): 0 | MAX(S2C) RT(ms): 0 | Consume Fail: 0
Current Time: 2026-08-29 01:56:41,478 | Consume TPS: 1762 | AVG(B2C) RT(ms):   5.430 | AVG(S2C) RT(ms):   3.534 | MAX(B2C) RT(ms): 73 | MAX(S2C) RT(ms): 66 | Consume Fail: 0
Current Time: 2026-08-29 01:56:51,478 | Consume TPS: 3493 | AVG(B2C) RT(ms):   3.353 | AVG(S2C) RT(ms):   2.247 | MAX(B2C) RT(ms): 23 | MAX(S2C) RT(ms): 22 | Consume Fail: 0
Current Time: 2026-08-29 01:57:01,478 | Consume TPS: 3552 | AVG(B2C) RT(ms):   3.372 | AVG(S2C) RT(ms):   2.281 | MAX(B2C) RT(ms): 18 | MAX(S2C) RT(ms): 16 | Consume Fail: 0
Current Time: 2026-08-29 01:57:11,478 | Consume TPS: 3541 | AVG(B2C) RT(ms):   3.470 | AVG(S2C) RT(ms):   2.346 | MAX(B2C) RT(ms): 171 | MAX(S2C) RT(ms): 170 | Consume Fail: 0
Current Time: 2026-08-29 01:57:21,478 | Consume TPS: 2993 | AVG(B2C) RT(ms):   5.922 | AVG(S2C) RT(ms):   4.536 | MAX(B2C) RT(ms): 108 | MAX(S2C) RT(ms): 106 | Consume Fail: 0
Current Time: 2026-08-29 01:57:31,478 | Consume TPS: 3659 | AVG(B2C) RT(ms):   3.330 | AVG(S2C) RT(ms):   2.264 | MAX(B2C) RT(ms): 200 | MAX(S2C) RT(ms): 176 | Consume Fail: 0
Current Time: 2026-08-29 01:57:41,478 | Consume TPS: 3670 | AVG(B2C) RT(ms):   3.325 | AVG(S2C) RT(ms):   2.254 | MAX(B2C) RT(ms): 31 | MAX(S2C) RT(ms): 26 | Consume Fail: 0
Current Time: 2026-08-29 01:57:51,478 | Consume TPS: 3753 | AVG(B2C) RT(ms):   3.261 | AVG(S2C) RT(ms):   2.212 | MAX(B2C) RT(ms): 19 | MAX(S2C) RT(ms): 18 | Consume Fail: 0
Current Time: 2026-08-29 01:58:01,478 | Consume TPS: 3477 | AVG(B2C) RT(ms):   3.532 | AVG(S2C) RT(ms):   2.379 | MAX(B2C) RT(ms): 27 | MAX(S2C) RT(ms): 24 | Consume Fail: 0
Current Time: 2026-08-29 01:58:11,478 | Consume TPS: 3701 | AVG(B2C) RT(ms):   3.389 | AVG(S2C) RT(ms):   2.335 | MAX(B2C) RT(ms): 34 | MAX(S2C) RT(ms): 32 | Consume Fail: 0
Current Time: 2026-08-29 01:58:21,478 | Consume TPS: 3706 | AVG(B2C) RT(ms):   3.359 | AVG(S2C) RT(ms):   2.301 | MAX(B2C) RT(ms): 24 | MAX(S2C) RT(ms): 21 | Consume Fail: 0
Current Time: 2026-08-29 01:58:31,478 | Consume TPS: 3764 | AVG(B2C) RT(ms):   3.194 | AVG(S2C) RT(ms):   2.145 | MAX(B2C) RT(ms): 22 | MAX(S2C) RT(ms): 20 | Consume Fail: 0
Current Time: 2026-08-29 01:58:41,478 | Consume TPS: 3743 | AVG(B2C) RT(ms):   3.217 | AVG(S2C) RT(ms):   2.170 | MAX(B2C) RT(ms): 17 | MAX(S2C) RT(ms): 14 | Consume Fail: 0
Current Time: 2026-08-29 01:58:51,478 | Consume TPS: 3554 | AVG(B2C) RT(ms):   3.422 | AVG(S2C) RT(ms):   2.303 | MAX(B2C) RT(ms): 27 | MAX(S2C) RT(ms): 26 | Consume Fail: 0
Current Time: 2026-08-29 01:59:01,478 | Consume TPS: 3698 | AVG(B2C) RT(ms):   3.300 | AVG(S2C) RT(ms):   2.243 | MAX(B2C) RT(ms): 27 | MAX(S2C) RT(ms): 22 | Consume Fail: 0
Current Time: 2026-08-29 01:59:11,478 | Consume TPS: 3764 | AVG(B2C) RT(ms):   3.324 | AVG(S2C) RT(ms):   2.287 | MAX(B2C) RT(ms): 33 | MAX(S2C) RT(ms): 32 | Consume Fail: 0
Current Time: 2026-08-29 01:59:21,478 | Consume TPS: 3664 | AVG(B2C) RT(ms):   3.381 | AVG(S2C) RT(ms):   2.299 | MAX(B2C) RT(ms): 25 | MAX(S2C) RT(ms): 23 | Consume Fail: 0
Current Time: 2026-08-29 01:59:31,480 | Consume TPS: 3734 | AVG(B2C) RT(ms):   3.221 | AVG(S2C) RT(ms):   2.169 | MAX(B2C) RT(ms): 16 | MAX(S2C) RT(ms): 12 | Consume Fail: 0
Current Time: 2026-08-29 01:59:41,478 | Consume TPS: 3657 | AVG(B2C) RT(ms):   3.353 | AVG(S2C) RT(ms):   2.270 | MAX(B2C) RT(ms): 25 | MAX(S2C) RT(ms): 23 | Consume Fail: 0
Current Time: 2026-08-29 01:59:51,478 | Consume TPS: 3685 | AVG(B2C) RT(ms):   3.391 | AVG(S2C) RT(ms):   2.324 | MAX(B2C) RT(ms): 24 | MAX(S2C) RT(ms): 23 | Consume Fail: 0
Current Time: 2026-08-29 02:00:01,478 | Consume TPS: 3621 | AVG(B2C) RT(ms):   3.412 | AVG(S2C) RT(ms):   2.340 | MAX(B2C) RT(ms): 31 | MAX(S2C) RT(ms): 30 | Consume Fail: 0
Current Time: 2026-08-29 02:00:11,478 | Consume TPS: 3755 | AVG(B2C) RT(ms):   3.267 | AVG(S2C) RT(ms):   2.216 | MAX(B2C) RT(ms): 34 | MAX(S2C) RT(ms): 23 | Consume Fail: 0
Current Time: 2026-08-29 02:00:21,478 | Consume TPS: 3697 | AVG(B2C) RT(ms):   3.335 | AVG(S2C) RT(ms):   2.267 | MAX(B2C) RT(ms): 192 | MAX(S2C) RT(ms): 191 | Consume Fail: 0
Current Time: 2026-08-29 02:00:31,478 | Consume TPS: 3693 | AVG(B2C) RT(ms):   3.354 | AVG(S2C) RT(ms):   2.289 | MAX(B2C) RT(ms): 26 | MAX(S2C) RT(ms): 26 | Consume Fail: 0
Current Time: 2026-08-29 02:00:41,479 | Consume TPS: 3723 | AVG(B2C) RT(ms):   3.377 | AVG(S2C) RT(ms):   2.330 | MAX(B2C) RT(ms): 27 | MAX(S2C) RT(ms): 26 | Consume Fail: 0
Current Time: 2026-08-29 02:00:51,478 | Consume TPS: 3698 | AVG(B2C) RT(ms):   3.305 | AVG(S2C) RT(ms):   2.239 | MAX(B2C) RT(ms): 26 | MAX(S2C) RT(ms): 25 | Consume Fail: 0
Current Time: 2026-08-29 02:01:01,478 | Consume TPS: 3698 | AVG(B2C) RT(ms):   3.347 | AVG(S2C) RT(ms):   2.289 | MAX(B2C) RT(ms): 232 | MAX(S2C) RT(ms): 231 | Consume Fail: 0
Current Time: 2026-08-29 02:01:11,478 | Consume TPS: 3714 | AVG(B2C) RT(ms):   3.248 | AVG(S2C) RT(ms):   2.185 | MAX(B2C) RT(ms): 24 | MAX(S2C) RT(ms): 22 | Consume Fail: 0
Current Time: 2026-08-29 02:01:21,478 | Consume TPS: 3740 | AVG(B2C) RT(ms):   3.344 | AVG(S2C) RT(ms):   2.289 | MAX(B2C) RT(ms): 256 | MAX(S2C) RT(ms): 246 | Consume Fail: 0
Current Time: 2026-08-29 02:01:31,478 | Consume TPS: 3233 | AVG(B2C) RT(ms):   3.338 | AVG(S2C) RT(ms):   2.263 | MAX(B2C) RT(ms): 242 | MAX(S2C) RT(ms): 241 | Consume Fail: 0
Current Time: 2026-08-29 02:01:41,478 | Consume TPS: 0 | AVG(B2C) RT(ms):     NaN | AVG(S2C) RT(ms):     NaN | MAX(B2C) RT(ms): 0 | MAX(S2C) RT(ms): 0 | Consume Fail: 0
Current Time: 2026-08-29 02:01:51,478 | Consume TPS: 0 | AVG(B2C) RT(ms):     NaN | AVG(S2C) RT(ms):     NaN | MAX(B2C) RT(ms): 0 | MAX(S2C) RT(ms): 0 | Consume Fail: 0
Current Time: 2026-08-29 02:02:01,478 | Consume TPS: 0 | AVG(B2C) RT(ms):     NaN | AVG(S2C) RT(ms):     NaN | MAX(B2C) RT(ms): 0 | MAX(S2C) RT(ms): 0 | Consume Fail: 0
