topic: BenchmarkTest, threadCount 20, group: benchmark_consumer, suffix: false, filterType: null, expression: null, msgTraceEnable: false, aclEnable: false, reportInterval: 10000
Consumer Started.
Current Time: 2026-08-29 03:41:16,408 | Consume TPS: 0 | AVG(B2C) RT(ms):     NaN | AVG(S2C) RT(ms):     NaN | MAX(B2C) RT(ms): 0 | MAX(S2C) RT(ms): 0 | Consume Fail: 0
Current Time: 2026-08-29 03:41:26,409 | Consume TPS: 280 | AVG(B2C) RT(ms):  36.913 | AVG(S2C) RT(ms):  25.352 | MAX(B2C) RT(ms): 272 | MAX(S2C) RT(ms): 208 | Consume Fail: 0
Current Time: 2026-08-29 03:41:36,410 | Consume TPS: 553 | AVG(B2C) RT(ms):  19.731 | AVG(S2C) RT(ms):  12.120 | MAX(B2C) RT(ms): 138 | MAX(S2C) RT(ms): 91 | Consume Fail: 0
Current Time: 2026-08-29 03:41:46,408 | Consume TPS: 1072 | AVG(B2C) RT(ms):  12.310 | AVG(S2C) RT(ms):   8.183 | MAX(B2C) RT(ms): 85 | MAX(S2C) RT(ms): 75 | Consume Fail: 0
Current Time: 2026-08-29 03:41:56,409 | Consume TPS: 1363 | AVG(B2C) RT(ms):   8.538 | AVG(S2C) RT(ms):   5.090 | MAX(B2C) RT(ms): 74 | MAX(S2C) RT(ms): 67 | Consume Fail: 0
Current Time: 2026-08-29 03:42:06,408 | Consume TPS: 574 | AVG(B2C) RT(ms):   8.988 | AVG(S2C) RT(ms):   5.614 | MAX(B2C) RT(ms): 69 | MAX(S2C) RT(ms): 65 | Consume Fail: 0
Current Time: 2026-08-29 03:42:16,408 | Consume TPS: 0 | AVG(B2C) RT(ms):     NaN | AVG(S2C) RT(ms):     NaN | MAX(B2C) RT(ms): 0 | MAX(S2C) RT(ms): 0 | Consume Fail: 0
Current Time: 2026-08-29 03:42:26,408 | Consume TPS: 0 | AVG(B2C) RT(ms):     NaN | AVG(S2C) RT(ms):     NaN | MAX(B2C) RT(ms): 0 | MAX(S2C) RT(ms): 0 | Consume Fail: 0
Current Time: 2026-08-29 03:42:36,408 | Consume TPS: 731 | AVG(B2C) RT(ms):  11.325 | AVG(S2C) RT(ms):   6.640 | MAX(B2C) RT(ms): 47 | MAX(S2C) RT(ms): 39 | Consume Fail: 0
Current Time: 2026-08-29 03:42:46,408 | Consume TPS: 593 | AVG(B2C) RT(ms):  20.900 | AVG(S2C) RT(ms):  12.592 | MAX(B2C) RT(ms): 369 | MAX(S2C) RT(ms): 288 | Consume Fail: 0
Current Time: 2026-08-29 03:42:56,409 | Consume TPS: 540 | AVG(B2C) RT(ms): 160.331 | AVG(S2C) RT(ms): 152.428 | MAX(B2C) RT(ms): 2614 | MAX(S2C) RT(ms): 2608 | Consume Fail: 0
Current Time: 2026-08-29 03:43:06,408 | Consume TPS: 787 | AVG(B2C) RT(ms):  45.003 | AVG(S2C) RT(ms):  39.320 | MAX(B2C) RT(ms): 2296 | MAX(S2C) RT(ms): 2293 | Consume Fail: 0
Current Time: 2026-08-29 03:43:16,432 | Consume TPS: 333 | AVG(B2C) RT(ms): 322.865 | AVG(S2C) RT(ms): 311.323 | MAX(B2C) RT(ms): 2535 | MAX(S2C) RT(ms): 2532 | Consume Fail: 0
Current Time: 2026-08-29 03:43:26,408 | Consume TPS: 1446 | AVG(B2C) RT(ms):   8.178 | AVG(S2C) RT(ms):   5.018 | MAX(B2C) RT(ms): 1102 | MAX(S2C) RT(ms): 1098 | Consume Fail: 0
Current Time: 2026-08-29 03:43:36,408 | Consume TPS: 1365 | AVG(B2C) RT(ms):  10.763 | AVG(S2C) RT(ms):   7.387 | MAX(B2C) RT(ms): 182 | MAX(S2C) RT(ms): 176 | Consume Fail: 0
Current Time: 2026-08-29 03:43:46,409 | Consume TPS: 1297 | AVG(B2C) RT(ms):   8.197 | AVG(S2C) RT(ms):   4.751 | MAX(B2C) RT(ms): 155 | MAX(S2C) RT(ms): 62 | Consume Fail: 0
Current Time: 2026-08-29 03:43:56,408 | Consume TPS: 1314 | AVG(B2C) RT(ms):   8.200 | AVG(S2C) RT(ms):   4.751 | MAX(B2C) RT(ms): 94 | MAX(S2C) RT(ms): 88 | Consume Fail: 0
Current Time: 2026-08-29 03:44:06,408 | Consume TPS: 1208 | AVG(B2C) RT(ms):  12.857 | AVG(S2C) RT(ms):   9.164 | MAX(B2C) RT(ms): 286 | MAX(S2C) RT(ms): 273 | Consume Fail: 0
Current Time: 2026-08-29 03:44:16,408 | Consume TPS: 1398 | AVG(B2C) RT(ms):   8.936 | AVG(S2C) RT(ms):   5.648 | MAX(B2C) RT(ms): 95 | MAX(S2C) RT(ms): 91 | Consume Fail: 0
Current Time: 2026-08-29 03:44:26,408 | Consume TPS: 1405 | AVG(B2C) RT(ms):   8.121 | AVG(S2C) RT(ms):   4.867 | MAX(B2C) RT(ms): 38 | MAX(S2C) RT(ms): 36 | Consume Fail: 0
Current Time: 2026-08-29 03:44:36,409 | Consume TPS: 1356 | AVG(B2C) RT(ms):   8.647 | AVG(S2C) RT(ms):   5.267 | MAX(B2C) RT(ms): 119 | MAX(S2C) RT(ms): 51 | Consume Fail: 0
Current Time: 2026-08-29 03:44:46,408 | Consume TPS: 1254 | AVG(B2C) RT(ms):  11.621 | AVG(S2C) RT(ms):   8.207 | MAX(B2C) RT(ms): 222 | MAX(S2C) RT(ms): 167 | Consume Fail: 0
Current Time: 2026-08-29 03:44:56,408 | Consume TPS: 1398 | AVG(B2C) RT(ms):   8.257 | AVG(S2C) RT(ms):   5.051 | MAX(B2C) RT(ms): 51 | MAX(S2C) RT(ms): 43 | Consume Fail: 0
Current Time: 2026-08-29 03:45:06,409 | Consume TPS: 1385 | AVG(B2C) RT(ms):   8.742 | AVG(S2C) RT(ms):   5.451 | MAX(B2C) RT(ms): 47 | MAX(S2C) RT(ms): 37 | Consume Fail: 0
Current Time: 2026-08-29 03:45:16,410 | Consume TPS: 1472 | AVG(B2C) RT(ms):   8.949 | AVG(S2C) RT(ms):   5.850 | MAX(B2C) RT(ms): 101 | MAX(S2C) RT(ms): 100 | Consume Fail: 0
Current Time: 2026-08-29 03:45:26,408 | Consume TPS: 1277 | AVG(B2C) RT(ms):   8.213 | AVG(S2C) RT(ms):   4.803 | MAX(B2C) RT(ms): 567 | MAX(S2C) RT(ms): 29 | Consume Fail: 0
Current Time: 2026-08-29 03:45:36,408 | Consume TPS: 1409 | AVG(B2C) RT(ms):   8.379 | AVG(S2C) RT(ms):   5.099 | MAX(B2C) RT(ms): 48 | MAX(S2C) RT(ms): 42 | Consume Fail: 0
Current Time: 2026-08-29 03:45:46,408 | Consume TPS: 1387 | AVG(B2C) RT(ms):   8.480 | AVG(S2C) RT(ms):   5.241 | MAX(B2C) RT(ms): 51 | MAX(S2C) RT(ms): 47 | Consume Fail: 0
Current Time: 2026-08-29 03:45:56,408 | Consume TPS: 1427 | AVG(B2C) RT(ms):   8.192 | AVG(S2C) RT(ms):   4.968 | MAX(B2C) RT(ms): 60 | MAX(S2C) RT(ms): 33 | Consume Fail: 0
Current Time: 2026-08-29 03:46:06,408 | Consume TPS: 1365 | AVG(B2C) RT(ms):   8.786 | AVG(S2C) RT(ms):   5.410 | MAX(B2C) RT(ms): 70 | MAX(S2C) RT(ms): 39 | Consume Fail: 0
Current Time: 2026-08-29 03:46:16,408 | Consume TPS: 1432 | AVG(B2C) RT(ms):   8.324 | AVG(S2C) RT(ms):   5.076 | MAX(B2C) RT(ms): 46 | MAX(S2C) RT(ms): 36 | Consume Fail: 0
Current Time: 2026-08-29 03:46:26,410 | Consume TPS: 1417 | AVG(B2C) RT(ms):   8.705 | AVG(S2C) RT(ms):   5.440 | MAX(B2C) RT(ms): 88 | MAX(S2C) RT(ms): 86 | Consume Fail: 0
Current Time: 2026-08-29 03:46:36,408 | Consume TPS: 1414 | AVG(B2C) RT(ms):   8.547 | AVG(S2C) RT(ms):   5.294 | MAX(B2C) RT(ms): 81 | MAX(S2C) RT(ms): 79 | Consume Fail: 0
Current Time: 2026-08-29 03:46:46,408 | Consume TPS: 1443 | AVG(B2C) RT(ms):   8.373 | AVG(S2C) RT(ms):   5.124 | MAX(B2C) RT(ms): 43 | MAX(S2C) RT(ms): 42 | Consume Fail: 0
Current Time: 2026-08-29 03:46:56,408 | Consume TPS: 1202 | AVG(B2C) RT(ms):   8.353 | AVG(S2C) RT(ms):   4.871 | MAX(B2C) RT(ms): 412 | MAX(S2C) RT(ms): 45 | Consume Fail: 0
Current Time: 2026-08-29 03:47:06,408 | Consume TPS: 1360 | AVG(B2C) RT(ms):   9.448 | AVG(S2C) RT(ms):   6.284 | MAX(B2C) RT(ms): 829 | MAX(S2C) RT(ms): 117 | Consume Fail: 0
Current Time: 2026-08-29 03:47:16,408 | Consume TPS: 1397 | AVG(B2C) RT(ms):   8.501 | AVG(S2C) RT(ms):   5.211 | MAX(B2C) RT(ms): 1023 | MAX(S2C) RT(ms): 44 | Consume Fail: 0
Current Time: 2026-08-29 03:47:26,408 | Consume TPS: 1344 | AVG(B2C) RT(ms):   8.403 | AVG(S2C) RT(ms):   5.054 | MAX(B2C) RT(ms): 48 | MAX(S2C) RT(ms): 43 | Consume Fail: 0
Current Time: 2026-08-29 03:47:36,408 | Consume TPS: 0 | AVG(B2C) RT(ms):     NaN | AVG(S2C) RT(ms):     NaN | MAX(B2C) RT(ms): 71 | MAX(S2C) RT(ms): 38 | Consume Fail: 0
Current Time: 2026-08-29 03:47:46,408 | Consume TPS: 0 | AVG(B2C) RT(ms):     NaN | AVG(S2C) RT(ms):     NaN | MAX(B2C) RT(ms): 0 | MAX(S2C) RT(ms): 0 | Consume Fail: 0
Current Time: 2026-08-29 03:47:56,408 | Consume TPS: 0 | AVG(B2C) RT(ms):     NaN | AVG(S2C) RT(ms):     NaN | MAX(B2C) RT(ms): 0 | MAX(S2C) RT(ms): 0 | Consume Fail: 0
