[==========] Running 100 tests from 7 test cases.
[----------] Global test environment set-up.
[----------] 1 test from PrefetchTest
[ RUN      ] PrefetchTest.PrefetchWithBlockLookupAutoTuneWithPrev
[       OK ] PrefetchTest.PrefetchWithBlockLookupAutoTuneWithPrev (62 ms)
[----------] 1 test from PrefetchTest (62 ms total)

[----------] 7 tests from FilePrefetchBufferTest
[ RUN      ] FilePrefetchBufferTest.SeekWithBlockCacheHit
[       OK ] FilePrefetchBufferTest.SeekWithBlockCacheHit (2 ms)
[ RUN      ] FilePrefetchBufferTest.SeekWithoutAlignment
[       OK ] FilePrefetchBufferTest.SeekWithoutAlignment (1 ms)
[ RUN      ] FilePrefetchBufferTest.NoSyncWithAsyncIO
[       OK ] FilePrefetchBufferTest.NoSyncWithAsyncIO (1 ms)
[ RUN      ] FilePrefetchBufferTest.SyncReadaheadStats
[       OK ] FilePrefetchBufferTest.SyncReadaheadStats (3 ms)
[ RUN      ] FilePrefetchBufferTest.ForCompaction
[       OK ] FilePrefetchBufferTest.ForCompaction (4 ms)
[ RUN      ] FilePrefetchBufferTest.PollErrorPropagation
SKIPPED: Async IO not available (sync fallback used)
[       OK ] FilePrefetchBufferTest.PollErrorPropagation (1 ms)
[ RUN      ] FilePrefetchBufferTest.ReadAsyncSyncFallbackOnNotSupported
[       OK ] FilePrefetchBufferTest.ReadAsyncSyncFallbackOnNotSupported (1 ms)
[----------] 7 tests from FilePrefetchBufferTest (13 ms total)

[----------] 56 tests from PrefetchTest/PrefetchTest
[ RUN      ] PrefetchTest/PrefetchTest.Basic/0
file/prefetch_test.cc:352: Failure
Expected: (post_compaction_prefetch_bytes.max) >= (expected_compaction_readahead_size * 0.9), actual: 1.05677e+06 vs 1.88744e+06
Received signal 11 (Segmentation fault)
Invoking GDB for stack trace...
GDB failed; falling back on backtrace+addr2line...
#0   /home/i3/s2605-check/librocksdb.so.11.1(_ZN7rocksdb6DBImpl11CloseHelperEv+0x110) [0x3fa086f5aa] ??	??:0	
#1   /home/i3/s2605-check/librocksdb.so.11.1(_ZN7rocksdb6DBImpl9CloseImplEv+0x1e) [0x3fa086ff2a] ??	??:0	
#2   /home/i3/s2605-check/librocksdb.so.11.1(_ZN7rocksdb6DBImplD1Ev+0x8f6) [0x3fa087802c] ??	??:0	
#3   /home/i3/s2605-check/librocksdb.so.11.1(_ZN7rocksdb6DBImplD0Ev+0xe) [0x3fa0878074] ??	??:0	
#4   /home/i3/s2605-check/librocksdb_test_debug.so(_ZN7rocksdb10DBTestBaseD1Ev+0xa8) [0x3fa11221f6] ??	??:0	
#5   ./prefetch_test(+0x4a4a4) [0x2ad14324a4] ??	??:0	
#6   /home/i3/s2605-check/librocksdb_test_debug.so(_ZN7testing8internal35HandleExceptionsInMethodIfSupportedINS_4TestEvEET0_PT_MS4_FS3_vEPKc+0x72) [0x3fa11871aa] ??	??:0	
#7   /home/i3/s2605-check/librocksdb_test_debug.so(_ZN7testing8TestInfo3RunEv+0xae) [0x3fa117f7c6] ??	??:0	
#8   /home/i3/s2605-check/librocksdb_test_debug.so(_ZN7testing8TestCase3RunEv+0x86) [0x3fa117f88a] ??	??:0	
#9   /home/i3/s2605-check/librocksdb_test_debug.so(_ZN7testing8internal12UnitTestImpl11RunAllTestsEv+0x394) [0x3fa117fc98] ??	??:0	
#10  /home/i3/s2605-check/librocksdb_test_debug.so(_ZN7testing8internal35HandleExceptionsInMethodIfSupportedINS0_12UnitTestImplEbEET0_PT_MS4_FS3_vEPKc+0x72) [0x3fa1187694] ??	??:0	
#11  /home/i3/s2605-check/librocksdb_test_debug.so(_ZN7testing8UnitTest3RunEv+0x74) [0x3fa117fdda] ??	??:0	
#12  ./prefetch_test(+0x16d5c) [0x2ad13fed5c] ??	??:0	
#13  /usr/lib/riscv64-linux-gnu/libc.so.6(+0x27f82) [0x3fa02a3f82] ??	??:0	
#14  /usr/lib/riscv64-linux-gnu/libc.so.6(__libc_start_main+0x6c) [0x3fa02a406e] ??	??:0	
#15  ./prefetch_test(+0x194a4) [0x2ad14014a4] ??	??:0	
