topic: BenchmarkTest, threadCount 20, group: benchmark_consumer, suffix: false, filterType: null, expression: null, msgTraceEnable: false, aclEnable: false, reportInterval: 10000
Consumer Started.
Current Time: 2026-08-24 04:49:50,713 | Consume TPS: 2343 | AVG(B2C) RT(ms): 85449066.853 | AVG(S2C) RT(ms): 85449066.519 | MAX(B2C) RT(ms): 85461926 | MAX(S2C) RT(ms): 85461923 | Consume Fail: 0
Current Time: 2026-08-24 04:50:00,712 | Consume TPS: 28388 | AVG(B2C) RT(ms): 73769933.398 | AVG(S2C) RT(ms): 73769932.765 | MAX(B2C) RT(ms): 85463939 | MAX(S2C) RT(ms): 85463928 | Consume Fail: 0
Current Time: 2026-08-24 04:50:10,712 | Consume TPS: 3496 | AVG(B2C) RT(ms):   3.670 | AVG(S2C) RT(ms):   2.583 | MAX(B2C) RT(ms): 1124 | MAX(S2C) RT(ms): 1123 | Consume Fail: 0
Current Time: 2026-08-24 04:50:20,712 | Consume TPS: 5429 | AVG(B2C) RT(ms):   2.683 | AVG(S2C) RT(ms):   1.983 | MAX(B2C) RT(ms): 1085 | MAX(S2C) RT(ms): 1084 | Consume Fail: 0
Current Time: 2026-08-24 04:50:30,712 | Consume TPS: 5782 | AVG(B2C) RT(ms):   2.317 | AVG(S2C) RT(ms):   1.656 | MAX(B2C) RT(ms): 885 | MAX(S2C) RT(ms): 885 | Consume Fail: 0
Current Time: 2026-08-24 04:50:40,712 | Consume TPS: 5950 | AVG(B2C) RT(ms):   2.235 | AVG(S2C) RT(ms):   1.586 | MAX(B2C) RT(ms): 744 | MAX(S2C) RT(ms): 743 | Consume Fail: 0
Current Time: 2026-08-24 04:50:50,712 | Consume TPS: 5848 | AVG(B2C) RT(ms):   2.287 | AVG(S2C) RT(ms):   1.622 | MAX(B2C) RT(ms): 118 | MAX(S2C) RT(ms): 118 | Consume Fail: 0
Current Time: 2026-08-24 04:51:00,712 | Consume TPS: 5855 | AVG(B2C) RT(ms):   2.551 | AVG(S2C) RT(ms):   1.898 | MAX(B2C) RT(ms): 52 | MAX(S2C) RT(ms): 51 | Consume Fail: 0
Current Time: 2026-08-24 04:51:10,712 | Consume TPS: 6089 | AVG(B2C) RT(ms):   2.181 | AVG(S2C) RT(ms):   1.553 | MAX(B2C) RT(ms): 22 | MAX(S2C) RT(ms): 21 | Consume Fail: 0
Current Time: 2026-08-24 04:51:20,712 | Consume TPS: 6057 | AVG(B2C) RT(ms):   2.205 | AVG(S2C) RT(ms):   1.573 | MAX(B2C) RT(ms): 149 | MAX(S2C) RT(ms): 148 | Consume Fail: 0
Current Time: 2026-08-24 04:51:30,712 | Consume TPS: 6089 | AVG(B2C) RT(ms):   2.211 | AVG(S2C) RT(ms):   1.578 | MAX(B2C) RT(ms): 136 | MAX(S2C) RT(ms): 135 | Consume Fail: 0
Current Time: 2026-08-24 04:51:40,712 | Consume TPS: 5937 | AVG(B2C) RT(ms):   2.631 | AVG(S2C) RT(ms):   1.986 | MAX(B2C) RT(ms): 780 | MAX(S2C) RT(ms): 779 | Consume Fail: 0
Current Time: 2026-08-24 04:51:50,712 | Consume TPS: 6047 | AVG(B2C) RT(ms):   3.240 | AVG(S2C) RT(ms):   2.604 | MAX(B2C) RT(ms): 129 | MAX(S2C) RT(ms): 129 | Consume Fail: 0
Current Time: 2026-08-24 04:52:00,712 | Consume TPS: 5911 | AVG(B2C) RT(ms):   2.348 | AVG(S2C) RT(ms):   1.696 | MAX(B2C) RT(ms): 181 | MAX(S2C) RT(ms): 181 | Consume Fail: 0
Current Time: 2026-08-24 04:52:10,712 | Consume TPS: 6024 | AVG(B2C) RT(ms):   2.508 | AVG(S2C) RT(ms):   1.862 | MAX(B2C) RT(ms): 203 | MAX(S2C) RT(ms): 203 | Consume Fail: 0
Current Time: 2026-08-24 04:52:20,712 | Consume TPS: 6045 | AVG(B2C) RT(ms):   2.571 | AVG(S2C) RT(ms):   1.931 | MAX(B2C) RT(ms): 205 | MAX(S2C) RT(ms): 205 | Consume Fail: 0
Current Time: 2026-08-24 04:52:30,712 | Consume TPS: 6185 | AVG(B2C) RT(ms):   2.642 | AVG(S2C) RT(ms):   2.023 | MAX(B2C) RT(ms): 737 | MAX(S2C) RT(ms): 736 | Consume Fail: 0
Current Time: 2026-08-24 04:52:40,712 | Consume TPS: 6135 | AVG(B2C) RT(ms):   2.330 | AVG(S2C) RT(ms):   1.702 | MAX(B2C) RT(ms): 701 | MAX(S2C) RT(ms): 700 | Consume Fail: 0
Current Time: 2026-08-24 04:52:50,712 | Consume TPS: 6143 | AVG(B2C) RT(ms):   2.221 | AVG(S2C) RT(ms):   1.599 | MAX(B2C) RT(ms): 69 | MAX(S2C) RT(ms): 69 | Consume Fail: 0
Current Time: 2026-08-24 04:53:00,712 | Consume TPS: 6076 | AVG(B2C) RT(ms):   2.543 | AVG(S2C) RT(ms):   1.908 | MAX(B2C) RT(ms): 88 | MAX(S2C) RT(ms): 87 | Consume Fail: 0
Current Time: 2026-08-24 04:53:10,712 | Consume TPS: 6114 | AVG(B2C) RT(ms):   2.162 | AVG(S2C) RT(ms):   1.531 | MAX(B2C) RT(ms): 96 | MAX(S2C) RT(ms): 95 | Consume Fail: 0
Current Time: 2026-08-24 04:53:20,712 | Consume TPS: 6097 | AVG(B2C) RT(ms):   2.159 | AVG(S2C) RT(ms):   1.530 | MAX(B2C) RT(ms): 72 | MAX(S2C) RT(ms): 72 | Consume Fail: 0
Current Time: 2026-08-24 04:53:30,712 | Consume TPS: 6062 | AVG(B2C) RT(ms):   2.158 | AVG(S2C) RT(ms):   1.528 | MAX(B2C) RT(ms): 13 | MAX(S2C) RT(ms): 12 | Consume Fail: 0
Current Time: 2026-08-24 04:53:40,712 | Consume TPS: 6077 | AVG(B2C) RT(ms):   2.194 | AVG(S2C) RT(ms):   1.564 | MAX(B2C) RT(ms): 171 | MAX(S2C) RT(ms): 170 | Consume Fail: 0
Current Time: 2026-08-24 04:53:50,712 | Consume TPS: 6081 | AVG(B2C) RT(ms):   2.308 | AVG(S2C) RT(ms):   1.671 | MAX(B2C) RT(ms): 77 | MAX(S2C) RT(ms): 76 | Consume Fail: 0
Current Time: 2026-08-24 04:54:00,712 | Consume TPS: 6006 | AVG(B2C) RT(ms):   2.248 | AVG(S2C) RT(ms):   1.603 | MAX(B2C) RT(ms): 64 | MAX(S2C) RT(ms): 63 | Consume Fail: 0
Current Time: 2026-08-24 04:54:10,712 | Consume TPS: 6109 | AVG(B2C) RT(ms):   2.333 | AVG(S2C) RT(ms):   1.709 | MAX(B2C) RT(ms): 89 | MAX(S2C) RT(ms): 88 | Consume Fail: 0
Current Time: 2026-08-24 04:54:20,712 | Consume TPS: 6094 | AVG(B2C) RT(ms):   2.277 | AVG(S2C) RT(ms):   1.641 | MAX(B2C) RT(ms): 67 | MAX(S2C) RT(ms): 67 | Consume Fail: 0
Current Time: 2026-08-24 04:54:30,712 | Consume TPS: 6027 | AVG(B2C) RT(ms):   2.398 | AVG(S2C) RT(ms):   1.754 | MAX(B2C) RT(ms): 292 | MAX(S2C) RT(ms): 292 | Consume Fail: 0
Current Time: 2026-08-24 04:54:40,712 | Consume TPS: 6142 | AVG(B2C) RT(ms):   2.302 | AVG(S2C) RT(ms):   1.676 | MAX(B2C) RT(ms): 262 | MAX(S2C) RT(ms): 261 | Consume Fail: 0
Current Time: 2026-08-24 04:54:50,712 | Consume TPS: 6141 | AVG(B2C) RT(ms):   2.167 | AVG(S2C) RT(ms):   1.546 | MAX(B2C) RT(ms): 300 | MAX(S2C) RT(ms): 299 | Consume Fail: 0
Current Time: 2026-08-24 04:55:00,712 | Consume TPS: 5991 | AVG(B2C) RT(ms):   2.353 | AVG(S2C) RT(ms):   1.710 | MAX(B2C) RT(ms): 279 | MAX(S2C) RT(ms): 278 | Consume Fail: 0
Current Time: 2026-08-24 04:55:10,712 | Consume TPS: 6104 | AVG(B2C) RT(ms):   2.316 | AVG(S2C) RT(ms):   1.682 | MAX(B2C) RT(ms): 342 | MAX(S2C) RT(ms): 342 | Consume Fail: 0
Current Time: 2026-08-24 04:55:20,712 | Consume TPS: 6058 | AVG(B2C) RT(ms):   2.340 | AVG(S2C) RT(ms):   1.709 | MAX(B2C) RT(ms): 302 | MAX(S2C) RT(ms): 301 | Consume Fail: 0
Current Time: 2026-08-24 04:55:30,712 | Consume TPS: 5959 | AVG(B2C) RT(ms):   2.240 | AVG(S2C) RT(ms):   1.583 | MAX(B2C) RT(ms): 80 | MAX(S2C) RT(ms): 79 | Consume Fail: 0
Current Time: 2026-08-24 04:55:40,712 | Consume TPS: 5988 | AVG(B2C) RT(ms):   2.211 | AVG(S2C) RT(ms):   1.571 | MAX(B2C) RT(ms): 27 | MAX(S2C) RT(ms): 26 | Consume Fail: 0
Current Time: 2026-08-24 04:55:50,712 | Consume TPS: 6129 | AVG(B2C) RT(ms):   2.140 | AVG(S2C) RT(ms):   1.520 | MAX(B2C) RT(ms): 11 | MAX(S2C) RT(ms): 10 | Consume Fail: 0
Current Time: 2026-08-24 04:56:00,712 | Consume TPS: 6043 | AVG(B2C) RT(ms):   4.547 | AVG(S2C) RT(ms):   3.906 | MAX(B2C) RT(ms): 153 | MAX(S2C) RT(ms): 152 | Consume Fail: 0
Current Time: 2026-08-24 04:56:10,712 | Consume TPS: 5990 | AVG(B2C) RT(ms):   2.671 | AVG(S2C) RT(ms):   2.025 | MAX(B2C) RT(ms): 52 | MAX(S2C) RT(ms): 51 | Consume Fail: 0
Current Time: 2026-08-24 04:56:20,712 | Consume TPS: 6052 | AVG(B2C) RT(ms):   2.175 | AVG(S2C) RT(ms):   1.534 | MAX(B2C) RT(ms): 33 | MAX(S2C) RT(ms): 32 | Consume Fail: 0
Current Time: 2026-08-24 04:56:30,712 | Consume TPS: 5989 | AVG(B2C) RT(ms):   2.308 | AVG(S2C) RT(ms):   1.653 | MAX(B2C) RT(ms): 160 | MAX(S2C) RT(ms): 159 | Consume Fail: 0
Current Time: 2026-08-24 04:56:40,712 | Consume TPS: 6102 | AVG(B2C) RT(ms):   2.239 | AVG(S2C) RT(ms):   1.608 | MAX(B2C) RT(ms): 130 | MAX(S2C) RT(ms): 129 | Consume Fail: 0
Current Time: 2026-08-24 04:56:50,712 | Consume TPS: 6129 | AVG(B2C) RT(ms):   2.160 | AVG(S2C) RT(ms):   1.530 | MAX(B2C) RT(ms): 14 | MAX(S2C) RT(ms): 13 | Consume Fail: 0
Current Time: 2026-08-24 04:57:00,712 | Consume TPS: 6109 | AVG(B2C) RT(ms):   2.323 | AVG(S2C) RT(ms):   1.697 | MAX(B2C) RT(ms): 34 | MAX(S2C) RT(ms): 33 | Consume Fail: 0
Current Time: 2026-08-24 04:57:10,712 | Consume TPS: 6120 | AVG(B2C) RT(ms):   2.275 | AVG(S2C) RT(ms):   1.649 | MAX(B2C) RT(ms): 40 | MAX(S2C) RT(ms): 39 | Consume Fail: 0
Current Time: 2026-08-24 04:57:20,712 | Consume TPS: 6040 | AVG(B2C) RT(ms):   2.197 | AVG(S2C) RT(ms):   1.557 | MAX(B2C) RT(ms): 164 | MAX(S2C) RT(ms): 164 | Consume Fail: 0
Current Time: 2026-08-24 04:57:30,712 | Consume TPS: 6080 | AVG(B2C) RT(ms):   2.584 | AVG(S2C) RT(ms):   1.952 | MAX(B2C) RT(ms): 322 | MAX(S2C) RT(ms): 321 | Consume Fail: 0
Current Time: 2026-08-24 04:57:40,712 | Consume TPS: 5774 | AVG(B2C) RT(ms):   3.352 | AVG(S2C) RT(ms):   2.675 | MAX(B2C) RT(ms): 185 | MAX(S2C) RT(ms): 184 | Consume Fail: 0
Current Time: 2026-08-24 04:57:50,712 | Consume TPS: 5855 | AVG(B2C) RT(ms):   2.386 | AVG(S2C) RT(ms):   1.734 | MAX(B2C) RT(ms): 354 | MAX(S2C) RT(ms): 353 | Consume Fail: 0
Current Time: 2026-08-24 04:58:00,712 | Consume TPS: 5998 | AVG(B2C) RT(ms):   2.536 | AVG(S2C) RT(ms):   1.892 | MAX(B2C) RT(ms): 284 | MAX(S2C) RT(ms): 283 | Consume Fail: 0
Current Time: 2026-08-24 04:58:10,712 | Consume TPS: 6017 | AVG(B2C) RT(ms):   2.318 | AVG(S2C) RT(ms):   1.671 | MAX(B2C) RT(ms): 264 | MAX(S2C) RT(ms): 264 | Consume Fail: 0
Current Time: 2026-08-24 04:58:20,712 | Consume TPS: 5806 | AVG(B2C) RT(ms):   2.825 | AVG(S2C) RT(ms):   2.153 | MAX(B2C) RT(ms): 354 | MAX(S2C) RT(ms): 353 | Consume Fail: 0
Current Time: 2026-08-24 04:58:30,712 | Consume TPS: 6094 | AVG(B2C) RT(ms):   2.193 | AVG(S2C) RT(ms):   1.558 | MAX(B2C) RT(ms): 336 | MAX(S2C) RT(ms): 335 | Consume Fail: 0
Current Time: 2026-08-24 04:58:40,712 | Consume TPS: 6057 | AVG(B2C) RT(ms):   2.153 | AVG(S2C) RT(ms):   1.517 | MAX(B2C) RT(ms): 23 | MAX(S2C) RT(ms): 22 | Consume Fail: 0
Current Time: 2026-08-24 04:58:50,712 | Consume TPS: 6096 | AVG(B2C) RT(ms):   2.153 | AVG(S2C) RT(ms):   1.524 | MAX(B2C) RT(ms): 13 | MAX(S2C) RT(ms): 11 | Consume Fail: 0
Current Time: 2026-08-24 04:59:00,712 | Consume TPS: 6108 | AVG(B2C) RT(ms):   2.163 | AVG(S2C) RT(ms):   1.531 | MAX(B2C) RT(ms): 16 | MAX(S2C) RT(ms): 15 | Consume Fail: 0
Current Time: 2026-08-24 04:59:10,712 | Consume TPS: 5976 | AVG(B2C) RT(ms):   5.312 | AVG(S2C) RT(ms):   4.660 | MAX(B2C) RT(ms): 181 | MAX(S2C) RT(ms): 180 | Consume Fail: 0
Current Time: 2026-08-24 04:59:20,712 | Consume TPS: 6075 | AVG(B2C) RT(ms):   2.346 | AVG(S2C) RT(ms):   1.714 | MAX(B2C) RT(ms): 34 | MAX(S2C) RT(ms): 33 | Consume Fail: 0
Current Time: 2026-08-24 04:59:30,712 | Consume TPS: 6086 | AVG(B2C) RT(ms):   2.385 | AVG(S2C) RT(ms):   1.751 | MAX(B2C) RT(ms): 28 | MAX(S2C) RT(ms): 28 | Consume Fail: 0
Current Time: 2026-08-24 04:59:40,712 | Consume TPS: 6074 | AVG(B2C) RT(ms):   2.190 | AVG(S2C) RT(ms):   1.557 | MAX(B2C) RT(ms): 98 | MAX(S2C) RT(ms): 98 | Consume Fail: 0
Current Time: 2026-08-24 04:59:50,712 | Consume TPS: 6137 | AVG(B2C) RT(ms):   2.412 | AVG(S2C) RT(ms):   1.787 | MAX(B2C) RT(ms): 36 | MAX(S2C) RT(ms): 36 | Consume Fail: 0
Current Time: 2026-08-24 05:00:00,712 | Consume TPS: 6064 | AVG(B2C) RT(ms):   2.235 | AVG(S2C) RT(ms):   1.597 | MAX(B2C) RT(ms): 319 | MAX(S2C) RT(ms): 318 | Consume Fail: 0
Current Time: 2026-08-24 05:00:10,712 | Consume TPS: 6048 | AVG(B2C) RT(ms):   3.809 | AVG(S2C) RT(ms):   3.170 | MAX(B2C) RT(ms): 317 | MAX(S2C) RT(ms): 317 | Consume Fail: 0
Current Time: 2026-08-24 05:00:20,712 | Consume TPS: 5933 | AVG(B2C) RT(ms):   2.652 | AVG(S2C) RT(ms):   1.993 | MAX(B2C) RT(ms): 329 | MAX(S2C) RT(ms): 328 | Consume Fail: 0
Current Time: 2026-08-24 05:00:30,712 | Consume TPS: 6120 | AVG(B2C) RT(ms):   2.239 | AVG(S2C) RT(ms):   1.612 | MAX(B2C) RT(ms): 469 | MAX(S2C) RT(ms): 468 | Consume Fail: 0
Current Time: 2026-08-24 05:00:40,712 | Consume TPS: 6075 | AVG(B2C) RT(ms):   2.258 | AVG(S2C) RT(ms):   1.621 | MAX(B2C) RT(ms): 484 | MAX(S2C) RT(ms): 484 | Consume Fail: 0
Current Time: 2026-08-24 05:00:50,712 | Consume TPS: 6093 | AVG(B2C) RT(ms):   2.201 | AVG(S2C) RT(ms):   1.567 | MAX(B2C) RT(ms): 487 | MAX(S2C) RT(ms): 486 | Consume Fail: 0
Current Time: 2026-08-24 05:01:00,712 | Consume TPS: 6137 | AVG(B2C) RT(ms):   2.347 | AVG(S2C) RT(ms):   1.723 | MAX(B2C) RT(ms): 459 | MAX(S2C) RT(ms): 458 | Consume Fail: 0
Current Time: 2026-08-24 05:01:10,712 | Consume TPS: 6098 | AVG(B2C) RT(ms):   2.165 | AVG(S2C) RT(ms):   1.532 | MAX(B2C) RT(ms): 43 | MAX(S2C) RT(ms): 42 | Consume Fail: 0
Current Time: 2026-08-24 05:01:20,712 | Consume TPS: 6100 | AVG(B2C) RT(ms):   2.423 | AVG(S2C) RT(ms):   1.785 | MAX(B2C) RT(ms): 406 | MAX(S2C) RT(ms): 405 | Consume Fail: 0
Current Time: 2026-08-24 05:01:30,712 | Consume TPS: 6125 | AVG(B2C) RT(ms):   2.267 | AVG(S2C) RT(ms):   1.641 | MAX(B2C) RT(ms): 433 | MAX(S2C) RT(ms): 433 | Consume Fail: 0
Current Time: 2026-08-24 05:01:40,712 | Consume TPS: 6105 | AVG(B2C) RT(ms):   2.176 | AVG(S2C) RT(ms):   1.550 | MAX(B2C) RT(ms): 87 | MAX(S2C) RT(ms): 86 | Consume Fail: 0
Current Time: 2026-08-24 05:01:50,712 | Consume TPS: 6093 | AVG(B2C) RT(ms):   2.168 | AVG(S2C) RT(ms):   1.534 | MAX(B2C) RT(ms): 409 | MAX(S2C) RT(ms): 408 | Consume Fail: 0
Current Time: 2026-08-24 05:02:00,712 | Consume TPS: 5952 | AVG(B2C) RT(ms):   2.717 | AVG(S2C) RT(ms):   2.066 | MAX(B2C) RT(ms): 477 | MAX(S2C) RT(ms): 477 | Consume Fail: 0
Current Time: 2026-08-24 05:02:10,712 | Consume TPS: 6053 | AVG(B2C) RT(ms):   2.297 | AVG(S2C) RT(ms):   1.664 | MAX(B2C) RT(ms): 432 | MAX(S2C) RT(ms): 432 | Consume Fail: 0
Current Time: 2026-08-24 05:02:20,712 | Consume TPS: 6011 | AVG(B2C) RT(ms):   2.277 | AVG(S2C) RT(ms):   1.634 | MAX(B2C) RT(ms): 125 | MAX(S2C) RT(ms): 124 | Consume Fail: 0
Current Time: 2026-08-24 05:02:30,712 | Consume TPS: 6116 | AVG(B2C) RT(ms):   2.173 | AVG(S2C) RT(ms):   1.545 | MAX(B2C) RT(ms): 33 | MAX(S2C) RT(ms): 32 | Consume Fail: 0
Current Time: 2026-08-24 05:02:40,712 | Consume TPS: 6130 | AVG(B2C) RT(ms):   2.178 | AVG(S2C) RT(ms):   1.551 | MAX(B2C) RT(ms): 24 | MAX(S2C) RT(ms): 23 | Consume Fail: 0
Current Time: 2026-08-24 05:02:50,712 | Consume TPS: 6087 | AVG(B2C) RT(ms):   2.257 | AVG(S2C) RT(ms):   1.628 | MAX(B2C) RT(ms): 37 | MAX(S2C) RT(ms): 36 | Consume Fail: 0
Current Time: 2026-08-24 05:03:00,712 | Consume TPS: 6147 | AVG(B2C) RT(ms):   2.144 | AVG(S2C) RT(ms):   1.521 | MAX(B2C) RT(ms): 199 | MAX(S2C) RT(ms): 199 | Consume Fail: 0
Current Time: 2026-08-24 05:03:10,712 | Consume TPS: 6020 | AVG(B2C) RT(ms):   2.585 | AVG(S2C) RT(ms):   1.945 | MAX(B2C) RT(ms): 36 | MAX(S2C) RT(ms): 35 | Consume Fail: 0
Current Time: 2026-08-24 05:03:20,712 | Consume TPS: 6046 | AVG(B2C) RT(ms):   2.219 | AVG(S2C) RT(ms):   1.581 | MAX(B2C) RT(ms): 26 | MAX(S2C) RT(ms): 25 | Consume Fail: 0
Current Time: 2026-08-24 05:03:30,712 | Consume TPS: 6103 | AVG(B2C) RT(ms):   2.351 | AVG(S2C) RT(ms):   1.722 | MAX(B2C) RT(ms): 47 | MAX(S2C) RT(ms): 46 | Consume Fail: 0
Current Time: 2026-08-24 05:03:40,712 | Consume TPS: 6143 | AVG(B2C) RT(ms):   2.158 | AVG(S2C) RT(ms):   1.535 | MAX(B2C) RT(ms): 14 | MAX(S2C) RT(ms): 12 | Consume Fail: 0
Current Time: 2026-08-24 05:03:50,712 | Consume TPS: 6080 | AVG(B2C) RT(ms):   2.153 | AVG(S2C) RT(ms):   1.519 | MAX(B2C) RT(ms): 39 | MAX(S2C) RT(ms): 37 | Consume Fail: 0
Current Time: 2026-08-24 05:04:00,712 | Consume TPS: 6118 | AVG(B2C) RT(ms):   2.344 | AVG(S2C) RT(ms):   1.717 | MAX(B2C) RT(ms): 44 | MAX(S2C) RT(ms): 43 | Consume Fail: 0
Current Time: 2026-08-24 05:04:10,712 | Consume TPS: 6115 | AVG(B2C) RT(ms):   2.172 | AVG(S2C) RT(ms):   1.537 | MAX(B2C) RT(ms): 14 | MAX(S2C) RT(ms): 12 | Consume Fail: 0
Current Time: 2026-08-24 05:04:20,712 | Consume TPS: 5960 | AVG(B2C) RT(ms):   4.938 | AVG(S2C) RT(ms):   4.289 | MAX(B2C) RT(ms): 282 | MAX(S2C) RT(ms): 280 | Consume Fail: 0
Current Time: 2026-08-24 05:04:30,712 | Consume TPS: 6094 | AVG(B2C) RT(ms):   2.253 | AVG(S2C) RT(ms):   1.617 | MAX(B2C) RT(ms): 26 | MAX(S2C) RT(ms): 26 | Consume Fail: 0
Current Time: 2026-08-24 05:04:40,712 | Consume TPS: 6084 | AVG(B2C) RT(ms):   2.681 | AVG(S2C) RT(ms):   2.043 | MAX(B2C) RT(ms): 329 | MAX(S2C) RT(ms): 329 | Consume Fail: 0
Current Time: 2026-08-24 05:04:50,712 | Consume TPS: 6117 | AVG(B2C) RT(ms):   2.184 | AVG(S2C) RT(ms):   1.551 | MAX(B2C) RT(ms): 12 | MAX(S2C) RT(ms): 11 | Consume Fail: 0
Current Time: 2026-08-24 05:05:00,712 | Consume TPS: 6111 | AVG(B2C) RT(ms):   2.166 | AVG(S2C) RT(ms):   1.536 | MAX(B2C) RT(ms): 36 | MAX(S2C) RT(ms): 35 | Consume Fail: 0
Current Time: 2026-08-24 05:05:10,712 | Consume TPS: 6122 | AVG(B2C) RT(ms):   2.336 | AVG(S2C) RT(ms):   1.704 | MAX(B2C) RT(ms): 150 | MAX(S2C) RT(ms): 149 | Consume Fail: 0
Current Time: 2026-08-24 05:05:20,712 | Consume TPS: 6087 | AVG(B2C) RT(ms):   3.783 | AVG(S2C) RT(ms):   3.153 | MAX(B2C) RT(ms): 119 | MAX(S2C) RT(ms): 119 | Consume Fail: 0
Current Time: 2026-08-24 05:05:30,712 | Consume TPS: 6122 | AVG(B2C) RT(ms):   2.254 | AVG(S2C) RT(ms):   1.627 | MAX(B2C) RT(ms): 40 | MAX(S2C) RT(ms): 39 | Consume Fail: 0
Current Time: 2026-08-24 05:05:40,712 | Consume TPS: 6148 | AVG(B2C) RT(ms):   2.162 | AVG(S2C) RT(ms):   1.536 | MAX(B2C) RT(ms): 15 | MAX(S2C) RT(ms): 14 | Consume Fail: 0
Current Time: 2026-08-24 05:05:50,712 | Consume TPS: 6100 | AVG(B2C) RT(ms):   2.217 | AVG(S2C) RT(ms):   1.582 | MAX(B2C) RT(ms): 29 | MAX(S2C) RT(ms): 28 | Consume Fail: 0
Current Time: 2026-08-24 05:06:00,712 | Consume TPS: 6018 | AVG(B2C) RT(ms):   2.459 | AVG(S2C) RT(ms):   1.819 | MAX(B2C) RT(ms): 224 | MAX(S2C) RT(ms): 223 | Consume Fail: 0
Current Time: 2026-08-24 05:06:10,712 | Consume TPS: 6140 | AVG(B2C) RT(ms):   2.231 | AVG(S2C) RT(ms):   1.610 | MAX(B2C) RT(ms): 18 | MAX(S2C) RT(ms): 17 | Consume Fail: 0
Current Time: 2026-08-24 05:06:20,712 | Consume TPS: 5996 | AVG(B2C) RT(ms):   2.453 | AVG(S2C) RT(ms):   1.807 | MAX(B2C) RT(ms): 243 | MAX(S2C) RT(ms): 243 | Consume Fail: 0
Current Time: 2026-08-24 05:06:30,712 | Consume TPS: 6163 | AVG(B2C) RT(ms):   2.343 | AVG(S2C) RT(ms):   1.719 | MAX(B2C) RT(ms): 274 | MAX(S2C) RT(ms): 273 | Consume Fail: 0
Current Time: 2026-08-24 05:06:40,712 | Consume TPS: 6098 | AVG(B2C) RT(ms):   2.174 | AVG(S2C) RT(ms):   1.540 | MAX(B2C) RT(ms): 19 | MAX(S2C) RT(ms): 19 | Consume Fail: 0
Current Time: 2026-08-24 05:06:50,712 | Consume TPS: 6064 | AVG(B2C) RT(ms):   2.401 | AVG(S2C) RT(ms):   1.767 | MAX(B2C) RT(ms): 35 | MAX(S2C) RT(ms): 34 | Consume Fail: 0
Current Time: 2026-08-24 05:07:00,712 | Consume TPS: 6063 | AVG(B2C) RT(ms):   2.182 | AVG(S2C) RT(ms):   1.544 | MAX(B2C) RT(ms): 22 | MAX(S2C) RT(ms): 22 | Consume Fail: 0
Current Time: 2026-08-24 05:07:10,712 | Consume TPS: 6004 | AVG(B2C) RT(ms):   2.422 | AVG(S2C) RT(ms):   1.777 | MAX(B2C) RT(ms): 39 | MAX(S2C) RT(ms): 38 | Consume Fail: 0
Current Time: 2026-08-24 05:07:20,712 | Consume TPS: 6002 | AVG(B2C) RT(ms):   2.202 | AVG(S2C) RT(ms):   1.557 | MAX(B2C) RT(ms): 30 | MAX(S2C) RT(ms): 29 | Consume Fail: 0
Current Time: 2026-08-24 05:07:30,712 | Consume TPS: 6059 | AVG(B2C) RT(ms):   2.244 | AVG(S2C) RT(ms):   1.602 | MAX(B2C) RT(ms): 32 | MAX(S2C) RT(ms): 31 | Consume Fail: 0
Current Time: 2026-08-24 05:07:40,712 | Consume TPS: 6112 | AVG(B2C) RT(ms):   2.178 | AVG(S2C) RT(ms):   1.549 | MAX(B2C) RT(ms): 369 | MAX(S2C) RT(ms): 369 | Consume Fail: 0
Current Time: 2026-08-24 05:07:50,712 | Consume TPS: 6093 | AVG(B2C) RT(ms):   2.155 | AVG(S2C) RT(ms):   1.519 | MAX(B2C) RT(ms): 20 | MAX(S2C) RT(ms): 19 | Consume Fail: 0
Current Time: 2026-08-24 05:08:00,712 | Consume TPS: 6113 | AVG(B2C) RT(ms):   2.379 | AVG(S2C) RT(ms):   1.745 | MAX(B2C) RT(ms): 35 | MAX(S2C) RT(ms): 34 | Consume Fail: 0
Current Time: 2026-08-24 05:08:10,712 | Consume TPS: 6109 | AVG(B2C) RT(ms):   2.159 | AVG(S2C) RT(ms):   1.519 | MAX(B2C) RT(ms): 69 | MAX(S2C) RT(ms): 68 | Consume Fail: 0
Current Time: 2026-08-24 05:08:20,712 | Consume TPS: 5849 | AVG(B2C) RT(ms):   2.971 | AVG(S2C) RT(ms):   2.304 | MAX(B2C) RT(ms): 459 | MAX(S2C) RT(ms): 458 | Consume Fail: 0
Current Time: 2026-08-24 05:08:30,712 | Consume TPS: 6081 | AVG(B2C) RT(ms):   2.155 | AVG(S2C) RT(ms):   1.525 | MAX(B2C) RT(ms): 356 | MAX(S2C) RT(ms): 355 | Consume Fail: 0
Current Time: 2026-08-24 05:08:40,712 | Consume TPS: 6136 | AVG(B2C) RT(ms):   2.300 | AVG(S2C) RT(ms):   1.676 | MAX(B2C) RT(ms): 338 | MAX(S2C) RT(ms): 338 | Consume Fail: 0
Current Time: 2026-08-24 05:08:50,712 | Consume TPS: 6129 | AVG(B2C) RT(ms):   2.174 | AVG(S2C) RT(ms):   1.544 | MAX(B2C) RT(ms): 339 | MAX(S2C) RT(ms): 339 | Consume Fail: 0
Current Time: 2026-08-24 05:09:00,712 | Consume TPS: 6033 | AVG(B2C) RT(ms):   2.787 | AVG(S2C) RT(ms):   2.143 | MAX(B2C) RT(ms): 82 | MAX(S2C) RT(ms): 81 | Consume Fail: 0
Current Time: 2026-08-24 05:09:10,712 | Consume TPS: 6082 | AVG(B2C) RT(ms):   2.156 | AVG(S2C) RT(ms):   1.520 | MAX(B2C) RT(ms): 35 | MAX(S2C) RT(ms): 34 | Consume Fail: 0
Current Time: 2026-08-24 05:09:20,712 | Consume TPS: 6103 | AVG(B2C) RT(ms):   2.225 | AVG(S2C) RT(ms):   1.590 | MAX(B2C) RT(ms): 29 | MAX(S2C) RT(ms): 28 | Consume Fail: 0
Current Time: 2026-08-24 05:09:30,712 | Consume TPS: 6077 | AVG(B2C) RT(ms):   2.163 | AVG(S2C) RT(ms):   1.527 | MAX(B2C) RT(ms): 15 | MAX(S2C) RT(ms): 14 | Consume Fail: 0
Current Time: 2026-08-24 05:09:40,712 | Consume TPS: 6178 | AVG(B2C) RT(ms):   2.425 | AVG(S2C) RT(ms):   1.801 | MAX(B2C) RT(ms): 269 | MAX(S2C) RT(ms): 268 | Consume Fail: 0
Current Time: 2026-08-24 05:09:50,712 | Consume TPS: 6090 | AVG(B2C) RT(ms):   2.328 | AVG(S2C) RT(ms):   1.693 | MAX(B2C) RT(ms): 282 | MAX(S2C) RT(ms): 282 | Consume Fail: 0
Current Time: 2026-08-24 05:10:00,712 | Consume TPS: 5996 | AVG(B2C) RT(ms):   2.732 | AVG(S2C) RT(ms):   2.089 | MAX(B2C) RT(ms): 38 | MAX(S2C) RT(ms): 37 | Consume Fail: 0
Current Time: 2026-08-24 05:10:10,712 | Consume TPS: 6087 | AVG(B2C) RT(ms):   2.344 | AVG(S2C) RT(ms):   1.706 | MAX(B2C) RT(ms): 47 | MAX(S2C) RT(ms): 46 | Consume Fail: 0
Current Time: 2026-08-24 05:10:20,712 | Consume TPS: 6071 | AVG(B2C) RT(ms):   2.221 | AVG(S2C) RT(ms):   1.581 | MAX(B2C) RT(ms): 140 | MAX(S2C) RT(ms): 140 | Consume Fail: 0
Current Time: 2026-08-24 05:10:30,712 | Consume TPS: 6098 | AVG(B2C) RT(ms):   3.292 | AVG(S2C) RT(ms):   2.660 | MAX(B2C) RT(ms): 96 | MAX(S2C) RT(ms): 96 | Consume Fail: 0
Current Time: 2026-08-24 05:10:40,712 | Consume TPS: 6115 | AVG(B2C) RT(ms):   2.146 | AVG(S2C) RT(ms):   1.511 | MAX(B2C) RT(ms): 12 | MAX(S2C) RT(ms): 11 | Consume Fail: 0
Current Time: 2026-08-24 05:10:50,712 | Consume TPS: 6096 | AVG(B2C) RT(ms):   2.241 | AVG(S2C) RT(ms):   1.609 | MAX(B2C) RT(ms): 156 | MAX(S2C) RT(ms): 155 | Consume Fail: 0
Current Time: 2026-08-24 05:11:00,712 | Consume TPS: 6062 | AVG(B2C) RT(ms):   2.178 | AVG(S2C) RT(ms):   1.542 | MAX(B2C) RT(ms): 130 | MAX(S2C) RT(ms): 130 | Consume Fail: 0
Current Time: 2026-08-24 05:11:10,712 | Consume TPS: 5979 | AVG(B2C) RT(ms):   2.258 | AVG(S2C) RT(ms):   1.607 | MAX(B2C) RT(ms): 41 | MAX(S2C) RT(ms): 41 | Consume Fail: 0
Current Time: 2026-08-24 05:11:20,712 | Consume TPS: 6097 | AVG(B2C) RT(ms):   2.262 | AVG(S2C) RT(ms):   1.629 | MAX(B2C) RT(ms): 29 | MAX(S2C) RT(ms): 28 | Consume Fail: 0
Current Time: 2026-08-24 05:11:30,712 | Consume TPS: 6018 | AVG(B2C) RT(ms):   2.484 | AVG(S2C) RT(ms):   1.831 | MAX(B2C) RT(ms): 130 | MAX(S2C) RT(ms): 129 | Consume Fail: 0
Current Time: 2026-08-24 05:11:40,712 | Consume TPS: 6064 | AVG(B2C) RT(ms):   2.143 | AVG(S2C) RT(ms):   1.511 | MAX(B2C) RT(ms): 9 | MAX(S2C) RT(ms): 8 | Consume Fail: 0
Current Time: 2026-08-24 05:11:50,712 | Consume TPS: 6117 | AVG(B2C) RT(ms):   2.162 | AVG(S2C) RT(ms):   1.532 | MAX(B2C) RT(ms): 14 | MAX(S2C) RT(ms): 13 | Consume Fail: 0
Current Time: 2026-08-24 05:12:00,712 | Consume TPS: 6054 | AVG(B2C) RT(ms):   2.380 | AVG(S2C) RT(ms):   1.746 | MAX(B2C) RT(ms): 370 | MAX(S2C) RT(ms): 369 | Consume Fail: 0
Current Time: 2026-08-24 05:12:10,712 | Consume TPS: 6104 | AVG(B2C) RT(ms):   2.217 | AVG(S2C) RT(ms):   1.591 | MAX(B2C) RT(ms): 375 | MAX(S2C) RT(ms): 375 | Consume Fail: 0
Current Time: 2026-08-24 05:12:20,712 | Consume TPS: 5963 | AVG(B2C) RT(ms):   2.432 | AVG(S2C) RT(ms):   1.778 | MAX(B2C) RT(ms): 390 | MAX(S2C) RT(ms): 389 | Consume Fail: 0
Current Time: 2026-08-24 05:12:30,712 | Consume TPS: 6036 | AVG(B2C) RT(ms):   2.314 | AVG(S2C) RT(ms):   1.680 | MAX(B2C) RT(ms): 27 | MAX(S2C) RT(ms): 26 | Consume Fail: 0
Current Time: 2026-08-24 05:12:40,712 | Consume TPS: 6105 | AVG(B2C) RT(ms):   2.157 | AVG(S2C) RT(ms):   1.522 | MAX(B2C) RT(ms): 229 | MAX(S2C) RT(ms): 228 | Consume Fail: 0
Current Time: 2026-08-24 05:12:50,712 | Consume TPS: 6114 | AVG(B2C) RT(ms):   2.358 | AVG(S2C) RT(ms):   1.726 | MAX(B2C) RT(ms): 42 | MAX(S2C) RT(ms): 41 | Consume Fail: 0
Current Time: 2026-08-24 05:13:00,712 | Consume TPS: 6103 | AVG(B2C) RT(ms):   2.159 | AVG(S2C) RT(ms):   1.527 | MAX(B2C) RT(ms): 12 | MAX(S2C) RT(ms): 12 | Consume Fail: 0
Current Time: 2026-08-24 05:13:10,712 | Consume TPS: 6132 | AVG(B2C) RT(ms):   2.266 | AVG(S2C) RT(ms):   1.634 | MAX(B2C) RT(ms): 36 | MAX(S2C) RT(ms): 35 | Consume Fail: 0
Current Time: 2026-08-24 05:13:20,712 | Consume TPS: 6103 | AVG(B2C) RT(ms):   2.164 | AVG(S2C) RT(ms):   1.534 | MAX(B2C) RT(ms): 456 | MAX(S2C) RT(ms): 455 | Consume Fail: 0
Current Time: 2026-08-24 05:13:30,712 | Consume TPS: 6061 | AVG(B2C) RT(ms):   2.301 | AVG(S2C) RT(ms):   1.665 | MAX(B2C) RT(ms): 42 | MAX(S2C) RT(ms): 41 | Consume Fail: 0
Current Time: 2026-08-24 05:13:40,712 | Consume TPS: 6026 | AVG(B2C) RT(ms):   2.209 | AVG(S2C) RT(ms):   1.566 | MAX(B2C) RT(ms): 62 | MAX(S2C) RT(ms): 61 | Consume Fail: 0
Current Time: 2026-08-24 05:13:50,712 | Consume TPS: 6113 | AVG(B2C) RT(ms):   2.396 | AVG(S2C) RT(ms):   1.766 | MAX(B2C) RT(ms): 63 | MAX(S2C) RT(ms): 62 | Consume Fail: 0
Current Time: 2026-08-24 05:14:00,712 | Consume TPS: 6035 | AVG(B2C) RT(ms):   2.605 | AVG(S2C) RT(ms):   1.966 | MAX(B2C) RT(ms): 59 | MAX(S2C) RT(ms): 58 | Consume Fail: 0
Current Time: 2026-08-24 05:14:10,712 | Consume TPS: 6124 | AVG(B2C) RT(ms):   2.458 | AVG(S2C) RT(ms):   1.828 | MAX(B2C) RT(ms): 394 | MAX(S2C) RT(ms): 393 | Consume Fail: 0
Current Time: 2026-08-24 05:14:20,712 | Consume TPS: 6120 | AVG(B2C) RT(ms):   2.363 | AVG(S2C) RT(ms):   1.730 | MAX(B2C) RT(ms): 434 | MAX(S2C) RT(ms): 434 | Consume Fail: 0
Current Time: 2026-08-24 05:14:30,712 | Consume TPS: 6079 | AVG(B2C) RT(ms):   2.273 | AVG(S2C) RT(ms):   1.638 | MAX(B2C) RT(ms): 46 | MAX(S2C) RT(ms): 45 | Consume Fail: 0
Current Time: 2026-08-24 05:14:40,712 | Consume TPS: 6100 | AVG(B2C) RT(ms):   2.158 | AVG(S2C) RT(ms):   1.528 | MAX(B2C) RT(ms): 54 | MAX(S2C) RT(ms): 53 | Consume Fail: 0
Current Time: 2026-08-24 05:14:50,712 | Consume TPS: 6121 | AVG(B2C) RT(ms):   2.606 | AVG(S2C) RT(ms):   1.978 | MAX(B2C) RT(ms): 428 | MAX(S2C) RT(ms): 427 | Consume Fail: 0
Current Time: 2026-08-24 05:15:00,712 | Consume TPS: 6103 | AVG(B2C) RT(ms):   2.246 | AVG(S2C) RT(ms):   1.611 | MAX(B2C) RT(ms): 402 | MAX(S2C) RT(ms): 401 | Consume Fail: 0
Current Time: 2026-08-24 05:15:10,712 | Consume TPS: 5990 | AVG(B2C) RT(ms):   2.330 | AVG(S2C) RT(ms):   1.681 | MAX(B2C) RT(ms): 403 | MAX(S2C) RT(ms): 403 | Consume Fail: 0
Current Time: 2026-08-24 05:15:20,712 | Consume TPS: 6114 | AVG(B2C) RT(ms):   2.290 | AVG(S2C) RT(ms):   1.656 | MAX(B2C) RT(ms): 299 | MAX(S2C) RT(ms): 298 | Consume Fail: 0
Current Time: 2026-08-24 05:15:30,712 | Consume TPS: 6083 | AVG(B2C) RT(ms):   2.306 | AVG(S2C) RT(ms):   1.669 | MAX(B2C) RT(ms): 265 | MAX(S2C) RT(ms): 264 | Consume Fail: 0
Current Time: 2026-08-24 05:15:40,712 | Consume TPS: 6115 | AVG(B2C) RT(ms):   2.186 | AVG(S2C) RT(ms):   1.560 | MAX(B2C) RT(ms): 242 | MAX(S2C) RT(ms): 242 | Consume Fail: 0
Current Time: 2026-08-24 05:15:50,712 | Consume TPS: 6112 | AVG(B2C) RT(ms):   2.174 | AVG(S2C) RT(ms):   1.540 | MAX(B2C) RT(ms): 238 | MAX(S2C) RT(ms): 237 | Consume Fail: 0
Current Time: 2026-08-24 05:16:00,712 | Consume TPS: 6112 | AVG(B2C) RT(ms):   2.161 | AVG(S2C) RT(ms):   1.530 | MAX(B2C) RT(ms): 18 | MAX(S2C) RT(ms): 17 | Consume Fail: 0
Current Time: 2026-08-24 05:16:10,712 | Consume TPS: 6071 | AVG(B2C) RT(ms):   2.293 | AVG(S2C) RT(ms):   1.657 | MAX(B2C) RT(ms): 88 | MAX(S2C) RT(ms): 88 | Consume Fail: 0
Current Time: 2026-08-24 05:16:20,712 | Consume TPS: 6044 | AVG(B2C) RT(ms):   2.462 | AVG(S2C) RT(ms):   1.825 | MAX(B2C) RT(ms): 40 | MAX(S2C) RT(ms): 40 | Consume Fail: 0
Current Time: 2026-08-24 05:16:30,712 | Consume TPS: 6082 | AVG(B2C) RT(ms):   2.298 | AVG(S2C) RT(ms):   1.663 | MAX(B2C) RT(ms): 14 | MAX(S2C) RT(ms): 14 | Consume Fail: 0
Current Time: 2026-08-24 05:16:40,712 | Consume TPS: 6088 | AVG(B2C) RT(ms):   2.185 | AVG(S2C) RT(ms):   1.556 | MAX(B2C) RT(ms): 37 | MAX(S2C) RT(ms): 35 | Consume Fail: 0
Current Time: 2026-08-24 05:16:50,712 | Consume TPS: 6124 | AVG(B2C) RT(ms):   2.154 | AVG(S2C) RT(ms):   1.531 | MAX(B2C) RT(ms): 19 | MAX(S2C) RT(ms): 18 | Consume Fail: 0
Current Time: 2026-08-24 05:17:00,712 | Consume TPS: 6068 | AVG(B2C) RT(ms):   2.181 | AVG(S2C) RT(ms):   1.543 | MAX(B2C) RT(ms): 34 | MAX(S2C) RT(ms): 34 | Consume Fail: 0
Current Time: 2026-08-24 05:17:10,712 | Consume TPS: 6047 | AVG(B2C) RT(ms):   2.202 | AVG(S2C) RT(ms):   1.556 | MAX(B2C) RT(ms): 103 | MAX(S2C) RT(ms): 102 | Consume Fail: 0
Current Time: 2026-08-24 05:17:20,712 | Consume TPS: 6102 | AVG(B2C) RT(ms):   2.140 | AVG(S2C) RT(ms):   1.517 | MAX(B2C) RT(ms): 40 | MAX(S2C) RT(ms): 39 | Consume Fail: 0
Current Time: 2026-08-24 05:17:30,712 | Consume TPS: 6010 | AVG(B2C) RT(ms):   2.523 | AVG(S2C) RT(ms):   1.880 | MAX(B2C) RT(ms): 43 | MAX(S2C) RT(ms): 42 | Consume Fail: 0
Current Time: 2026-08-24 05:17:40,712 | Consume TPS: 6096 | AVG(B2C) RT(ms):   2.387 | AVG(S2C) RT(ms):   1.751 | MAX(B2C) RT(ms): 34 | MAX(S2C) RT(ms): 33 | Consume Fail: 0
Current Time: 2026-08-24 05:17:50,712 | Consume TPS: 6132 | AVG(B2C) RT(ms):   2.169 | AVG(S2C) RT(ms):   1.544 | MAX(B2C) RT(ms): 405 | MAX(S2C) RT(ms): 404 | Consume Fail: 0
Current Time: 2026-08-24 05:18:00,712 | Consume TPS: 6115 | AVG(B2C) RT(ms):   2.329 | AVG(S2C) RT(ms):   1.695 | MAX(B2C) RT(ms): 429 | MAX(S2C) RT(ms): 428 | Consume Fail: 0
Current Time: 2026-08-24 05:18:10,712 | Consume TPS: 6104 | AVG(B2C) RT(ms):   2.250 | AVG(S2C) RT(ms):   1.620 | MAX(B2C) RT(ms): 43 | MAX(S2C) RT(ms): 42 | Consume Fail: 0
Current Time: 2026-08-24 05:18:20,712 | Consume TPS: 6115 | AVG(B2C) RT(ms):   2.195 | AVG(S2C) RT(ms):   1.563 | MAX(B2C) RT(ms): 31 | MAX(S2C) RT(ms): 31 | Consume Fail: 0
Current Time: 2026-08-24 05:18:30,712 | Consume TPS: 6038 | AVG(B2C) RT(ms):   2.167 | AVG(S2C) RT(ms):   1.532 | MAX(B2C) RT(ms): 19 | MAX(S2C) RT(ms): 18 | Consume Fail: 0
Current Time: 2026-08-24 05:18:40,712 | Consume TPS: 6109 | AVG(B2C) RT(ms):   2.144 | AVG(S2C) RT(ms):   1.512 | MAX(B2C) RT(ms): 12 | MAX(S2C) RT(ms): 11 | Consume Fail: 0
Current Time: 2026-08-24 05:18:50,712 | Consume TPS: 6094 | AVG(B2C) RT(ms):   2.263 | AVG(S2C) RT(ms):   1.632 | MAX(B2C) RT(ms): 37 | MAX(S2C) RT(ms): 36 | Consume Fail: 0
Current Time: 2026-08-24 05:19:00,712 | Consume TPS: 6102 | AVG(B2C) RT(ms):   2.185 | AVG(S2C) RT(ms):   1.552 | MAX(B2C) RT(ms): 115 | MAX(S2C) RT(ms): 114 | Consume Fail: 0
Current Time: 2026-08-24 05:19:10,712 | Consume TPS: 6015 | AVG(B2C) RT(ms):   2.291 | AVG(S2C) RT(ms):   1.643 | MAX(B2C) RT(ms): 148 | MAX(S2C) RT(ms): 148 | Consume Fail: 0
Current Time: 2026-08-24 05:19:20,712 | Consume TPS: 5974 | AVG(B2C) RT(ms):   2.576 | AVG(S2C) RT(ms):   1.919 | MAX(B2C) RT(ms): 135 | MAX(S2C) RT(ms): 134 | Consume Fail: 0
Current Time: 2026-08-24 05:19:30,712 | Consume TPS: 6084 | AVG(B2C) RT(ms):   2.259 | AVG(S2C) RT(ms):   1.621 | MAX(B2C) RT(ms): 156 | MAX(S2C) RT(ms): 155 | Consume Fail: 0
Current Time: 2026-08-24 05:19:40,712 | Consume TPS: 6150 | AVG(B2C) RT(ms):   2.285 | AVG(S2C) RT(ms):   1.659 | MAX(B2C) RT(ms): 175 | MAX(S2C) RT(ms): 174 | Consume Fail: 0
Current Time: 2026-08-24 05:19:50,712 | Consume TPS: 6099 | AVG(B2C) RT(ms):   2.412 | AVG(S2C) RT(ms):   1.781 | MAX(B2C) RT(ms): 194 | MAX(S2C) RT(ms): 193 | Consume Fail: 0
Current Time: 2026-08-24 05:20:00,712 | Consume TPS: 6078 | AVG(B2C) RT(ms):   2.160 | AVG(S2C) RT(ms):   1.528 | MAX(B2C) RT(ms): 36 | MAX(S2C) RT(ms): 35 | Consume Fail: 0
Current Time: 2026-08-24 05:20:10,712 | Consume TPS: 6115 | AVG(B2C) RT(ms):   2.267 | AVG(S2C) RT(ms):   1.633 | MAX(B2C) RT(ms): 33 | MAX(S2C) RT(ms): 33 | Consume Fail: 0
Current Time: 2026-08-24 05:20:20,712 | Consume TPS: 5972 | AVG(B2C) RT(ms):   2.547 | AVG(S2C) RT(ms):   1.895 | MAX(B2C) RT(ms): 40 | MAX(S2C) RT(ms): 39 | Consume Fail: 0
Current Time: 2026-08-24 05:20:30,712 | Consume TPS: 6048 | AVG(B2C) RT(ms):   2.377 | AVG(S2C) RT(ms):   1.741 | MAX(B2C) RT(ms): 189 | MAX(S2C) RT(ms): 189 | Consume Fail: 0
Current Time: 2026-08-24 05:20:40,712 | Consume TPS: 6115 | AVG(B2C) RT(ms):   2.208 | AVG(S2C) RT(ms):   1.576 | MAX(B2C) RT(ms): 208 | MAX(S2C) RT(ms): 208 | Consume Fail: 0
Current Time: 2026-08-24 05:20:50,712 | Consume TPS: 6069 | AVG(B2C) RT(ms):   2.209 | AVG(S2C) RT(ms):   1.572 | MAX(B2C) RT(ms): 181 | MAX(S2C) RT(ms): 180 | Consume Fail: 0
Current Time: 2026-08-24 05:21:00,712 | Consume TPS: 6119 | AVG(B2C) RT(ms):   2.401 | AVG(S2C) RT(ms):   1.768 | MAX(B2C) RT(ms): 513 | MAX(S2C) RT(ms): 513 | Consume Fail: 0
Current Time: 2026-08-24 05:21:10,712 | Consume TPS: 6124 | AVG(B2C) RT(ms):   2.176 | AVG(S2C) RT(ms):   1.547 | MAX(B2C) RT(ms): 533 | MAX(S2C) RT(ms): 533 | Consume Fail: 0
Current Time: 2026-08-24 05:21:20,712 | Consume TPS: 6108 | AVG(B2C) RT(ms):   2.223 | AVG(S2C) RT(ms):   1.599 | MAX(B2C) RT(ms): 228 | MAX(S2C) RT(ms): 227 | Consume Fail: 0
Current Time: 2026-08-24 05:21:30,712 | Consume TPS: 5991 | AVG(B2C) RT(ms):   2.531 | AVG(S2C) RT(ms):   1.887 | MAX(B2C) RT(ms): 43 | MAX(S2C) RT(ms): 42 | Consume Fail: 0
Current Time: 2026-08-24 05:21:40,712 | Consume TPS: 6090 | AVG(B2C) RT(ms):   2.214 | AVG(S2C) RT(ms):   1.570 | MAX(B2C) RT(ms): 22 | MAX(S2C) RT(ms): 21 | Consume Fail: 0
Current Time: 2026-08-24 05:21:50,712 | Consume TPS: 6095 | AVG(B2C) RT(ms):   2.158 | AVG(S2C) RT(ms):   1.525 | MAX(B2C) RT(ms): 235 | MAX(S2C) RT(ms): 234 | Consume Fail: 0
Current Time: 2026-08-24 05:22:00,712 | Consume TPS: 6072 | AVG(B2C) RT(ms):   2.240 | AVG(S2C) RT(ms):   1.604 | MAX(B2C) RT(ms): 252 | MAX(S2C) RT(ms): 251 | Consume Fail: 0
Current Time: 2026-08-24 05:22:10,712 | Consume TPS: 6088 | AVG(B2C) RT(ms):   2.328 | AVG(S2C) RT(ms):   1.687 | MAX(B2C) RT(ms): 39 | MAX(S2C) RT(ms): 39 | Consume Fail: 0
Current Time: 2026-08-24 05:22:20,712 | Consume TPS: 6073 | AVG(B2C) RT(ms):   2.185 | AVG(S2C) RT(ms):   1.547 | MAX(B2C) RT(ms): 21 | MAX(S2C) RT(ms): 20 | Consume Fail: 0
Current Time: 2026-08-24 05:22:30,712 | Consume TPS: 6053 | AVG(B2C) RT(ms):   2.175 | AVG(S2C) RT(ms):   1.539 | MAX(B2C) RT(ms): 132 | MAX(S2C) RT(ms): 131 | Consume Fail: 0
Current Time: 2026-08-24 05:22:40,712 | Consume TPS: 6146 | AVG(B2C) RT(ms):   2.295 | AVG(S2C) RT(ms):   1.670 | MAX(B2C) RT(ms): 182 | MAX(S2C) RT(ms): 182 | Consume Fail: 0
Current Time: 2026-08-24 05:22:50,712 | Consume TPS: 6090 | AVG(B2C) RT(ms):   2.159 | AVG(S2C) RT(ms):   1.521 | MAX(B2C) RT(ms): 212 | MAX(S2C) RT(ms): 211 | Consume Fail: 0
Current Time: 2026-08-24 05:23:00,712 | Consume TPS: 6101 | AVG(B2C) RT(ms):   2.297 | AVG(S2C) RT(ms):   1.667 | MAX(B2C) RT(ms): 715 | MAX(S2C) RT(ms): 714 | Consume Fail: 0
Current Time: 2026-08-24 05:23:10,712 | Consume TPS: 6037 | AVG(B2C) RT(ms):   2.213 | AVG(S2C) RT(ms):   1.573 | MAX(B2C) RT(ms): 145 | MAX(S2C) RT(ms): 144 | Consume Fail: 0
Current Time: 2026-08-24 05:23:20,712 | Consume TPS: 6101 | AVG(B2C) RT(ms):   2.364 | AVG(S2C) RT(ms):   1.735 | MAX(B2C) RT(ms): 185 | MAX(S2C) RT(ms): 185 | Consume Fail: 0
Current Time: 2026-08-24 05:23:30,712 | Consume TPS: 6061 | AVG(B2C) RT(ms):   2.178 | AVG(S2C) RT(ms):   1.544 | MAX(B2C) RT(ms): 142 | MAX(S2C) RT(ms): 141 | Consume Fail: 0
Current Time: 2026-08-24 05:23:40,712 | Consume TPS: 6104 | AVG(B2C) RT(ms):   2.136 | AVG(S2C) RT(ms):   1.502 | MAX(B2C) RT(ms): 12 | MAX(S2C) RT(ms): 9 | Consume Fail: 0
Current Time: 2026-08-24 05:23:50,712 | Consume TPS: 6160 | AVG(B2C) RT(ms):   2.177 | AVG(S2C) RT(ms):   1.548 | MAX(B2C) RT(ms): 209 | MAX(S2C) RT(ms): 208 | Consume Fail: 0
Current Time: 2026-08-24 05:24:00,712 | Consume TPS: 6139 | AVG(B2C) RT(ms):   2.368 | AVG(S2C) RT(ms):   1.739 | MAX(B2C) RT(ms): 114 | MAX(S2C) RT(ms): 114 | Consume Fail: 0
Current Time: 2026-08-24 05:24:10,712 | Consume TPS: 6112 | AVG(B2C) RT(ms):   2.191 | AVG(S2C) RT(ms):   1.556 | MAX(B2C) RT(ms): 130 | MAX(S2C) RT(ms): 129 | Consume Fail: 0
Current Time: 2026-08-24 05:24:20,712 | Consume TPS: 6048 | AVG(B2C) RT(ms):   2.402 | AVG(S2C) RT(ms):   1.766 | MAX(B2C) RT(ms): 137 | MAX(S2C) RT(ms): 137 | Consume Fail: 0
Current Time: 2026-08-24 05:24:30,712 | Consume TPS: 6040 | AVG(B2C) RT(ms):   4.048 | AVG(S2C) RT(ms):   3.413 | MAX(B2C) RT(ms): 177 | MAX(S2C) RT(ms): 176 | Consume Fail: 0
Current Time: 2026-08-24 05:24:40,712 | Consume TPS: 6133 | AVG(B2C) RT(ms):   2.264 | AVG(S2C) RT(ms):   1.636 | MAX(B2C) RT(ms): 22 | MAX(S2C) RT(ms): 21 | Consume Fail: 0
Current Time: 2026-08-24 05:24:50,712 | Consume TPS: 6032 | AVG(B2C) RT(ms):   2.729 | AVG(S2C) RT(ms):   2.087 | MAX(B2C) RT(ms): 67 | MAX(S2C) RT(ms): 66 | Consume Fail: 0
Current Time: 2026-08-24 05:25:00,712 | Consume TPS: 6056 | AVG(B2C) RT(ms):   2.389 | AVG(S2C) RT(ms):   1.746 | MAX(B2C) RT(ms): 81 | MAX(S2C) RT(ms): 80 | Consume Fail: 0
Current Time: 2026-08-24 05:25:10,712 | Consume TPS: 6142 | AVG(B2C) RT(ms):   2.175 | AVG(S2C) RT(ms):   1.554 | MAX(B2C) RT(ms): 77 | MAX(S2C) RT(ms): 76 | Consume Fail: 0
Current Time: 2026-08-24 05:25:20,712 | Consume TPS: 6115 | AVG(B2C) RT(ms):   2.150 | AVG(S2C) RT(ms):   1.521 | MAX(B2C) RT(ms): 94 | MAX(S2C) RT(ms): 93 | Consume Fail: 0
Current Time: 2026-08-24 05:25:30,712 | Consume TPS: 6016 | AVG(B2C) RT(ms):   2.603 | AVG(S2C) RT(ms):   1.964 | MAX(B2C) RT(ms): 97 | MAX(S2C) RT(ms): 96 | Consume Fail: 0
Current Time: 2026-08-24 05:25:40,712 | Consume TPS: 5992 | AVG(B2C) RT(ms):   2.357 | AVG(S2C) RT(ms):   1.709 | MAX(B2C) RT(ms): 133 | MAX(S2C) RT(ms): 132 | Consume Fail: 0
Current Time: 2026-08-24 05:25:50,712 | Consume TPS: 6126 | AVG(B2C) RT(ms):   2.363 | AVG(S2C) RT(ms):   1.728 | MAX(B2C) RT(ms): 44 | MAX(S2C) RT(ms): 43 | Consume Fail: 0
Current Time: 2026-08-24 05:26:00,712 | Consume TPS: 6095 | AVG(B2C) RT(ms):   2.201 | AVG(S2C) RT(ms):   1.572 | MAX(B2C) RT(ms): 74 | MAX(S2C) RT(ms): 74 | Consume Fail: 0
Current Time: 2026-08-24 05:26:10,712 | Consume TPS: 6158 | AVG(B2C) RT(ms):   2.411 | AVG(S2C) RT(ms):   1.782 | MAX(B2C) RT(ms): 490 | MAX(S2C) RT(ms): 489 | Consume Fail: 0
Current Time: 2026-08-24 05:26:20,712 | Consume TPS: 6157 | AVG(B2C) RT(ms):   2.235 | AVG(S2C) RT(ms):   1.605 | MAX(B2C) RT(ms): 497 | MAX(S2C) RT(ms): 496 | Consume Fail: 0
Current Time: 2026-08-24 05:26:30,712 | Consume TPS: 6088 | AVG(B2C) RT(ms):   2.290 | AVG(S2C) RT(ms):   1.659 | MAX(B2C) RT(ms): 128 | MAX(S2C) RT(ms): 128 | Consume Fail: 0
Current Time: 2026-08-24 05:26:40,712 | Consume TPS: 6055 | AVG(B2C) RT(ms):   2.193 | AVG(S2C) RT(ms):   1.553 | MAX(B2C) RT(ms): 117 | MAX(S2C) RT(ms): 117 | Consume Fail: 0
Current Time: 2026-08-24 05:26:50,712 | Consume TPS: 6102 | AVG(B2C) RT(ms):   2.151 | AVG(S2C) RT(ms):   1.516 | MAX(B2C) RT(ms): 20 | MAX(S2C) RT(ms): 19 | Consume Fail: 0
Current Time: 2026-08-24 05:27:00,712 | Consume TPS: 6052 | AVG(B2C) RT(ms):   2.192 | AVG(S2C) RT(ms):   1.554 | MAX(B2C) RT(ms): 45 | MAX(S2C) RT(ms): 44 | Consume Fail: 0
Current Time: 2026-08-24 05:27:10,712 | Consume TPS: 6104 | AVG(B2C) RT(ms):   2.179 | AVG(S2C) RT(ms):   1.548 | MAX(B2C) RT(ms): 94 | MAX(S2C) RT(ms): 94 | Consume Fail: 0
Current Time: 2026-08-24 05:27:20,712 | Consume TPS: 5983 | AVG(B2C) RT(ms):   2.508 | AVG(S2C) RT(ms):   1.858 | MAX(B2C) RT(ms): 40 | MAX(S2C) RT(ms): 39 | Consume Fail: 0
Current Time: 2026-08-24 05:27:30,712 | Consume TPS: 6077 | AVG(B2C) RT(ms):   2.152 | AVG(S2C) RT(ms):   1.516 | MAX(B2C) RT(ms): 103 | MAX(S2C) RT(ms): 102 | Consume Fail: 0
Current Time: 2026-08-24 05:27:40,712 | Consume TPS: 5972 | AVG(B2C) RT(ms):   2.196 | AVG(S2C) RT(ms):   1.547 | MAX(B2C) RT(ms): 69 | MAX(S2C) RT(ms): 68 | Consume Fail: 0
Current Time: 2026-08-24 05:27:50,712 | Consume TPS: 6113 | AVG(B2C) RT(ms):   2.221 | AVG(S2C) RT(ms):   1.587 | MAX(B2C) RT(ms): 73 | MAX(S2C) RT(ms): 73 | Consume Fail: 0
Current Time: 2026-08-24 05:28:00,712 | Consume TPS: 6084 | AVG(B2C) RT(ms):   2.200 | AVG(S2C) RT(ms):   1.565 | MAX(B2C) RT(ms): 90 | MAX(S2C) RT(ms): 89 | Consume Fail: 0
Current Time: 2026-08-24 05:28:10,712 | Consume TPS: 6129 | AVG(B2C) RT(ms):   2.472 | AVG(S2C) RT(ms):   1.839 | MAX(B2C) RT(ms): 618 | MAX(S2C) RT(ms): 617 | Consume Fail: 0
Current Time: 2026-08-24 05:28:20,712 | Consume TPS: 6110 | AVG(B2C) RT(ms):   2.135 | AVG(S2C) RT(ms):   1.509 | MAX(B2C) RT(ms): 16 | MAX(S2C) RT(ms): 15 | Consume Fail: 0
Current Time: 2026-08-24 05:28:30,712 | Consume TPS: 6013 | AVG(B2C) RT(ms):   2.303 | AVG(S2C) RT(ms):   1.663 | MAX(B2C) RT(ms): 114 | MAX(S2C) RT(ms): 113 | Consume Fail: 0
Current Time: 2026-08-24 05:28:40,712 | Consume TPS: 6063 | AVG(B2C) RT(ms):   2.359 | AVG(S2C) RT(ms):   1.721 | MAX(B2C) RT(ms): 41 | MAX(S2C) RT(ms): 41 | Consume Fail: 0
Current Time: 2026-08-24 05:28:50,712 | Consume TPS: 6104 | AVG(B2C) RT(ms):   2.164 | AVG(S2C) RT(ms):   1.530 | MAX(B2C) RT(ms): 80 | MAX(S2C) RT(ms): 80 | Consume Fail: 0
Current Time: 2026-08-24 05:29:00,712 | Consume TPS: 6111 | AVG(B2C) RT(ms):   2.314 | AVG(S2C) RT(ms):   1.683 | MAX(B2C) RT(ms): 650 | MAX(S2C) RT(ms): 650 | Consume Fail: 0
Current Time: 2026-08-24 05:29:10,712 | Consume TPS: 6108 | AVG(B2C) RT(ms):   2.219 | AVG(S2C) RT(ms):   1.580 | MAX(B2C) RT(ms): 135 | MAX(S2C) RT(ms): 134 | Consume Fail: 0
Current Time: 2026-08-24 05:29:20,712 | Consume TPS: 6140 | AVG(B2C) RT(ms):   2.164 | AVG(S2C) RT(ms):   1.538 | MAX(B2C) RT(ms): 191 | MAX(S2C) RT(ms): 191 | Consume Fail: 0
Current Time: 2026-08-24 05:29:30,712 | Consume TPS: 6040 | AVG(B2C) RT(ms):   2.240 | AVG(S2C) RT(ms):   1.598 | MAX(B2C) RT(ms): 204 | MAX(S2C) RT(ms): 204 | Consume Fail: 0
Current Time: 2026-08-24 05:29:40,712 | Consume TPS: 5877 | AVG(B2C) RT(ms):   2.457 | AVG(S2C) RT(ms):   1.780 | MAX(B2C) RT(ms): 106 | MAX(S2C) RT(ms): 106 | Consume Fail: 0
Current Time: 2026-08-24 05:29:50,712 | Consume TPS: 6118 | AVG(B2C) RT(ms):   2.283 | AVG(S2C) RT(ms):   1.646 | MAX(B2C) RT(ms): 731 | MAX(S2C) RT(ms): 730 | Consume Fail: 0
Current Time: 2026-08-24 05:30:00,712 | Consume TPS: 6099 | AVG(B2C) RT(ms):   2.643 | AVG(S2C) RT(ms):   2.015 | MAX(B2C) RT(ms): 721 | MAX(S2C) RT(ms): 721 | Consume Fail: 0
Current Time: 2026-08-24 05:30:10,712 | Consume TPS: 6115 | AVG(B2C) RT(ms):   2.472 | AVG(S2C) RT(ms):   1.849 | MAX(B2C) RT(ms): 207 | MAX(S2C) RT(ms): 207 | Consume Fail: 0
Current Time: 2026-08-24 05:30:20,712 | Consume TPS: 6109 | AVG(B2C) RT(ms):   2.249 | AVG(S2C) RT(ms):   1.618 | MAX(B2C) RT(ms): 303 | MAX(S2C) RT(ms): 302 | Consume Fail: 0
Current Time: 2026-08-24 05:30:30,712 | Consume TPS: 6136 | AVG(B2C) RT(ms):   2.153 | AVG(S2C) RT(ms):   1.525 | MAX(B2C) RT(ms): 287 | MAX(S2C) RT(ms): 286 | Consume Fail: 0
Current Time: 2026-08-24 05:30:40,712 | Consume TPS: 6019 | AVG(B2C) RT(ms):   2.189 | AVG(S2C) RT(ms):   1.551 | MAX(B2C) RT(ms): 21 | MAX(S2C) RT(ms): 20 | Consume Fail: 0
Current Time: 2026-08-24 05:30:50,712 | Consume TPS: 6096 | AVG(B2C) RT(ms):   2.200 | AVG(S2C) RT(ms):   1.566 | MAX(B2C) RT(ms): 94 | MAX(S2C) RT(ms): 93 | Consume Fail: 0
Current Time: 2026-08-24 05:31:00,712 | Consume TPS: 6077 | AVG(B2C) RT(ms):   2.292 | AVG(S2C) RT(ms):   1.658 | MAX(B2C) RT(ms): 38 | MAX(S2C) RT(ms): 38 | Consume Fail: 0
Current Time: 2026-08-24 05:31:10,712 | Consume TPS: 6076 | AVG(B2C) RT(ms):   2.369 | AVG(S2C) RT(ms):   1.733 | MAX(B2C) RT(ms): 42 | MAX(S2C) RT(ms): 41 | Consume Fail: 0
Current Time: 2026-08-24 05:31:20,712 | Consume TPS: 5998 | AVG(B2C) RT(ms):   2.468 | AVG(S2C) RT(ms):   1.823 | MAX(B2C) RT(ms): 41 | MAX(S2C) RT(ms): 41 | Consume Fail: 0
Current Time: 2026-08-24 05:31:30,712 | Consume TPS: 6090 | AVG(B2C) RT(ms):   2.282 | AVG(S2C) RT(ms):   1.641 | MAX(B2C) RT(ms): 27 | MAX(S2C) RT(ms): 26 | Consume Fail: 0
Current Time: 2026-08-24 05:31:40,712 | Consume TPS: 6041 | AVG(B2C) RT(ms):   2.311 | AVG(S2C) RT(ms):   1.675 | MAX(B2C) RT(ms): 56 | MAX(S2C) RT(ms): 55 | Consume Fail: 0
Current Time: 2026-08-24 05:31:50,712 | Consume TPS: 6121 | AVG(B2C) RT(ms):   2.165 | AVG(S2C) RT(ms):   1.536 | MAX(B2C) RT(ms): 65 | MAX(S2C) RT(ms): 65 | Consume Fail: 0
Current Time: 2026-08-24 05:32:00,712 | Consume TPS: 6077 | AVG(B2C) RT(ms):   2.303 | AVG(S2C) RT(ms):   1.668 | MAX(B2C) RT(ms): 33 | MAX(S2C) RT(ms): 32 | Consume Fail: 0
Current Time: 2026-08-24 05:32:10,712 | Consume TPS: 6002 | AVG(B2C) RT(ms):   2.229 | AVG(S2C) RT(ms):   1.577 | MAX(B2C) RT(ms): 123 | MAX(S2C) RT(ms): 122 | Consume Fail: 0
Current Time: 2026-08-24 05:32:20,712 | Consume TPS: 6105 | AVG(B2C) RT(ms):   2.154 | AVG(S2C) RT(ms):   1.526 | MAX(B2C) RT(ms): 48 | MAX(S2C) RT(ms): 47 | Consume Fail: 0
Current Time: 2026-08-24 05:32:30,712 | Consume TPS: 6015 | AVG(B2C) RT(ms):   2.486 | AVG(S2C) RT(ms):   1.843 | MAX(B2C) RT(ms): 170 | MAX(S2C) RT(ms): 169 | Consume Fail: 0
Current Time: 2026-08-24 05:32:40,712 | Consume TPS: 5978 | AVG(B2C) RT(ms):   2.262 | AVG(S2C) RT(ms):   1.612 | MAX(B2C) RT(ms): 177 | MAX(S2C) RT(ms): 176 | Consume Fail: 0
Current Time: 2026-08-24 05:32:50,712 | Consume TPS: 6106 | AVG(B2C) RT(ms):   2.180 | AVG(S2C) RT(ms):   1.544 | MAX(B2C) RT(ms): 30 | MAX(S2C) RT(ms): 29 | Consume Fail: 0
Current Time: 2026-08-24 05:33:00,712 | Consume TPS: 6105 | AVG(B2C) RT(ms):   2.247 | AVG(S2C) RT(ms):   1.619 | MAX(B2C) RT(ms): 210 | MAX(S2C) RT(ms): 209 | Consume Fail: 0
Current Time: 2026-08-24 05:33:10,712 | Consume TPS: 6085 | AVG(B2C) RT(ms):   2.237 | AVG(S2C) RT(ms):   1.601 | MAX(B2C) RT(ms): 235 | MAX(S2C) RT(ms): 234 | Consume Fail: 0
Current Time: 2026-08-24 05:33:20,712 | Consume TPS: 6113 | AVG(B2C) RT(ms):   2.149 | AVG(S2C) RT(ms):   1.520 | MAX(B2C) RT(ms): 12 | MAX(S2C) RT(ms): 12 | Consume Fail: 0
Current Time: 2026-08-24 05:33:30,712 | Consume TPS: 6137 | AVG(B2C) RT(ms):   2.169 | AVG(S2C) RT(ms):   1.540 | MAX(B2C) RT(ms): 14 | MAX(S2C) RT(ms): 13 | Consume Fail: 0
Current Time: 2026-08-24 05:33:40,712 | Consume TPS: 5910 | AVG(B2C) RT(ms):   2.456 | AVG(S2C) RT(ms):   1.796 | MAX(B2C) RT(ms): 45 | MAX(S2C) RT(ms): 45 | Consume Fail: 0
Current Time: 2026-08-24 05:33:50,712 | Consume TPS: 6119 | AVG(B2C) RT(ms):   2.208 | AVG(S2C) RT(ms):   1.577 | MAX(B2C) RT(ms): 632 | MAX(S2C) RT(ms): 631 | Consume Fail: 0
Current Time: 2026-08-24 05:34:00,712 | Consume TPS: 6125 | AVG(B2C) RT(ms):   2.184 | AVG(S2C) RT(ms):   1.561 | MAX(B2C) RT(ms): 311 | MAX(S2C) RT(ms): 310 | Consume Fail: 0
Current Time: 2026-08-24 05:34:10,712 | Consume TPS: 6139 | AVG(B2C) RT(ms):   2.218 | AVG(S2C) RT(ms):   1.595 | MAX(B2C) RT(ms): 288 | MAX(S2C) RT(ms): 288 | Consume Fail: 0
Current Time: 2026-08-24 05:34:20,712 | Consume TPS: 6119 | AVG(B2C) RT(ms):   2.177 | AVG(S2C) RT(ms):   1.545 | MAX(B2C) RT(ms): 263 | MAX(S2C) RT(ms): 263 | Consume Fail: 0
Current Time: 2026-08-24 05:34:30,712 | Consume TPS: 6135 | AVG(B2C) RT(ms):   2.160 | AVG(S2C) RT(ms):   1.541 | MAX(B2C) RT(ms): 47 | MAX(S2C) RT(ms): 46 | Consume Fail: 0
Current Time: 2026-08-24 05:34:40,712 | Consume TPS: 6068 | AVG(B2C) RT(ms):   2.178 | AVG(S2C) RT(ms):   1.536 | MAX(B2C) RT(ms): 74 | MAX(S2C) RT(ms): 73 | Consume Fail: 0
Current Time: 2026-08-24 05:34:50,712 | Consume TPS: 6101 | AVG(B2C) RT(ms):   2.198 | AVG(S2C) RT(ms):   1.563 | MAX(B2C) RT(ms): 215 | MAX(S2C) RT(ms): 215 | Consume Fail: 0
Current Time: 2026-08-24 05:35:00,712 | Consume TPS: 6126 | AVG(B2C) RT(ms):   2.516 | AVG(S2C) RT(ms):   1.890 | MAX(B2C) RT(ms): 202 | MAX(S2C) RT(ms): 201 | Consume Fail: 0
Current Time: 2026-08-24 05:35:10,712 | Consume TPS: 6139 | AVG(B2C) RT(ms):   2.234 | AVG(S2C) RT(ms):   1.603 | MAX(B2C) RT(ms): 229 | MAX(S2C) RT(ms): 229 | Consume Fail: 0
Current Time: 2026-08-24 05:35:20,712 | Consume TPS: 5956 | AVG(B2C) RT(ms):   2.648 | AVG(S2C) RT(ms):   1.994 | MAX(B2C) RT(ms): 44 | MAX(S2C) RT(ms): 43 | Consume Fail: 0
Current Time: 2026-08-24 05:35:30,712 | Consume TPS: 6108 | AVG(B2C) RT(ms):   2.258 | AVG(S2C) RT(ms):   1.628 | MAX(B2C) RT(ms): 239 | MAX(S2C) RT(ms): 238 | Consume Fail: 0
Current Time: 2026-08-24 05:35:40,712 | Consume TPS: 6097 | AVG(B2C) RT(ms):   2.313 | AVG(S2C) RT(ms):   1.680 | MAX(B2C) RT(ms): 180 | MAX(S2C) RT(ms): 179 | Consume Fail: 0
Current Time: 2026-08-24 05:35:50,712 | Consume TPS: 6083 | AVG(B2C) RT(ms):   2.365 | AVG(S2C) RT(ms):   1.725 | MAX(B2C) RT(ms): 179 | MAX(S2C) RT(ms): 179 | Consume Fail: 0
Current Time: 2026-08-24 05:36:00,712 | Consume TPS: 6140 | AVG(B2C) RT(ms):   2.162 | AVG(S2C) RT(ms):   1.536 | MAX(B2C) RT(ms): 25 | MAX(S2C) RT(ms): 25 | Consume Fail: 0
Current Time: 2026-08-24 05:36:10,712 | Consume TPS: 6091 | AVG(B2C) RT(ms):   2.189 | AVG(S2C) RT(ms):   1.556 | MAX(B2C) RT(ms): 104 | MAX(S2C) RT(ms): 104 | Consume Fail: 0
Current Time: 2026-08-24 05:36:20,712 | Consume TPS: 6103 | AVG(B2C) RT(ms):   2.259 | AVG(S2C) RT(ms):   1.634 | MAX(B2C) RT(ms): 61 | MAX(S2C) RT(ms): 60 | Consume Fail: 0
Current Time: 2026-08-24 05:36:30,712 | Consume TPS: 6049 | AVG(B2C) RT(ms):   2.678 | AVG(S2C) RT(ms):   2.038 | MAX(B2C) RT(ms): 98 | MAX(S2C) RT(ms): 97 | Consume Fail: 0
Current Time: 2026-08-24 05:36:40,712 | Consume TPS: 6015 | AVG(B2C) RT(ms):   2.238 | AVG(S2C) RT(ms):   1.595 | MAX(B2C) RT(ms): 70 | MAX(S2C) RT(ms): 70 | Consume Fail: 0
Current Time: 2026-08-24 05:36:50,712 | Consume TPS: 6150 | AVG(B2C) RT(ms):   2.629 | AVG(S2C) RT(ms):   2.003 | MAX(B2C) RT(ms): 74 | MAX(S2C) RT(ms): 74 | Consume Fail: 0
Current Time: 2026-08-24 05:37:00,712 | Consume TPS: 6107 | AVG(B2C) RT(ms):   2.202 | AVG(S2C) RT(ms):   1.569 | MAX(B2C) RT(ms): 66 | MAX(S2C) RT(ms): 66 | Consume Fail: 0
Current Time: 2026-08-24 05:37:10,712 | Consume TPS: 6162 | AVG(B2C) RT(ms):   2.187 | AVG(S2C) RT(ms):   1.562 | MAX(B2C) RT(ms): 71 | MAX(S2C) RT(ms): 71 | Consume Fail: 0
Current Time: 2026-08-24 05:37:20,712 | Consume TPS: 6116 | AVG(B2C) RT(ms):   2.815 | AVG(S2C) RT(ms):   2.182 | MAX(B2C) RT(ms): 795 | MAX(S2C) RT(ms): 794 | Consume Fail: 0
Current Time: 2026-08-24 05:37:30,712 | Consume TPS: 6100 | AVG(B2C) RT(ms):   2.262 | AVG(S2C) RT(ms):   1.624 | MAX(B2C) RT(ms): 800 | MAX(S2C) RT(ms): 799 | Consume Fail: 0
Current Time: 2026-08-24 05:37:40,712 | Consume TPS: 5997 | AVG(B2C) RT(ms):   2.694 | AVG(S2C) RT(ms):   2.047 | MAX(B2C) RT(ms): 875 | MAX(S2C) RT(ms): 874 | Consume Fail: 0
Current Time: 2026-08-24 05:37:50,712 | Consume TPS: 6097 | AVG(B2C) RT(ms):   2.169 | AVG(S2C) RT(ms):   1.532 | MAX(B2C) RT(ms): 31 | MAX(S2C) RT(ms): 30 | Consume Fail: 0
Current Time: 2026-08-24 05:38:00,713 | Consume TPS: 6071 | AVG(B2C) RT(ms):   2.238 | AVG(S2C) RT(ms):   1.598 | MAX(B2C) RT(ms): 766 | MAX(S2C) RT(ms): 765 | Consume Fail: 0
Current Time: 2026-08-24 05:38:10,712 | Consume TPS: 6106 | AVG(B2C) RT(ms):   2.210 | AVG(S2C) RT(ms):   1.581 | MAX(B2C) RT(ms): 789 | MAX(S2C) RT(ms): 788 | Consume Fail: 0
Current Time: 2026-08-24 05:38:20,712 | Consume TPS: 6121 | AVG(B2C) RT(ms):   2.325 | AVG(S2C) RT(ms):   1.692 | MAX(B2C) RT(ms): 95 | MAX(S2C) RT(ms): 95 | Consume Fail: 0
Current Time: 2026-08-24 05:38:30,712 | Consume TPS: 6129 | AVG(B2C) RT(ms):   2.169 | AVG(S2C) RT(ms):   1.538 | MAX(B2C) RT(ms): 120 | MAX(S2C) RT(ms): 120 | Consume Fail: 0
Current Time: 2026-08-24 05:38:40,712 | Consume TPS: 6087 | AVG(B2C) RT(ms):   2.184 | AVG(S2C) RT(ms):   1.551 | MAX(B2C) RT(ms): 158 | MAX(S2C) RT(ms): 157 | Consume Fail: 0
Current Time: 2026-08-24 05:38:50,712 | Consume TPS: 6134 | AVG(B2C) RT(ms):   2.643 | AVG(S2C) RT(ms):   2.018 | MAX(B2C) RT(ms): 220 | MAX(S2C) RT(ms): 219 | Consume Fail: 0
Current Time: 2026-08-24 05:39:00,712 | Consume TPS: 6138 | AVG(B2C) RT(ms):   2.207 | AVG(S2C) RT(ms):   1.579 | MAX(B2C) RT(ms): 201 | MAX(S2C) RT(ms): 200 | Consume Fail: 0
Current Time: 2026-08-24 05:39:10,712 | Consume TPS: 6138 | AVG(B2C) RT(ms):   2.168 | AVG(S2C) RT(ms):   1.544 | MAX(B2C) RT(ms): 189 | MAX(S2C) RT(ms): 188 | Consume Fail: 0
Current Time: 2026-08-24 05:39:20,712 | Consume TPS: 5974 | AVG(B2C) RT(ms):   2.852 | AVG(S2C) RT(ms):   2.207 | MAX(B2C) RT(ms): 188 | MAX(S2C) RT(ms): 187 | Consume Fail: 0
Current Time: 2026-08-24 05:39:30,712 | Consume TPS: 6120 | AVG(B2C) RT(ms):   2.176 | AVG(S2C) RT(ms):   1.547 | MAX(B2C) RT(ms): 173 | MAX(S2C) RT(ms): 172 | Consume Fail: 0
Current Time: 2026-08-24 05:39:40,712 | Consume TPS: 6085 | AVG(B2C) RT(ms):   2.158 | AVG(S2C) RT(ms):   1.523 | MAX(B2C) RT(ms): 58 | MAX(S2C) RT(ms): 57 | Consume Fail: 0
Current Time: 2026-08-24 05:39:50,712 | Consume TPS: 6116 | AVG(B2C) RT(ms):   2.151 | AVG(S2C) RT(ms):   1.524 | MAX(B2C) RT(ms): 57 | MAX(S2C) RT(ms): 57 | Consume Fail: 0
Current Time: 2026-08-24 05:40:00,712 | Consume TPS: 6086 | AVG(B2C) RT(ms):   2.163 | AVG(S2C) RT(ms):   1.530 | MAX(B2C) RT(ms): 112 | MAX(S2C) RT(ms): 111 | Consume Fail: 0
Current Time: 2026-08-24 05:40:10,712 | Consume TPS: 6112 | AVG(B2C) RT(ms):   2.272 | AVG(S2C) RT(ms):   1.640 | MAX(B2C) RT(ms): 142 | MAX(S2C) RT(ms): 141 | Consume Fail: 0
Current Time: 2026-08-24 05:40:20,712 | Consume TPS: 6141 | AVG(B2C) RT(ms):   2.160 | AVG(S2C) RT(ms):   1.531 | MAX(B2C) RT(ms): 75 | MAX(S2C) RT(ms): 75 | Consume Fail: 0
Current Time: 2026-08-24 05:40:30,712 | Consume TPS: 5993 | AVG(B2C) RT(ms):   2.849 | AVG(S2C) RT(ms):   2.205 | MAX(B2C) RT(ms): 113 | MAX(S2C) RT(ms): 113 | Consume Fail: 0
Current Time: 2026-08-24 05:40:40,712 | Consume TPS: 6142 | AVG(B2C) RT(ms):   2.163 | AVG(S2C) RT(ms):   1.537 | MAX(B2C) RT(ms): 90 | MAX(S2C) RT(ms): 89 | Consume Fail: 0
Current Time: 2026-08-24 05:40:50,712 | Consume TPS: 6099 | AVG(B2C) RT(ms):   2.176 | AVG(S2C) RT(ms):   1.541 | MAX(B2C) RT(ms): 125 | MAX(S2C) RT(ms): 124 | Consume Fail: 0
Current Time: 2026-08-24 05:41:00,712 | Consume TPS: 6070 | AVG(B2C) RT(ms):   2.163 | AVG(S2C) RT(ms):   1.528 | MAX(B2C) RT(ms): 17 | MAX(S2C) RT(ms): 17 | Consume Fail: 0
Current Time: 2026-08-24 05:41:10,712 | Consume TPS: 6094 | AVG(B2C) RT(ms):   2.157 | AVG(S2C) RT(ms):   1.524 | MAX(B2C) RT(ms): 77 | MAX(S2C) RT(ms): 77 | Consume Fail: 0
Current Time: 2026-08-24 05:41:20,712 | Consume TPS: 6129 | AVG(B2C) RT(ms):   2.156 | AVG(S2C) RT(ms):   1.530 | MAX(B2C) RT(ms): 53 | MAX(S2C) RT(ms): 52 | Consume Fail: 0
Current Time: 2026-08-24 05:41:30,712 | Consume TPS: 6133 | AVG(B2C) RT(ms):   2.322 | AVG(S2C) RT(ms):   1.699 | MAX(B2C) RT(ms): 54 | MAX(S2C) RT(ms): 54 | Consume Fail: 0
Current Time: 2026-08-24 05:41:40,712 | Consume TPS: 5996 | AVG(B2C) RT(ms):   2.427 | AVG(S2C) RT(ms):   1.780 | MAX(B2C) RT(ms): 67 | MAX(S2C) RT(ms): 66 | Consume Fail: 0
Current Time: 2026-08-24 05:41:50,712 | Consume TPS: 6117 | AVG(B2C) RT(ms):   2.231 | AVG(S2C) RT(ms):   1.599 | MAX(B2C) RT(ms): 114 | MAX(S2C) RT(ms): 113 | Consume Fail: 0
Current Time: 2026-08-24 05:42:00,712 | Consume TPS: 6035 | AVG(B2C) RT(ms):   2.277 | AVG(S2C) RT(ms):   1.636 | MAX(B2C) RT(ms): 26 | MAX(S2C) RT(ms): 25 | Consume Fail: 0
Current Time: 2026-08-24 05:42:10,712 | Consume TPS: 6104 | AVG(B2C) RT(ms):   2.185 | AVG(S2C) RT(ms):   1.559 | MAX(B2C) RT(ms): 111 | MAX(S2C) RT(ms): 110 | Consume Fail: 0
Current Time: 2026-08-24 05:42:20,712 | Consume TPS: 6121 | AVG(B2C) RT(ms):   2.137 | AVG(S2C) RT(ms):   1.509 | MAX(B2C) RT(ms): 40 | MAX(S2C) RT(ms): 39 | Consume Fail: 0
Current Time: 2026-08-24 05:42:30,712 | Consume TPS: 6101 | AVG(B2C) RT(ms):   2.195 | AVG(S2C) RT(ms):   1.562 | MAX(B2C) RT(ms): 74 | MAX(S2C) RT(ms): 74 | Consume Fail: 0
Current Time: 2026-08-24 05:42:40,712 | Consume TPS: 6129 | AVG(B2C) RT(ms):   2.308 | AVG(S2C) RT(ms):   1.681 | MAX(B2C) RT(ms): 115 | MAX(S2C) RT(ms): 114 | Consume Fail: 0
Current Time: 2026-08-24 05:42:50,712 | Consume TPS: 5987 | AVG(B2C) RT(ms):   2.431 | AVG(S2C) RT(ms):   1.777 | MAX(B2C) RT(ms): 119 | MAX(S2C) RT(ms): 118 | Consume Fail: 0
Current Time: 2026-08-24 05:43:00,712 | Consume TPS: 6174 | AVG(B2C) RT(ms):   2.910 | AVG(S2C) RT(ms):   2.287 | MAX(B2C) RT(ms): 73 | MAX(S2C) RT(ms): 72 | Consume Fail: 0
Current Time: 2026-08-24 05:43:10,712 | Consume TPS: 6150 | AVG(B2C) RT(ms):   2.251 | AVG(S2C) RT(ms):   1.628 | MAX(B2C) RT(ms): 40 | MAX(S2C) RT(ms): 39 | Consume Fail: 0
Current Time: 2026-08-24 05:43:20,712 | Consume TPS: 6143 | AVG(B2C) RT(ms):   2.200 | AVG(S2C) RT(ms):   1.573 | MAX(B2C) RT(ms): 435 | MAX(S2C) RT(ms): 434 | Consume Fail: 0
Current Time: 2026-08-24 05:43:30,712 | Consume TPS: 6128 | AVG(B2C) RT(ms):   2.208 | AVG(S2C) RT(ms):   1.576 | MAX(B2C) RT(ms): 442 | MAX(S2C) RT(ms): 441 | Consume Fail: 0
Current Time: 2026-08-24 05:43:40,712 | Consume TPS: 6161 | AVG(B2C) RT(ms):   2.195 | AVG(S2C) RT(ms):   1.572 | MAX(B2C) RT(ms): 125 | MAX(S2C) RT(ms): 124 | Consume Fail: 0
Current Time: 2026-08-24 05:43:50,712 | Consume TPS: 6074 | AVG(B2C) RT(ms):   2.524 | AVG(S2C) RT(ms):   1.882 | MAX(B2C) RT(ms): 44 | MAX(S2C) RT(ms): 43 | Consume Fail: 0
Current Time: 2026-08-24 05:44:00,712 | Consume TPS: 6080 | AVG(B2C) RT(ms):   2.199 | AVG(S2C) RT(ms):   1.566 | MAX(B2C) RT(ms): 60 | MAX(S2C) RT(ms): 60 | Consume Fail: 0
Current Time: 2026-08-24 05:44:10,712 | Consume TPS: 6048 | AVG(B2C) RT(ms):   2.320 | AVG(S2C) RT(ms):   1.680 | MAX(B2C) RT(ms): 54 | MAX(S2C) RT(ms): 53 | Consume Fail: 0
Current Time: 2026-08-24 05:44:20,712 | Consume TPS: 6147 | AVG(B2C) RT(ms):   2.149 | AVG(S2C) RT(ms):   1.531 | MAX(B2C) RT(ms): 47 | MAX(S2C) RT(ms): 47 | Consume Fail: 0
Current Time: 2026-08-24 05:44:30,712 | Consume TPS: 6018 | AVG(B2C) RT(ms):   3.017 | AVG(S2C) RT(ms):   2.379 | MAX(B2C) RT(ms): 82 | MAX(S2C) RT(ms): 81 | Consume Fail: 0
Current Time: 2026-08-24 05:44:40,712 | Consume TPS: 6040 | AVG(B2C) RT(ms):   2.232 | AVG(S2C) RT(ms):   1.589 | MAX(B2C) RT(ms): 72 | MAX(S2C) RT(ms): 71 | Consume Fail: 0
Current Time: 2026-08-24 05:44:50,712 | Consume TPS: 6068 | AVG(B2C) RT(ms):   2.146 | AVG(S2C) RT(ms):   1.515 | MAX(B2C) RT(ms): 12 | MAX(S2C) RT(ms): 11 | Consume Fail: 0
Current Time: 2026-08-24 05:45:00,712 | Consume TPS: 6031 | AVG(B2C) RT(ms):   2.357 | AVG(S2C) RT(ms):   1.716 | MAX(B2C) RT(ms): 39 | MAX(S2C) RT(ms): 39 | Consume Fail: 0
Current Time: 2026-08-24 05:45:10,712 | Consume TPS: 6120 | AVG(B2C) RT(ms):   4.678 | AVG(S2C) RT(ms):   4.051 | MAX(B2C) RT(ms): 151 | MAX(S2C) RT(ms): 151 | Consume Fail: 0
Current Time: 2026-08-24 05:45:20,712 | Consume TPS: 6086 | AVG(B2C) RT(ms):   2.255 | AVG(S2C) RT(ms):   1.620 | MAX(B2C) RT(ms): 33 | MAX(S2C) RT(ms): 33 | Consume Fail: 0
Current Time: 2026-08-24 05:45:30,712 | Consume TPS: 6114 | AVG(B2C) RT(ms):   2.144 | AVG(S2C) RT(ms):   1.513 | MAX(B2C) RT(ms): 14 | MAX(S2C) RT(ms): 13 | Consume Fail: 0
Current Time: 2026-08-24 05:45:40,712 | Consume TPS: 5836 | AVG(B2C) RT(ms):   2.551 | AVG(S2C) RT(ms):   1.873 | MAX(B2C) RT(ms): 163 | MAX(S2C) RT(ms): 163 | Consume Fail: 0
Current Time: 2026-08-24 05:45:50,712 | Consume TPS: 6075 | AVG(B2C) RT(ms):   2.184 | AVG(S2C) RT(ms):   1.544 | MAX(B2C) RT(ms): 164 | MAX(S2C) RT(ms): 164 | Consume Fail: 0
Current Time: 2026-08-24 05:46:00,712 | Consume TPS: 6110 | AVG(B2C) RT(ms):   2.309 | AVG(S2C) RT(ms):   1.678 | MAX(B2C) RT(ms): 168 | MAX(S2C) RT(ms): 168 | Consume Fail: 0
Current Time: 2026-08-24 05:46:10,712 | Consume TPS: 6098 | AVG(B2C) RT(ms):   2.189 | AVG(S2C) RT(ms):   1.556 | MAX(B2C) RT(ms): 400 | MAX(S2C) RT(ms): 400 | Consume Fail: 0
Current Time: 2026-08-24 05:46:20,712 | Consume TPS: 6084 | AVG(B2C) RT(ms):   2.927 | AVG(S2C) RT(ms):   2.291 | MAX(B2C) RT(ms): 415 | MAX(S2C) RT(ms): 415 | Consume Fail: 0
Current Time: 2026-08-24 05:46:30,712 | Consume TPS: 6115 | AVG(B2C) RT(ms):   2.150 | AVG(S2C) RT(ms):   1.520 | MAX(B2C) RT(ms): 379 | MAX(S2C) RT(ms): 378 | Consume Fail: 0
Current Time: 2026-08-24 05:46:40,712 | Consume TPS: 5992 | AVG(B2C) RT(ms):   2.232 | AVG(S2C) RT(ms):   1.579 | MAX(B2C) RT(ms): 98 | MAX(S2C) RT(ms): 97 | Consume Fail: 0
Current Time: 2026-08-24 05:46:50,712 | Consume TPS: 5953 | AVG(B2C) RT(ms):   2.679 | AVG(S2C) RT(ms):   2.022 | MAX(B2C) RT(ms): 125 | MAX(S2C) RT(ms): 124 | Consume Fail: 0
Current Time: 2026-08-24 05:47:00,712 | Consume TPS: 6111 | AVG(B2C) RT(ms):   2.304 | AVG(S2C) RT(ms):   1.672 | MAX(B2C) RT(ms): 35 | MAX(S2C) RT(ms): 34 | Consume Fail: 0
Current Time: 2026-08-24 05:47:10,712 | Consume TPS: 6073 | AVG(B2C) RT(ms):   3.339 | AVG(S2C) RT(ms):   2.699 | MAX(B2C) RT(ms): 96 | MAX(S2C) RT(ms): 96 | Consume Fail: 0
Current Time: 2026-08-24 05:47:20,712 | Consume TPS: 6141 | AVG(B2C) RT(ms):   2.172 | AVG(S2C) RT(ms):   1.543 | MAX(B2C) RT(ms): 84 | MAX(S2C) RT(ms): 83 | Consume Fail: 0
Current Time: 2026-08-24 05:47:30,712 | Consume TPS: 6144 | AVG(B2C) RT(ms):   2.141 | AVG(S2C) RT(ms):   1.517 | MAX(B2C) RT(ms): 111 | MAX(S2C) RT(ms): 110 | Consume Fail: 0
Current Time: 2026-08-24 05:47:40,712 | Consume TPS: 6026 | AVG(B2C) RT(ms):   2.436 | AVG(S2C) RT(ms):   1.791 | MAX(B2C) RT(ms): 134 | MAX(S2C) RT(ms): 133 | Consume Fail: 0
Current Time: 2026-08-24 05:47:50,712 | Consume TPS: 6084 | AVG(B2C) RT(ms):   2.392 | AVG(S2C) RT(ms):   1.755 | MAX(B2C) RT(ms): 130 | MAX(S2C) RT(ms): 129 | Consume Fail: 0
Current Time: 2026-08-24 05:48:00,712 | Consume TPS: 6137 | AVG(B2C) RT(ms):   2.260 | AVG(S2C) RT(ms):   1.635 | MAX(B2C) RT(ms): 158 | MAX(S2C) RT(ms): 158 | Consume Fail: 0
Current Time: 2026-08-24 05:48:10,712 | Consume TPS: 6104 | AVG(B2C) RT(ms):   2.304 | AVG(S2C) RT(ms):   1.669 | MAX(B2C) RT(ms): 44 | MAX(S2C) RT(ms): 43 | Consume Fail: 0
Current Time: 2026-08-24 05:48:20,712 | Consume TPS: 6103 | AVG(B2C) RT(ms):   2.154 | AVG(S2C) RT(ms):   1.525 | MAX(B2C) RT(ms): 178 | MAX(S2C) RT(ms): 177 | Consume Fail: 0
Current Time: 2026-08-24 05:48:30,712 | Consume TPS: 5989 | AVG(B2C) RT(ms):   2.510 | AVG(S2C) RT(ms):   1.863 | MAX(B2C) RT(ms): 201 | MAX(S2C) RT(ms): 200 | Consume Fail: 0
Current Time: 2026-08-24 05:48:40,712 | Consume TPS: 6057 | AVG(B2C) RT(ms):   2.232 | AVG(S2C) RT(ms):   1.594 | MAX(B2C) RT(ms): 47 | MAX(S2C) RT(ms): 47 | Consume Fail: 0
Current Time: 2026-08-24 05:48:50,712 | Consume TPS: 6068 | AVG(B2C) RT(ms):   2.323 | AVG(S2C) RT(ms):   1.682 | MAX(B2C) RT(ms): 139 | MAX(S2C) RT(ms): 138 | Consume Fail: 0
Current Time: 2026-08-24 05:49:00,712 | Consume TPS: 6081 | AVG(B2C) RT(ms):   2.140 | AVG(S2C) RT(ms):   1.504 | MAX(B2C) RT(ms): 124 | MAX(S2C) RT(ms): 123 | Consume Fail: 0
Current Time: 2026-08-24 05:49:10,712 | Consume TPS: 6075 | AVG(B2C) RT(ms):   2.175 | AVG(S2C) RT(ms):   1.539 | MAX(B2C) RT(ms): 42 | MAX(S2C) RT(ms): 41 | Consume Fail: 0
Current Time: 2026-08-24 05:49:20,712 | Consume TPS: 6079 | AVG(B2C) RT(ms):   2.602 | AVG(S2C) RT(ms):   1.963 | MAX(B2C) RT(ms): 116 | MAX(S2C) RT(ms): 115 | Consume Fail: 0
Current Time: 2026-08-24 05:49:30,712 | Consume TPS: 6079 | AVG(B2C) RT(ms):   2.182 | AVG(S2C) RT(ms):   1.552 | MAX(B2C) RT(ms): 109 | MAX(S2C) RT(ms): 109 | Consume Fail: 0
Current Time: 2026-08-24 05:49:40,712 | Consume TPS: 6039 | AVG(B2C) RT(ms):   2.555 | AVG(S2C) RT(ms):   1.913 | MAX(B2C) RT(ms): 91 | MAX(S2C) RT(ms): 90 | Consume Fail: 0
Current Time: 2026-08-24 05:49:50,712 | Consume TPS: 6051 | AVG(B2C) RT(ms):   2.316 | AVG(S2C) RT(ms):   1.673 | MAX(B2C) RT(ms): 31 | MAX(S2C) RT(ms): 30 | Consume Fail: 0
