CompileCommand: exclude org/apache/rocketmq/remoting/protocol/RemotingCommand.decodeCommandCustomHeaderDirectly bool exclude = true
02:50:35,822 |-INFO in org.apache.rocketmq.logging.ch.qos.logback.classic.LoggerContext[default] - This is logback-classic version 1.3.5-rocketmq
02:50:35,910 |-INFO in org.apache.rocketmq.logging.ch.qos.logback.classic.LoggerContext[default] - Found resource [/root/rocketmq-all-5.5.0-bin-release/conf/rmq.broker.logback.xml] at [file:/root/rocketmq-all-5.5.0-bin-release/conf/rmq.broker.logback.xml]
02:50:36,216 |-WARN in org.apache.rocketmq.logging.ch.qos.logback.classic.joran.action.LevelAction - <level> element is deprecated. Near [level] on line 735
02:50:36,216 |-WARN in org.apache.rocketmq.logging.ch.qos.logback.classic.joran.action.LevelAction - Please use "level" attribute within <logger> or <root> elements instead.
02:50:36,377 |-INFO in org.apache.rocketmq.logging.ch.qos.logback.classic.model.processor.ConfigurationModelHandler - Registering a new ReconfigureOnChangeTask ReconfigureOnChangeTask(born:1787943036377)
02:50:36,379 |-INFO in org.apache.rocketmq.logging.ch.qos.logback.classic.model.processor.ConfigurationModelHandler - Will scan for changes in [file:/root/rocketmq-all-5.5.0-bin-release/conf/rmq.broker.logback.xml] 
02:50:36,379 |-INFO in org.apache.rocketmq.logging.ch.qos.logback.classic.model.processor.ConfigurationModelHandler - Setting ReconfigureOnChangeTask scanning period to 30 seconds
02:50:36,393 |-INFO in org.apache.rocketmq.logging.ch.qos.logback.core.model.processor.AppenderModelHandler - Processing appender named [DefaultSiftingAppender_inner]
02:50:36,393 |-INFO in org.apache.rocketmq.logging.ch.qos.logback.core.model.processor.AppenderModelHandler - About to instantiate appender of type [org.apache.rocketmq.logging.ch.qos.logback.classic.sift.SiftingAppender]
02:50:36,419 |-INFO in org.apache.rocketmq.logging.ch.qos.logback.core.model.processor.ImplicitModelHandler - Assuming default type [org.apache.rocketmq.logging.ch.qos.logback.classic.sift.MDCBasedDiscriminator] for [discriminator] property
02:50:36,440 |-INFO in org.apache.rocketmq.logging.ch.qos.logback.core.model.processor.AppenderModelHandler - Processing appender named [DefaultSiftingAppender]
02:50:36,440 |-INFO in org.apache.rocketmq.logging.ch.qos.logback.core.model.processor.AppenderModelHandler - About to instantiate appender of type [org.apache.rocketmq.logging.ch.qos.logback.classic.AsyncAppender]
02:50:36,445 |-INFO in org.apache.rocketmq.logging.ch.qos.logback.core.model.processor.AppenderRefModelHandler - Attaching appender named [DefaultSiftingAppender_inner] to org.apache.rocketmq.logging.ch.qos.logback.classic.AsyncAppender[DefaultSiftingAppender]
02:50:36,445 |-INFO in org.apache.rocketmq.logging.ch.qos.logback.classic.AsyncAppender[DefaultSiftingAppender] - Attaching appender named [DefaultSiftingAppender_inner] to AsyncAppender.
02:50:36,446 |-INFO in org.apache.rocketmq.logging.ch.qos.logback.classic.AsyncAppender[DefaultSiftingAppender] - Setting discardingThreshold to 51
02:50:36,447 |-INFO in org.apache.rocketmq.logging.ch.qos.logback.core.model.processor.AppenderModelHandler - Processing appender named [RocketmqBrokerSiftingAppender_inner]
02:50:36,447 |-INFO in org.apache.rocketmq.logging.ch.qos.logback.core.model.processor.AppenderModelHandler - About to instantiate appender of type [org.apache.rocketmq.logging.ch.qos.logback.classic.sift.SiftingAppender]
02:50:36,447 |-INFO in org.apache.rocketmq.logging.ch.qos.logback.core.model.processor.ImplicitModelHandler - Assuming default type [org.apache.rocketmq.logging.ch.qos.logback.classic.sift.MDCBasedDiscriminator] for [discriminator] property
02:50:36,448 |-INFO in org.apache.rocketmq.logging.ch.qos.logback.core.model.processor.AppenderModelHandler - Processing appender named [RocketmqBrokerSiftingAppender]
02:50:36,448 |-INFO in org.apache.rocketmq.logging.ch.qos.logback.core.model.processor.AppenderModelHandler - About to instantiate appender of type [org.apache.rocketmq.logging.ch.qos.logback.classic.AsyncAppender]
02:50:36,448 |-INFO in org.apache.rocketmq.logging.ch.qos.logback.core.model.processor.AppenderRefModelHandler - Attaching appender named [RocketmqBrokerSiftingAppender_inner] to org.apache.rocketmq.logging.ch.qos.logback.classic.AsyncAppender[RocketmqBrokerSiftingAppender]
02:50:36,448 |-INFO in org.apache.rocketmq.logging.ch.qos.logback.classic.AsyncAppender[RocketmqBrokerSiftingAppender] - Attaching appender named [RocketmqBrokerSiftingAppender_inner] to AsyncAppender.
02:50:36,448 |-INFO in org.apache.rocketmq.logging.ch.qos.logback.classic.AsyncAppender[RocketmqBrokerSiftingAppender] - Setting discardingThreshold to 51
02:50:36,449 |-INFO in org.apache.rocketmq.logging.ch.qos.logback.core.model.processor.AppenderModelHandler - Processing appender named [RocketmqProtectionSiftingAppender_inner]
02:50:36,449 |-INFO in org.apache.rocketmq.logging.ch.qos.logback.core.model.processor.AppenderModelHandler - About to instantiate appender of type [org.apache.rocketmq.logging.ch.qos.logback.classic.sift.SiftingAppender]
02:50:36,449 |-INFO in org.apache.rocketmq.logging.ch.qos.logback.core.model.processor.ImplicitModelHandler - Assuming default type [org.apache.rocketmq.logging.ch.qos.logback.classic.sift.MDCBasedDiscriminator] for [discriminator] property
02:50:36,449 |-INFO in org.apache.rocketmq.logging.ch.qos.logback.core.model.processor.AppenderModelHandler - Processing appender named [RocketmqProtectionSiftingAppender]
02:50:36,449 |-INFO in org.apache.rocketmq.logging.ch.qos.logback.core.model.processor.AppenderModelHandler - About to instantiate appender of type [org.apache.rocketmq.logging.ch.qos.logback.classic.AsyncAppender]
02:50:36,450 |-INFO in org.apache.rocketmq.logging.ch.qos.logback.core.model.processor.AppenderRefModelHandler - Attaching appender named [RocketmqProtectionSiftingAppender_inner] to org.apache.rocketmq.logging.ch.qos.logback.classic.AsyncAppender[RocketmqProtectionSiftingAppender]
02:50:36,450 |-INFO in org.apache.rocketmq.logging.ch.qos.logback.classic.AsyncAppender[RocketmqProtectionSiftingAppender] - Attaching appender named [RocketmqProtectionSiftingAppender_inner] to AsyncAppender.
02:50:36,450 |-INFO in org.apache.rocketmq.logging.ch.qos.logback.classic.AsyncAppender[RocketmqProtectionSiftingAppender] - Setting discardingThreshold to 51
02:50:36,450 |-INFO in org.apache.rocketmq.logging.ch.qos.logback.core.model.processor.AppenderModelHandler - Processing appender named [RocketmqWaterMarkSiftingAppender_inner]
02:50:36,450 |-INFO in org.apache.rocketmq.logging.ch.qos.logback.core.model.processor.AppenderModelHandler - About to instantiate appender of type [org.apache.rocketmq.logging.ch.qos.logback.classic.sift.SiftingAppender]
02:50:36,450 |-INFO in org.apache.rocketmq.logging.ch.qos.logback.core.model.processor.ImplicitModelHandler - Assuming default type [org.apache.rocketmq.logging.ch.qos.logback.classic.sift.MDCBasedDiscriminator] for [discriminator] property
02:50:36,451 |-INFO in org.apache.rocketmq.logging.ch.qos.logback.core.model.processor.AppenderModelHandler - Processing appender named [RocketmqWaterMarkSiftingAppender]
02:50:36,451 |-INFO in org.apache.rocketmq.logging.ch.qos.logback.core.model.processor.AppenderModelHandler - About to instantiate appender of type [org.apache.rocketmq.logging.ch.qos.logback.classic.AsyncAppender]
02:50:36,451 |-INFO in org.apache.rocketmq.logging.ch.qos.logback.core.model.processor.AppenderRefModelHandler - Attaching appender named [RocketmqWaterMarkSiftingAppender_inner] to org.apache.rocketmq.logging.ch.qos.logback.classic.AsyncAppender[RocketmqWaterMarkSiftingAppender]
02:50:36,451 |-INFO in org.apache.rocketmq.logging.ch.qos.logback.classic.AsyncAppender[RocketmqWaterMarkSiftingAppender] - Attaching appender named [RocketmqWaterMarkSiftingAppender_inner] to AsyncAppender.
02:50:36,451 |-INFO in org.apache.rocketmq.logging.ch.qos.logback.classic.AsyncAppender[RocketmqWaterMarkSiftingAppender] - Setting discardingThreshold to 51
02:50:36,451 |-INFO in org.apache.rocketmq.logging.ch.qos.logback.core.model.processor.AppenderModelHandler - Processing appender named [RocketmqRocksDBSiftingAppender_inner]
02:50:36,451 |-INFO in org.apache.rocketmq.logging.ch.qos.logback.core.model.processor.AppenderModelHandler - About to instantiate appender of type [org.apache.rocketmq.logging.ch.qos.logback.classic.sift.SiftingAppender]
02:50:36,452 |-INFO in org.apache.rocketmq.logging.ch.qos.logback.core.model.processor.ImplicitModelHandler - Assuming default type [org.apache.rocketmq.logging.ch.qos.logback.classic.sift.MDCBasedDiscriminator] for [discriminator] property
02:50:36,453 |-INFO in org.apache.rocketmq.logging.ch.qos.logback.core.model.processor.AppenderModelHandler - Processing appender named [RocketmqRocksDBSiftingAppender]
02:50:36,453 |-INFO in org.apache.rocketmq.logging.ch.qos.logback.core.model.processor.AppenderModelHandler - About to instantiate appender of type [org.apache.rocketmq.logging.ch.qos.logback.classic.AsyncAppender]
02:50:36,453 |-INFO in org.apache.rocketmq.logging.ch.qos.logback.core.model.processor.AppenderRefModelHandler - Attaching appender named [RocketmqRocksDBSiftingAppender_inner] to org.apache.rocketmq.logging.ch.qos.logback.classic.AsyncAppender[RocketmqRocksDBSiftingAppender]
02:50:36,453 |-INFO in org.apache.rocketmq.logging.ch.qos.logback.classic.AsyncAppender[RocketmqRocksDBSiftingAppender] - Attaching appender named [RocketmqRocksDBSiftingAppender_inner] to AsyncAppender.
02:50:36,453 |-INFO in org.apache.rocketmq.logging.ch.qos.logback.classic.AsyncAppender[RocketmqRocksDBSiftingAppender] - Setting discardingThreshold to 51
02:50:36,453 |-INFO in org.apache.rocketmq.logging.ch.qos.logback.core.model.processor.AppenderModelHandler - Processing appender named [RocketmqStoreSiftingAppender_inner]
02:50:36,453 |-INFO in org.apache.rocketmq.logging.ch.qos.logback.core.model.processor.AppenderModelHandler - About to instantiate appender of type [org.apache.rocketmq.logging.ch.qos.logback.classic.sift.SiftingAppender]
02:50:36,453 |-INFO in org.apache.rocketmq.logging.ch.qos.logback.core.model.processor.ImplicitModelHandler - Assuming default type [org.apache.rocketmq.logging.ch.qos.logback.classic.sift.MDCBasedDiscriminator] for [discriminator] property
02:50:36,454 |-INFO in org.apache.rocketmq.logging.ch.qos.logback.core.model.processor.AppenderModelHandler - Processing appender named [RocketmqStoreSiftingAppender]
02:50:36,454 |-INFO in org.apache.rocketmq.logging.ch.qos.logback.core.model.processor.AppenderModelHandler - About to instantiate appender of type [org.apache.rocketmq.logging.ch.qos.logback.classic.AsyncAppender]
02:50:36,454 |-INFO in org.apache.rocketmq.logging.ch.qos.logback.core.model.processor.AppenderRefModelHandler - Attaching appender named [RocketmqStoreSiftingAppender_inner] to org.apache.rocketmq.logging.ch.qos.logback.classic.AsyncAppender[RocketmqStoreSiftingAppender]
02:50:36,454 |-INFO in org.apache.rocketmq.logging.ch.qos.logback.classic.AsyncAppender[RocketmqStoreSiftingAppender] - Attaching appender named [RocketmqStoreSiftingAppender_inner] to AsyncAppender.
02:50:36,454 |-INFO in org.apache.rocketmq.logging.ch.qos.logback.classic.AsyncAppender[RocketmqStoreSiftingAppender] - Setting discardingThreshold to 51
02:50:36,455 |-INFO in org.apache.rocketmq.logging.ch.qos.logback.core.model.processor.AppenderModelHandler - Processing appender named [RocketmqTieredStoreSiftingAppender_inner]
02:50:36,455 |-INFO in org.apache.rocketmq.logging.ch.qos.logback.core.model.processor.AppenderModelHandler - About to instantiate appender of type [org.apache.rocketmq.logging.ch.qos.logback.classic.sift.SiftingAppender]
02:50:36,455 |-INFO in org.apache.rocketmq.logging.ch.qos.logback.core.model.processor.ImplicitModelHandler - Assuming default type [org.apache.rocketmq.logging.ch.qos.logback.classic.sift.MDCBasedDiscriminator] for [discriminator] property
02:50:36,455 |-INFO in org.apache.rocketmq.logging.ch.qos.logback.core.model.processor.AppenderModelHandler - Processing appender named [RocketmqTieredStoreSiftingAppender]
02:50:36,455 |-INFO in org.apache.rocketmq.logging.ch.qos.logback.core.model.processor.AppenderModelHandler - About to instantiate appender of type [org.apache.rocketmq.logging.ch.qos.logback.classic.AsyncAppender]
02:50:36,456 |-INFO in org.apache.rocketmq.logging.ch.qos.logback.core.model.processor.AppenderRefModelHandler - Attaching appender named [RocketmqTieredStoreSiftingAppender_inner] to org.apache.rocketmq.logging.ch.qos.logback.classic.AsyncAppender[RocketmqTieredStoreSiftingAppender]
02:50:36,456 |-INFO in org.apache.rocketmq.logging.ch.qos.logback.classic.AsyncAppender[RocketmqTieredStoreSiftingAppender] - Attaching appender named [RocketmqTieredStoreSiftingAppender_inner] to AsyncAppender.
02:50:36,456 |-INFO in org.apache.rocketmq.logging.ch.qos.logback.classic.AsyncAppender[RocketmqTieredStoreSiftingAppender] - Setting discardingThreshold to 51
02:50:36,456 |-INFO in org.apache.rocketmq.logging.ch.qos.logback.core.model.processor.AppenderModelHandler - Processing appender named [RocketmqTrafficSiftingAppender_inner]
02:50:36,456 |-INFO in org.apache.rocketmq.logging.ch.qos.logback.core.model.processor.AppenderModelHandler - About to instantiate appender of type [org.apache.rocketmq.logging.ch.qos.logback.classic.sift.SiftingAppender]
02:50:36,456 |-INFO in org.apache.rocketmq.logging.ch.qos.logback.core.model.processor.ImplicitModelHandler - Assuming default type [org.apache.rocketmq.logging.ch.qos.logback.classic.sift.MDCBasedDiscriminator] for [discriminator] property
02:50:36,457 |-INFO in org.apache.rocketmq.logging.ch.qos.logback.core.model.processor.AppenderModelHandler - Processing appender named [RocketmqTrafficSiftingAppender]
02:50:36,457 |-INFO in org.apache.rocketmq.logging.ch.qos.logback.core.model.processor.AppenderModelHandler - About to instantiate appender of type [org.apache.rocketmq.logging.ch.qos.logback.classic.AsyncAppender]
02:50:36,457 |-INFO in org.apache.rocketmq.logging.ch.qos.logback.core.model.processor.AppenderRefModelHandler - Attaching appender named [RocketmqTrafficSiftingAppender_inner] to org.apache.rocketmq.logging.ch.qos.logback.classic.AsyncAppender[RocketmqTrafficSiftingAppender]
02:50:36,457 |-INFO in org.apache.rocketmq.logging.ch.qos.logback.classic.AsyncAppender[RocketmqTrafficSiftingAppender] - Attaching appender named [RocketmqTrafficSiftingAppender_inner] to AsyncAppender.
02:50:36,457 |-INFO in org.apache.rocketmq.logging.ch.qos.logback.classic.AsyncAppender[RocketmqTrafficSiftingAppender] - Setting discardingThreshold to 51
02:50:36,457 |-INFO in org.apache.rocketmq.logging.ch.qos.logback.core.model.processor.AppenderModelHandler - Processing appender named [RocketmqRemotingSiftingAppender_inner]
02:50:36,457 |-INFO in org.apache.rocketmq.logging.ch.qos.logback.core.model.processor.AppenderModelHandler - About to instantiate appender of type [org.apache.rocketmq.logging.ch.qos.logback.classic.sift.SiftingAppender]
02:50:36,458 |-INFO in org.apache.rocketmq.logging.ch.qos.logback.core.model.processor.ImplicitModelHandler - Assuming default type [org.apache.rocketmq.logging.ch.qos.logback.classic.sift.MDCBasedDiscriminator] for [discriminator] property
02:50:36,458 |-INFO in org.apache.rocketmq.logging.ch.qos.logback.core.model.processor.AppenderModelHandler - Processing appender named [RocketmqRemotingSiftingAppender]
02:50:36,458 |-INFO in org.apache.rocketmq.logging.ch.qos.logback.core.model.processor.AppenderModelHandler - About to instantiate appender of type [org.apache.rocketmq.logging.ch.qos.logback.classic.AsyncAppender]
02:50:36,458 |-INFO in org.apache.rocketmq.logging.ch.qos.logback.core.model.processor.AppenderRefModelHandler - Attaching appender named [RocketmqRemotingSiftingAppender_inner] to org.apache.rocketmq.logging.ch.qos.logback.classic.AsyncAppender[RocketmqRemotingSiftingAppender]
02:50:36,458 |-INFO in org.apache.rocketmq.logging.ch.qos.logback.classic.AsyncAppender[RocketmqRemotingSiftingAppender] - Attaching appender named [RocketmqRemotingSiftingAppender_inner] to AsyncAppender.
02:50:36,458 |-INFO in org.apache.rocketmq.logging.ch.qos.logback.classic.AsyncAppender[RocketmqRemotingSiftingAppender] - Setting discardingThreshold to 51
02:50:36,459 |-INFO in org.apache.rocketmq.logging.ch.qos.logback.core.model.processor.AppenderModelHandler - Processing appender named [RocketmqStoreErrorSiftingAppender_inner]
02:50:36,459 |-INFO in org.apache.rocketmq.logging.ch.qos.logback.core.model.processor.AppenderModelHandler - About to instantiate appender of type [org.apache.rocketmq.logging.ch.qos.logback.classic.sift.SiftingAppender]
02:50:36,459 |-INFO in org.apache.rocketmq.logging.ch.qos.logback.core.model.processor.ImplicitModelHandler - Assuming default type [org.apache.rocketmq.logging.ch.qos.logback.classic.sift.MDCBasedDiscriminator] for [discriminator] property
02:50:36,460 |-INFO in org.apache.rocketmq.logging.ch.qos.logback.core.model.processor.AppenderModelHandler - Processing appender named [RocketmqStoreErrorSiftingAppender]
02:50:36,460 |-INFO in org.apache.rocketmq.logging.ch.qos.logback.core.model.processor.AppenderModelHandler - About to instantiate appender of type [org.apache.rocketmq.logging.ch.qos.logback.classic.AsyncAppender]
02:50:36,460 |-INFO in org.apache.rocketmq.logging.ch.qos.logback.core.model.processor.AppenderRefModelHandler - Attaching appender named [RocketmqStoreErrorSiftingAppender_inner] to org.apache.rocketmq.logging.ch.qos.logback.classic.AsyncAppender[RocketmqStoreErrorSiftingAppender]
02:50:36,460 |-INFO in org.apache.rocketmq.logging.ch.qos.logback.classic.AsyncAppender[RocketmqStoreErrorSiftingAppender] - Attaching appender named [RocketmqStoreErrorSiftingAppender_inner] to AsyncAppender.
02:50:36,460 |-INFO in org.apache.rocketmq.logging.ch.qos.logback.classic.AsyncAppender[RocketmqStoreErrorSiftingAppender] - Setting discardingThreshold to 51
02:50:36,460 |-INFO in org.apache.rocketmq.logging.ch.qos.logback.core.model.processor.AppenderModelHandler - Processing appender named [RocketmqTransactionSiftingAppender_inner]
02:50:36,460 |-INFO in org.apache.rocketmq.logging.ch.qos.logback.core.model.processor.AppenderModelHandler - About to instantiate appender of type [org.apache.rocketmq.logging.ch.qos.logback.classic.sift.SiftingAppender]
02:50:36,461 |-INFO in org.apache.rocketmq.logging.ch.qos.logback.core.model.processor.ImplicitModelHandler - Assuming default type [org.apache.rocketmq.logging.ch.qos.logback.classic.sift.MDCBasedDiscriminator] for [discriminator] property
02:50:36,461 |-INFO in org.apache.rocketmq.logging.ch.qos.logback.core.model.processor.AppenderModelHandler - Processing appender named [RocketmqTransactionSiftingAppender]
02:50:36,461 |-INFO in org.apache.rocketmq.logging.ch.qos.logback.core.model.processor.AppenderModelHandler - About to instantiate appender of type [org.apache.rocketmq.logging.ch.qos.logback.classic.AsyncAppender]
02:50:36,462 |-INFO in org.apache.rocketmq.logging.ch.qos.logback.core.model.processor.AppenderRefModelHandler - Attaching appender named [RocketmqTransactionSiftingAppender_inner] to org.apache.rocketmq.logging.ch.qos.logback.classic.AsyncAppender[RocketmqTransactionSiftingAppender]
02:50:36,462 |-INFO in org.apache.rocketmq.logging.ch.qos.logback.classic.AsyncAppender[RocketmqTransactionSiftingAppender] - Attaching appender named [RocketmqTransactionSiftingAppender_inner] to AsyncAppender.
02:50:36,462 |-INFO in org.apache.rocketmq.logging.ch.qos.logback.classic.AsyncAppender[RocketmqTransactionSiftingAppender] - Setting discardingThreshold to 51
02:50:36,462 |-INFO in org.apache.rocketmq.logging.ch.qos.logback.core.model.processor.AppenderModelHandler - Processing appender named [RocketmqRebalanceLockSiftingAppender_inner]
02:50:36,462 |-INFO in org.apache.rocketmq.logging.ch.qos.logback.core.model.processor.AppenderModelHandler - About to instantiate appender of type [org.apache.rocketmq.logging.ch.qos.logback.classic.sift.SiftingAppender]
02:50:36,462 |-INFO in org.apache.rocketmq.logging.ch.qos.logback.core.model.processor.ImplicitModelHandler - Assuming default type [org.apache.rocketmq.logging.ch.qos.logback.classic.sift.MDCBasedDiscriminator] for [discriminator] property
02:50:36,463 |-INFO in org.apache.rocketmq.logging.ch.qos.logback.core.model.processor.AppenderModelHandler - Processing appender named [RocketmqRebalanceLockSiftingAppender]
02:50:36,463 |-INFO in org.apache.rocketmq.logging.ch.qos.logback.core.model.processor.AppenderModelHandler - About to instantiate appender of type [org.apache.rocketmq.logging.ch.qos.logback.classic.AsyncAppender]
02:50:36,463 |-INFO in org.apache.rocketmq.logging.ch.qos.logback.core.model.processor.AppenderRefModelHandler - Attaching appender named [RocketmqRebalanceLockSiftingAppender_inner] to org.apache.rocketmq.logging.ch.qos.logback.classic.AsyncAppender[RocketmqRebalanceLockSiftingAppender]
02:50:36,463 |-INFO in org.apache.rocketmq.logging.ch.qos.logback.classic.AsyncAppender[RocketmqRebalanceLockSiftingAppender] - Attaching appender named [RocketmqRebalanceLockSiftingAppender_inner] to AsyncAppender.
02:50:36,463 |-INFO in org.apache.rocketmq.logging.ch.qos.logback.classic.AsyncAppender[RocketmqRebalanceLockSiftingAppender] - Setting discardingThreshold to 51
02:50:36,464 |-INFO in org.apache.rocketmq.logging.ch.qos.logback.core.model.processor.AppenderModelHandler - Processing appender named [RocketmqFilterSiftingAppender_inner]
02:50:36,464 |-INFO in org.apache.rocketmq.logging.ch.qos.logback.core.model.processor.AppenderModelHandler - About to instantiate appender of type [org.apache.rocketmq.logging.ch.qos.logback.classic.sift.SiftingAppender]
02:50:36,464 |-INFO in org.apache.rocketmq.logging.ch.qos.logback.core.model.processor.ImplicitModelHandler - Assuming default type [org.apache.rocketmq.logging.ch.qos.logback.classic.sift.MDCBasedDiscriminator] for [discriminator] property
02:50:36,464 |-INFO in org.apache.rocketmq.logging.ch.qos.logback.core.model.processor.AppenderModelHandler - Processing appender named [RocketmqRebalanceLockSiftingAppender]
02:50:36,464 |-INFO in org.apache.rocketmq.logging.ch.qos.logback.core.model.processor.AppenderModelHandler - About to instantiate appender of type [org.apache.rocketmq.logging.ch.qos.logback.classic.AsyncAppender]
02:50:36,465 |-INFO in org.apache.rocketmq.logging.ch.qos.logback.core.model.processor.AppenderRefModelHandler - Attaching appender named [RocketmqFilterSiftingAppender_inner] to org.apache.rocketmq.logging.ch.qos.logback.classic.AsyncAppender[RocketmqRebalanceLockSiftingAppender]
02:50:36,465 |-INFO in org.apache.rocketmq.logging.ch.qos.logback.classic.AsyncAppender[RocketmqRebalanceLockSiftingAppender] - Attaching appender named [RocketmqFilterSiftingAppender_inner] to AsyncAppender.
02:50:36,465 |-INFO in org.apache.rocketmq.logging.ch.qos.logback.classic.AsyncAppender[RocketmqRebalanceLockSiftingAppender] - Setting discardingThreshold to 51
02:50:36,465 |-INFO in org.apache.rocketmq.logging.ch.qos.logback.core.model.processor.AppenderModelHandler - Processing appender named [RocketmqStatsSiftingAppender_inner]
02:50:36,465 |-INFO in org.apache.rocketmq.logging.ch.qos.logback.core.model.processor.AppenderModelHandler - About to instantiate appender of type [org.apache.rocketmq.logging.ch.qos.logback.classic.sift.SiftingAppender]
02:50:36,465 |-INFO in org.apache.rocketmq.logging.ch.qos.logback.core.model.processor.ImplicitModelHandler - Assuming default type [org.apache.rocketmq.logging.ch.qos.logback.classic.sift.MDCBasedDiscriminator] for [discriminator] property
02:50:36,466 |-INFO in org.apache.rocketmq.logging.ch.qos.logback.core.model.processor.AppenderModelHandler - Processing appender named [RocketmqStatsSiftingAppender]
02:50:36,466 |-INFO in org.apache.rocketmq.logging.ch.qos.logback.core.model.processor.AppenderModelHandler - About to instantiate appender of type [org.apache.rocketmq.logging.ch.qos.logback.classic.AsyncAppender]
02:50:36,466 |-INFO in org.apache.rocketmq.logging.ch.qos.logback.core.model.processor.AppenderRefModelHandler - Attaching appender named [RocketmqStatsSiftingAppender_inner] to org.apache.rocketmq.logging.ch.qos.logback.classic.AsyncAppender[RocketmqStatsSiftingAppender]
02:50:36,466 |-INFO in org.apache.rocketmq.logging.ch.qos.logback.classic.AsyncAppender[RocketmqStatsSiftingAppender] - Attaching appender named [RocketmqStatsSiftingAppender_inner] to AsyncAppender.
02:50:36,466 |-INFO in org.apache.rocketmq.logging.ch.qos.logback.classic.AsyncAppender[RocketmqStatsSiftingAppender] - Setting discardingThreshold to 51
02:50:36,466 |-INFO in org.apache.rocketmq.logging.ch.qos.logback.core.model.processor.AppenderModelHandler - Processing appender named [RocketmqCommercialSiftingAppender_inner]
02:50:36,466 |-INFO in org.apache.rocketmq.logging.ch.qos.logback.core.model.processor.AppenderModelHandler - About to instantiate appender of type [org.apache.rocketmq.logging.ch.qos.logback.classic.sift.SiftingAppender]
02:50:36,467 |-INFO in org.apache.rocketmq.logging.ch.qos.logback.core.model.processor.ImplicitModelHandler - Assuming default type [org.apache.rocketmq.logging.ch.qos.logback.classic.sift.MDCBasedDiscriminator] for [discriminator] property
02:50:36,467 |-INFO in org.apache.rocketmq.logging.ch.qos.logback.core.model.processor.AppenderModelHandler - Processing appender named [RocketmqCommercialSiftingAppender]
02:50:36,467 |-INFO in org.apache.rocketmq.logging.ch.qos.logback.core.model.processor.AppenderModelHandler - About to instantiate appender of type [org.apache.rocketmq.logging.ch.qos.logback.classic.AsyncAppender]
02:50:36,468 |-INFO in org.apache.rocketmq.logging.ch.qos.logback.core.model.processor.AppenderRefModelHandler - Attaching appender named [RocketmqCommercialSiftingAppender_inner] to org.apache.rocketmq.logging.ch.qos.logback.classic.AsyncAppender[RocketmqCommercialSiftingAppender]
02:50:36,468 |-INFO in org.apache.rocketmq.logging.ch.qos.logback.classic.AsyncAppender[RocketmqCommercialSiftingAppender] - Attaching appender named [RocketmqCommercialSiftingAppender_inner] to AsyncAppender.
02:50:36,468 |-INFO in org.apache.rocketmq.logging.ch.qos.logback.classic.AsyncAppender[RocketmqCommercialSiftingAppender] - Setting discardingThreshold to 51
02:50:36,468 |-INFO in org.apache.rocketmq.logging.ch.qos.logback.core.model.processor.AppenderModelHandler - Processing appender named [RocketmqPopSiftingAppender_inner]
02:50:36,468 |-INFO in org.apache.rocketmq.logging.ch.qos.logback.core.model.processor.AppenderModelHandler - About to instantiate appender of type [org.apache.rocketmq.logging.ch.qos.logback.classic.sift.SiftingAppender]
02:50:36,468 |-INFO in org.apache.rocketmq.logging.ch.qos.logback.core.model.processor.ImplicitModelHandler - Assuming default type [org.apache.rocketmq.logging.ch.qos.logback.classic.sift.MDCBasedDiscriminator] for [discriminator] property
02:50:36,469 |-INFO in org.apache.rocketmq.logging.ch.qos.logback.core.model.processor.AppenderModelHandler - Processing appender named [RocketmqPopSiftingAppender]
02:50:36,469 |-INFO in org.apache.rocketmq.logging.ch.qos.logback.core.model.processor.AppenderModelHandler - About to instantiate appender of type [org.apache.rocketmq.logging.ch.qos.logback.classic.AsyncAppender]
02:50:36,469 |-INFO in org.apache.rocketmq.logging.ch.qos.logback.core.model.processor.AppenderRefModelHandler - Attaching appender named [RocketmqPopSiftingAppender_inner] to org.apache.rocketmq.logging.ch.qos.logback.classic.AsyncAppender[RocketmqPopSiftingAppender]
02:50:36,469 |-INFO in org.apache.rocketmq.logging.ch.qos.logback.classic.AsyncAppender[RocketmqPopSiftingAppender] - Attaching appender named [RocketmqPopSiftingAppender_inner] to AsyncAppender.
02:50:36,469 |-INFO in org.apache.rocketmq.logging.ch.qos.logback.classic.AsyncAppender[RocketmqPopSiftingAppender] - Setting discardingThreshold to 51
02:50:36,470 |-INFO in org.apache.rocketmq.logging.ch.qos.logback.core.model.processor.AppenderModelHandler - Processing appender named [RocketmqPopLiteSiftingAppender_inner]
02:50:36,470 |-INFO in org.apache.rocketmq.logging.ch.qos.logback.core.model.processor.AppenderModelHandler - About to instantiate appender of type [org.apache.rocketmq.logging.ch.qos.logback.classic.sift.SiftingAppender]
02:50:36,470 |-INFO in org.apache.rocketmq.logging.ch.qos.logback.core.model.processor.ImplicitModelHandler - Assuming default type [org.apache.rocketmq.logging.ch.qos.logback.classic.sift.MDCBasedDiscriminator] for [discriminator] property
02:50:36,470 |-INFO in org.apache.rocketmq.logging.ch.qos.logback.core.model.processor.AppenderModelHandler - Processing appender named [RocketmqPopLiteSiftingAppender]
02:50:36,470 |-INFO in org.apache.rocketmq.logging.ch.qos.logback.core.model.processor.AppenderModelHandler - About to instantiate appender of type [org.apache.rocketmq.logging.ch.qos.logback.classic.AsyncAppender]
02:50:36,471 |-INFO in org.apache.rocketmq.logging.ch.qos.logback.core.model.processor.AppenderRefModelHandler - Attaching appender named [RocketmqPopLiteSiftingAppender_inner] to org.apache.rocketmq.logging.ch.qos.logback.classic.AsyncAppender[RocketmqPopLiteSiftingAppender]
02:50:36,471 |-INFO in org.apache.rocketmq.logging.ch.qos.logback.classic.AsyncAppender[RocketmqPopLiteSiftingAppender] - Attaching appender named [RocketmqPopLiteSiftingAppender_inner] to AsyncAppender.
02:50:36,471 |-INFO in org.apache.rocketmq.logging.ch.qos.logback.classic.AsyncAppender[RocketmqPopLiteSiftingAppender] - Setting discardingThreshold to 51
02:50:36,471 |-INFO in org.apache.rocketmq.logging.ch.qos.logback.core.model.processor.AppenderModelHandler - Processing appender named [RocketmqColdCtrSiftingAppender]
02:50:36,471 |-INFO in org.apache.rocketmq.logging.ch.qos.logback.core.model.processor.AppenderModelHandler - About to instantiate appender of type [org.apache.rocketmq.logging.ch.qos.logback.classic.sift.SiftingAppender]
02:50:36,471 |-INFO in org.apache.rocketmq.logging.ch.qos.logback.core.model.processor.ImplicitModelHandler - Assuming default type [org.apache.rocketmq.logging.ch.qos.logback.classic.sift.MDCBasedDiscriminator] for [discriminator] property
02:50:36,472 |-INFO in org.apache.rocketmq.logging.ch.qos.logback.core.model.processor.AppenderModelHandler - Processing appender named [RocketmqBrokerMetricsSiftingAppender_inner]
02:50:36,472 |-INFO in org.apache.rocketmq.logging.ch.qos.logback.core.model.processor.AppenderModelHandler - About to instantiate appender of type [org.apache.rocketmq.logging.ch.qos.logback.classic.sift.SiftingAppender]
02:50:36,472 |-INFO in org.apache.rocketmq.logging.ch.qos.logback.core.model.processor.ImplicitModelHandler - Assuming default type [org.apache.rocketmq.logging.ch.qos.logback.classic.sift.MDCBasedDiscriminator] for [discriminator] property
02:50:36,473 |-INFO in org.apache.rocketmq.logging.ch.qos.logback.core.model.processor.AppenderModelHandler - Processing appender named [RocketmqBrokerMetricsSiftingAppender]
02:50:36,473 |-INFO in org.apache.rocketmq.logging.ch.qos.logback.core.model.processor.AppenderModelHandler - About to instantiate appender of type [org.apache.rocketmq.logging.ch.qos.logback.classic.AsyncAppender]
02:50:36,473 |-INFO in org.apache.rocketmq.logging.ch.qos.logback.core.model.processor.AppenderRefModelHandler - Attaching appender named [RocketmqBrokerMetricsSiftingAppender_inner] to org.apache.rocketmq.logging.ch.qos.logback.classic.AsyncAppender[RocketmqBrokerMetricsSiftingAppender]
02:50:36,473 |-INFO in org.apache.rocketmq.logging.ch.qos.logback.classic.AsyncAppender[RocketmqBrokerMetricsSiftingAppender] - Attaching appender named [RocketmqBrokerMetricsSiftingAppender_inner] to AsyncAppender.
02:50:36,473 |-INFO in org.apache.rocketmq.logging.ch.qos.logback.classic.AsyncAppender[RocketmqBrokerMetricsSiftingAppender] - Setting discardingThreshold to 51
02:50:36,474 |-INFO in org.apache.rocketmq.logging.ch.qos.logback.core.model.processor.AppenderModelHandler - Processing appender named [RocketmqAuthAuditSiftingAppender_inner]
02:50:36,474 |-INFO in org.apache.rocketmq.logging.ch.qos.logback.core.model.processor.AppenderModelHandler - About to instantiate appender of type [org.apache.rocketmq.logging.ch.qos.logback.classic.sift.SiftingAppender]
02:50:36,474 |-INFO in org.apache.rocketmq.logging.ch.qos.logback.core.model.processor.ImplicitModelHandler - Assuming default type [org.apache.rocketmq.logging.ch.qos.logback.classic.sift.MDCBasedDiscriminator] for [discriminator] property
02:50:36,474 |-INFO in org.apache.rocketmq.logging.ch.qos.logback.core.model.processor.AppenderModelHandler - Processing appender named [RocketmqAuthAuditSiftingAppender]
02:50:36,474 |-INFO in org.apache.rocketmq.logging.ch.qos.logback.core.model.processor.AppenderModelHandler - About to instantiate appender of type [org.apache.rocketmq.logging.ch.qos.logback.classic.AsyncAppender]
02:50:36,475 |-INFO in org.apache.rocketmq.logging.ch.qos.logback.core.model.processor.AppenderRefModelHandler - Attaching appender named [RocketmqAuthAuditSiftingAppender_inner] to org.apache.rocketmq.logging.ch.qos.logback.classic.AsyncAppender[RocketmqAuthAuditSiftingAppender]
02:50:36,475 |-INFO in org.apache.rocketmq.logging.ch.qos.logback.classic.AsyncAppender[RocketmqAuthAuditSiftingAppender] - Attaching appender named [RocketmqAuthAuditSiftingAppender_inner] to AsyncAppender.
02:50:36,475 |-INFO in org.apache.rocketmq.logging.ch.qos.logback.classic.AsyncAppender[RocketmqAuthAuditSiftingAppender] - Setting discardingThreshold to 51
02:50:36,475 |-INFO in org.apache.rocketmq.logging.ch.qos.logback.core.model.processor.AppenderModelHandler - Processing appender named [STDOUT]
02:50:36,475 |-INFO in org.apache.rocketmq.logging.ch.qos.logback.core.model.processor.AppenderModelHandler - About to instantiate appender of type [org.apache.rocketmq.logging.ch.qos.logback.core.ConsoleAppender]
02:50:36,482 |-INFO in org.apache.rocketmq.logging.ch.qos.logback.core.model.processor.ImplicitModelHandler - Assuming default type [org.apache.rocketmq.logging.ch.qos.logback.classic.encoder.PatternLayoutEncoder] for [encoder] property
02:50:36,538 |-INFO in org.apache.rocketmq.logging.ch.qos.logback.classic.model.processor.LoggerModelHandler - Setting level of logger [RocketmqBroker] to INFO
02:50:36,538 |-INFO in org.apache.rocketmq.logging.ch.qos.logback.classic.model.processor.LoggerModelHandler - Setting additivity of logger [RocketmqBroker] to false
02:50:36,538 |-INFO in org.apache.rocketmq.logging.ch.qos.logback.core.model.processor.AppenderRefModelHandler - Attaching appender named [RocketmqBrokerSiftingAppender] to Logger[RocketmqBroker]
02:50:36,539 |-INFO in org.apache.rocketmq.logging.ch.qos.logback.classic.model.processor.LoggerModelHandler - Setting level of logger [RocketmqProtection] to INFO
02:50:36,539 |-INFO in org.apache.rocketmq.logging.ch.qos.logback.classic.model.processor.LoggerModelHandler - Setting additivity of logger [RocketmqProtection] to false
02:50:36,539 |-INFO in org.apache.rocketmq.logging.ch.qos.logback.core.model.processor.AppenderRefModelHandler - Attaching appender named [RocketmqProtectionSiftingAppender] to Logger[RocketmqProtection]
02:50:36,539 |-INFO in org.apache.rocketmq.logging.ch.qos.logback.classic.model.processor.LoggerModelHandler - Setting level of logger [RocketmqWaterMark] to INFO
02:50:36,539 |-INFO in org.apache.rocketmq.logging.ch.qos.logback.classic.model.processor.LoggerModelHandler - Setting additivity of logger [RocketmqWaterMark] to false
02:50:36,539 |-INFO in org.apache.rocketmq.logging.ch.qos.logback.core.model.processor.AppenderRefModelHandler - Attaching appender named [RocketmqWaterMarkSiftingAppender] to Logger[RocketmqWaterMark]
02:50:36,539 |-INFO in org.apache.rocketmq.logging.ch.qos.logback.classic.model.processor.LoggerModelHandler - Setting level of logger [RocketmqCommon] to INFO
02:50:36,539 |-INFO in org.apache.rocketmq.logging.ch.qos.logback.classic.model.processor.LoggerModelHandler - Setting additivity of logger [RocketmqCommon] to false
02:50:36,539 |-INFO in org.apache.rocketmq.logging.ch.qos.logback.core.model.processor.AppenderRefModelHandler - Attaching appender named [RocketmqBrokerSiftingAppender] to Logger[RocketmqCommon]
02:50:36,539 |-INFO in org.apache.rocketmq.logging.ch.qos.logback.classic.model.processor.LoggerModelHandler - Setting level of logger [RocketmqRocksDB] to INFO
02:50:36,539 |-INFO in org.apache.rocketmq.logging.ch.qos.logback.classic.model.processor.LoggerModelHandler - Setting additivity of logger [RocketmqRocksDB] to false
02:50:36,539 |-INFO in org.apache.rocketmq.logging.ch.qos.logback.core.model.processor.AppenderRefModelHandler - Attaching appender named [RocketmqRocksDBSiftingAppender] to Logger[RocketmqRocksDB]
02:50:36,539 |-INFO in org.apache.rocketmq.logging.ch.qos.logback.classic.model.processor.LoggerModelHandler - Setting level of logger [RocketmqStore] to INFO
02:50:36,539 |-INFO in org.apache.rocketmq.logging.ch.qos.logback.classic.model.processor.LoggerModelHandler - Setting additivity of logger [RocketmqStore] to false
02:50:36,539 |-INFO in org.apache.rocketmq.logging.ch.qos.logback.core.model.processor.AppenderRefModelHandler - Attaching appender named [RocketmqStoreSiftingAppender] to Logger[RocketmqStore]
02:50:36,539 |-INFO in org.apache.rocketmq.logging.ch.qos.logback.classic.model.processor.LoggerModelHandler - Setting level of logger [RocketmqStoreError] to INFO
02:50:36,539 |-INFO in org.apache.rocketmq.logging.ch.qos.logback.classic.model.processor.LoggerModelHandler - Setting additivity of logger [RocketmqStoreError] to false
02:50:36,539 |-INFO in org.apache.rocketmq.logging.ch.qos.logback.core.model.processor.AppenderRefModelHandler - Attaching appender named [RocketmqStoreErrorSiftingAppender] to Logger[RocketmqStoreError]
02:50:36,539 |-INFO in org.apache.rocketmq.logging.ch.qos.logback.classic.model.processor.LoggerModelHandler - Setting level of logger [RocketmqTieredStore] to INFO
02:50:36,539 |-INFO in org.apache.rocketmq.logging.ch.qos.logback.classic.model.processor.LoggerModelHandler - Setting additivity of logger [RocketmqTieredStore] to false
02:50:36,539 |-INFO in org.apache.rocketmq.logging.ch.qos.logback.core.model.processor.AppenderRefModelHandler - Attaching appender named [RocketmqTieredStoreSiftingAppender] to Logger[RocketmqTieredStore]
02:50:36,539 |-INFO in org.apache.rocketmq.logging.ch.qos.logback.classic.model.processor.LoggerModelHandler - Setting level of logger [RocketmqTransaction] to INFO
02:50:36,540 |-INFO in org.apache.rocketmq.logging.ch.qos.logback.classic.model.processor.LoggerModelHandler - Setting additivity of logger [RocketmqTransaction] to false
02:50:36,540 |-INFO in org.apache.rocketmq.logging.ch.qos.logback.core.model.processor.AppenderRefModelHandler - Attaching appender named [RocketmqTransactionSiftingAppender] to Logger[RocketmqTransaction]
02:50:36,540 |-INFO in org.apache.rocketmq.logging.ch.qos.logback.classic.model.processor.LoggerModelHandler - Setting level of logger [RocketmqRebalanceLock] to INFO
02:50:36,540 |-INFO in org.apache.rocketmq.logging.ch.qos.logback.classic.model.processor.LoggerModelHandler - Setting additivity of logger [RocketmqRebalanceLock] to false
02:50:36,540 |-INFO in org.apache.rocketmq.logging.ch.qos.logback.core.model.processor.AppenderRefModelHandler - Attaching appender named [RocketmqRebalanceLockSiftingAppender] to Logger[RocketmqRebalanceLock]
02:50:36,540 |-INFO in org.apache.rocketmq.logging.ch.qos.logback.classic.model.processor.LoggerModelHandler - Setting level of logger [RocketmqRemoting] to INFO
02:50:36,540 |-INFO in org.apache.rocketmq.logging.ch.qos.logback.classic.model.processor.LoggerModelHandler - Setting additivity of logger [RocketmqRemoting] to false
02:50:36,540 |-INFO in org.apache.rocketmq.logging.ch.qos.logback.core.model.processor.AppenderRefModelHandler - Attaching appender named [RocketmqRemotingSiftingAppender] to Logger[RocketmqRemoting]
02:50:36,540 |-INFO in org.apache.rocketmq.logging.ch.qos.logback.classic.model.processor.LoggerModelHandler - Setting level of logger [RocketmqStats] to INFO
02:50:36,540 |-INFO in org.apache.rocketmq.logging.ch.qos.logback.classic.model.processor.LoggerModelHandler - Setting additivity of logger [RocketmqStats] to false
02:50:36,540 |-INFO in org.apache.rocketmq.logging.ch.qos.logback.core.model.processor.AppenderRefModelHandler - Attaching appender named [RocketmqStatsSiftingAppender] to Logger[RocketmqStats]
02:50:36,540 |-INFO in org.apache.rocketmq.logging.ch.qos.logback.classic.model.processor.LoggerModelHandler - Setting level of logger [RocketmqCommercial] to INFO
02:50:36,540 |-INFO in org.apache.rocketmq.logging.ch.qos.logback.classic.model.processor.LoggerModelHandler - Setting additivity of logger [RocketmqCommercial] to false
02:50:36,540 |-INFO in org.apache.rocketmq.logging.ch.qos.logback.core.model.processor.AppenderRefModelHandler - Attaching appender named [RocketmqCommercialSiftingAppender] to Logger[RocketmqCommercial]
02:50:36,540 |-INFO in org.apache.rocketmq.logging.ch.qos.logback.classic.model.processor.LoggerModelHandler - Setting level of logger [RocketmqConsole] to INFO
02:50:36,540 |-INFO in org.apache.rocketmq.logging.ch.qos.logback.classic.model.processor.LoggerModelHandler - Setting additivity of logger [RocketmqConsole] to false
02:50:36,540 |-INFO in org.apache.rocketmq.logging.ch.qos.logback.core.model.processor.AppenderRefModelHandler - Attaching appender named [STDOUT] to Logger[RocketmqConsole]
02:50:36,540 |-INFO in org.apache.rocketmq.logging.ch.qos.logback.classic.model.processor.LoggerModelHandler - Setting level of logger [RocketmqPop] to INFO
02:50:36,540 |-INFO in org.apache.rocketmq.logging.ch.qos.logback.classic.model.processor.LoggerModelHandler - Setting additivity of logger [RocketmqPop] to false
02:50:36,540 |-INFO in org.apache.rocketmq.logging.ch.qos.logback.core.model.processor.AppenderRefModelHandler - Attaching appender named [RocketmqPopSiftingAppender] to Logger[RocketmqPop]
02:50:36,541 |-INFO in org.apache.rocketmq.logging.ch.qos.logback.classic.model.processor.LoggerModelHandler - Setting level of logger [RocketmqPopLite] to INFO
02:50:36,541 |-INFO in org.apache.rocketmq.logging.ch.qos.logback.classic.model.processor.LoggerModelHandler - Setting additivity of logger [RocketmqPopLite] to false
02:50:36,541 |-INFO in org.apache.rocketmq.logging.ch.qos.logback.core.model.processor.AppenderRefModelHandler - Attaching appender named [RocketmqPopLiteSiftingAppender] to Logger[RocketmqPopLite]
02:50:36,541 |-INFO in org.apache.rocketmq.logging.ch.qos.logback.classic.model.processor.LoggerModelHandler - Setting additivity of logger [RocketmqColdCtr] to false
02:50:36,541 |-INFO in org.apache.rocketmq.logging.ch.qos.logback.classic.model.processor.LevelModelHandler - RocketmqColdCtr level set to INFO
02:50:36,541 |-INFO in org.apache.rocketmq.logging.ch.qos.logback.core.model.processor.AppenderRefModelHandler - Attaching appender named [RocketmqColdCtrSiftingAppender] to Logger[RocketmqColdCtr]
02:50:36,541 |-INFO in org.apache.rocketmq.logging.ch.qos.logback.classic.model.processor.LoggerModelHandler - Setting level of logger [RocketmqTraffic] to INFO
02:50:36,541 |-INFO in org.apache.rocketmq.logging.ch.qos.logback.classic.model.processor.LoggerModelHandler - Setting additivity of logger [RocketmqTraffic] to false
02:50:36,541 |-INFO in org.apache.rocketmq.logging.ch.qos.logback.core.model.processor.AppenderRefModelHandler - Attaching appender named [RocketmqTrafficSiftingAppender] to Logger[RocketmqTraffic]
02:50:36,541 |-INFO in org.apache.rocketmq.logging.ch.qos.logback.classic.model.processor.LoggerModelHandler - Setting level of logger [io.opentelemetry.exporter.logging.otlp.OtlpJsonLoggingMetricExporter] to INFO
02:50:36,541 |-INFO in org.apache.rocketmq.logging.ch.qos.logback.classic.model.processor.LoggerModelHandler - Setting additivity of logger [io.opentelemetry.exporter.logging.otlp.OtlpJsonLoggingMetricExporter] to false
02:50:36,541 |-INFO in org.apache.rocketmq.logging.ch.qos.logback.core.model.processor.AppenderRefModelHandler - Attaching appender named [RocketmqBrokerMetricsSiftingAppender] to Logger[io.opentelemetry.exporter.logging.otlp.OtlpJsonLoggingMetricExporter]
02:50:36,541 |-INFO in org.apache.rocketmq.logging.ch.qos.logback.classic.model.processor.LoggerModelHandler - Setting level of logger [io.opentelemetry.exporter.logging.LoggingMetricExporter] to INFO
02:50:36,541 |-INFO in org.apache.rocketmq.logging.ch.qos.logback.classic.model.processor.LoggerModelHandler - Setting additivity of logger [io.opentelemetry.exporter.logging.LoggingMetricExporter] to false
02:50:36,541 |-INFO in org.apache.rocketmq.logging.ch.qos.logback.core.model.processor.AppenderRefModelHandler - Attaching appender named [RocketmqBrokerMetricsSiftingAppender] to Logger[io.opentelemetry.exporter.logging.LoggingMetricExporter]
02:50:36,542 |-INFO in org.apache.rocketmq.logging.ch.qos.logback.classic.model.processor.LoggerModelHandler - Setting level of logger [RocketmqAuthAudit] to INFO
02:50:36,542 |-INFO in org.apache.rocketmq.logging.ch.qos.logback.classic.model.processor.LoggerModelHandler - Setting additivity of logger [RocketmqAuthAudit] to false
02:50:36,542 |-INFO in org.apache.rocketmq.logging.ch.qos.logback.core.model.processor.AppenderRefModelHandler - Attaching appender named [RocketmqAuthAuditSiftingAppender] to Logger[RocketmqAuthAudit]
02:50:36,542 |-INFO in org.apache.rocketmq.logging.ch.qos.logback.classic.model.processor.RootLoggerModelHandler - Setting level of ROOT logger to INFO
02:50:36,542 |-INFO in org.apache.rocketmq.logging.ch.qos.logback.core.model.processor.AppenderRefModelHandler - Attaching appender named [DefaultSiftingAppender] to Logger[ROOT]
02:50:36,543 |-INFO in org.apache.rocketmq.logging.ch.qos.logback.core.model.processor.DefaultProcessor@6b26e945 - End of configuration.
02:50:36,546 |-INFO in org.apache.rocketmq.common.logging.JoranConfiguratorExt@63a65a25 - Registering current configuration as safe fallback point

The broker[i3-spacemitk3picoitx, 192.168.137.18:10911] boot success. serializeType=JSON and name server is 127.0.0.1:9876
Killed
