CompileCommand: exclude org/apache/rocketmq/remoting/protocol/RemotingCommand.decodeCommandCustomHeaderDirectly bool exclude = true
03:48:40,716 |-INFO in org.apache.rocketmq.logging.ch.qos.logback.classic.LoggerContext[default] - This is logback-classic version 1.3.5-rocketmq
03:48:40,804 |-INFO in org.apache.rocketmq.logging.ch.qos.logback.classic.LoggerContext[default] - Found resource [/root/rocketmq-all-5.5.0-bin-release/conf/rmq.broker.logback.xml] at [file:/root/rocketmq-all-5.5.0-bin-release/conf/rmq.broker.logback.xml]
03:48:41,119 |-WARN in org.apache.rocketmq.logging.ch.qos.logback.classic.joran.action.LevelAction - <level> element is deprecated. Near [level] on line 735
03:48:41,119 |-WARN in org.apache.rocketmq.logging.ch.qos.logback.classic.joran.action.LevelAction - Please use "level" attribute within <logger> or <root> elements instead.
03:48:41,266 |-INFO in org.apache.rocketmq.logging.ch.qos.logback.classic.model.processor.ConfigurationModelHandler - Registering a new ReconfigureOnChangeTask ReconfigureOnChangeTask(born:1787946521266)
03:48:41,269 |-INFO in org.apache.rocketmq.logging.ch.qos.logback.classic.model.processor.ConfigurationModelHandler - Will scan for changes in [file:/root/rocketmq-all-5.5.0-bin-release/conf/rmq.broker.logback.xml] 
03:48:41,269 |-INFO in org.apache.rocketmq.logging.ch.qos.logback.classic.model.processor.ConfigurationModelHandler - Setting ReconfigureOnChangeTask scanning period to 30 seconds
03:48:41,282 |-INFO in org.apache.rocketmq.logging.ch.qos.logback.core.model.processor.AppenderModelHandler - Processing appender named [DefaultSiftingAppender_inner]
03:48:41,282 |-INFO in org.apache.rocketmq.logging.ch.qos.logback.core.model.processor.AppenderModelHandler - About to instantiate appender of type [org.apache.rocketmq.logging.ch.qos.logback.classic.sift.SiftingAppender]
03:48:41,306 |-INFO in org.apache.rocketmq.logging.ch.qos.logback.core.model.processor.ImplicitModelHandler - Assuming default type [org.apache.rocketmq.logging.ch.qos.logback.classic.sift.MDCBasedDiscriminator] for [discriminator] property
03:48:41,327 |-INFO in org.apache.rocketmq.logging.ch.qos.logback.core.model.processor.AppenderModelHandler - Processing appender named [DefaultSiftingAppender]
03:48:41,327 |-INFO in org.apache.rocketmq.logging.ch.qos.logback.core.model.processor.AppenderModelHandler - About to instantiate appender of type [org.apache.rocketmq.logging.ch.qos.logback.classic.AsyncAppender]
03:48:41,333 |-INFO in org.apache.rocketmq.logging.ch.qos.logback.core.model.processor.AppenderRefModelHandler - Attaching appender named [DefaultSiftingAppender_inner] to org.apache.rocketmq.logging.ch.qos.logback.classic.AsyncAppender[DefaultSiftingAppender]
03:48:41,333 |-INFO in org.apache.rocketmq.logging.ch.qos.logback.classic.AsyncAppender[DefaultSiftingAppender] - Attaching appender named [DefaultSiftingAppender_inner] to AsyncAppender.
03:48:41,333 |-INFO in org.apache.rocketmq.logging.ch.qos.logback.classic.AsyncAppender[DefaultSiftingAppender] - Setting discardingThreshold to 51
03:48:41,334 |-INFO in org.apache.rocketmq.logging.ch.qos.logback.core.model.processor.AppenderModelHandler - Processing appender named [RocketmqBrokerSiftingAppender_inner]
03:48:41,334 |-INFO in org.apache.rocketmq.logging.ch.qos.logback.core.model.processor.AppenderModelHandler - About to instantiate appender of type [org.apache.rocketmq.logging.ch.qos.logback.classic.sift.SiftingAppender]
03:48:41,334 |-INFO in org.apache.rocketmq.logging.ch.qos.logback.core.model.processor.ImplicitModelHandler - Assuming default type [org.apache.rocketmq.logging.ch.qos.logback.classic.sift.MDCBasedDiscriminator] for [discriminator] property
03:48:41,335 |-INFO in org.apache.rocketmq.logging.ch.qos.logback.core.model.processor.AppenderModelHandler - Processing appender named [RocketmqBrokerSiftingAppender]
03:48:41,335 |-INFO in org.apache.rocketmq.logging.ch.qos.logback.core.model.processor.AppenderModelHandler - About to instantiate appender of type [org.apache.rocketmq.logging.ch.qos.logback.classic.AsyncAppender]
03:48:41,335 |-INFO in org.apache.rocketmq.logging.ch.qos.logback.core.model.processor.AppenderRefModelHandler - Attaching appender named [RocketmqBrokerSiftingAppender_inner] to org.apache.rocketmq.logging.ch.qos.logback.classic.AsyncAppender[RocketmqBrokerSiftingAppender]
03:48:41,335 |-INFO in org.apache.rocketmq.logging.ch.qos.logback.classic.AsyncAppender[RocketmqBrokerSiftingAppender] - Attaching appender named [RocketmqBrokerSiftingAppender_inner] to AsyncAppender.
03:48:41,335 |-INFO in org.apache.rocketmq.logging.ch.qos.logback.classic.AsyncAppender[RocketmqBrokerSiftingAppender] - Setting discardingThreshold to 51
03:48:41,336 |-INFO in org.apache.rocketmq.logging.ch.qos.logback.core.model.processor.AppenderModelHandler - Processing appender named [RocketmqProtectionSiftingAppender_inner]
03:48:41,336 |-INFO in org.apache.rocketmq.logging.ch.qos.logback.core.model.processor.AppenderModelHandler - About to instantiate appender of type [org.apache.rocketmq.logging.ch.qos.logback.classic.sift.SiftingAppender]
03:48:41,336 |-INFO in org.apache.rocketmq.logging.ch.qos.logback.core.model.processor.ImplicitModelHandler - Assuming default type [org.apache.rocketmq.logging.ch.qos.logback.classic.sift.MDCBasedDiscriminator] for [discriminator] property
03:48:41,337 |-INFO in org.apache.rocketmq.logging.ch.qos.logback.core.model.processor.AppenderModelHandler - Processing appender named [RocketmqProtectionSiftingAppender]
03:48:41,337 |-INFO in org.apache.rocketmq.logging.ch.qos.logback.core.model.processor.AppenderModelHandler - About to instantiate appender of type [org.apache.rocketmq.logging.ch.qos.logback.classic.AsyncAppender]
03:48:41,337 |-INFO in org.apache.rocketmq.logging.ch.qos.logback.core.model.processor.AppenderRefModelHandler - Attaching appender named [RocketmqProtectionSiftingAppender_inner] to org.apache.rocketmq.logging.ch.qos.logback.classic.AsyncAppender[RocketmqProtectionSiftingAppender]
03:48:41,337 |-INFO in org.apache.rocketmq.logging.ch.qos.logback.classic.AsyncAppender[RocketmqProtectionSiftingAppender] - Attaching appender named [RocketmqProtectionSiftingAppender_inner] to AsyncAppender.
03:48:41,337 |-INFO in org.apache.rocketmq.logging.ch.qos.logback.classic.AsyncAppender[RocketmqProtectionSiftingAppender] - Setting discardingThreshold to 51
03:48:41,337 |-INFO in org.apache.rocketmq.logging.ch.qos.logback.core.model.processor.AppenderModelHandler - Processing appender named [RocketmqWaterMarkSiftingAppender_inner]
03:48:41,337 |-INFO in org.apache.rocketmq.logging.ch.qos.logback.core.model.processor.AppenderModelHandler - About to instantiate appender of type [org.apache.rocketmq.logging.ch.qos.logback.classic.sift.SiftingAppender]
03:48:41,337 |-INFO in org.apache.rocketmq.logging.ch.qos.logback.core.model.processor.ImplicitModelHandler - Assuming default type [org.apache.rocketmq.logging.ch.qos.logback.classic.sift.MDCBasedDiscriminator] for [discriminator] property
03:48:41,338 |-INFO in org.apache.rocketmq.logging.ch.qos.logback.core.model.processor.AppenderModelHandler - Processing appender named [RocketmqWaterMarkSiftingAppender]
03:48:41,338 |-INFO in org.apache.rocketmq.logging.ch.qos.logback.core.model.processor.AppenderModelHandler - About to instantiate appender of type [org.apache.rocketmq.logging.ch.qos.logback.classic.AsyncAppender]
03:48:41,338 |-INFO in org.apache.rocketmq.logging.ch.qos.logback.core.model.processor.AppenderRefModelHandler - Attaching appender named [RocketmqWaterMarkSiftingAppender_inner] to org.apache.rocketmq.logging.ch.qos.logback.classic.AsyncAppender[RocketmqWaterMarkSiftingAppender]
03:48:41,338 |-INFO in org.apache.rocketmq.logging.ch.qos.logback.classic.AsyncAppender[RocketmqWaterMarkSiftingAppender] - Attaching appender named [RocketmqWaterMarkSiftingAppender_inner] to AsyncAppender.
03:48:41,338 |-INFO in org.apache.rocketmq.logging.ch.qos.logback.classic.AsyncAppender[RocketmqWaterMarkSiftingAppender] - Setting discardingThreshold to 51
03:48:41,339 |-INFO in org.apache.rocketmq.logging.ch.qos.logback.core.model.processor.AppenderModelHandler - Processing appender named [RocketmqRocksDBSiftingAppender_inner]
03:48:41,339 |-INFO in org.apache.rocketmq.logging.ch.qos.logback.core.model.processor.AppenderModelHandler - About to instantiate appender of type [org.apache.rocketmq.logging.ch.qos.logback.classic.sift.SiftingAppender]
03:48:41,339 |-INFO in org.apache.rocketmq.logging.ch.qos.logback.core.model.processor.ImplicitModelHandler - Assuming default type [org.apache.rocketmq.logging.ch.qos.logback.classic.sift.MDCBasedDiscriminator] for [discriminator] property
03:48:41,340 |-INFO in org.apache.rocketmq.logging.ch.qos.logback.core.model.processor.AppenderModelHandler - Processing appender named [RocketmqRocksDBSiftingAppender]
03:48:41,340 |-INFO in org.apache.rocketmq.logging.ch.qos.logback.core.model.processor.AppenderModelHandler - About to instantiate appender of type [org.apache.rocketmq.logging.ch.qos.logback.classic.AsyncAppender]
03:48:41,340 |-INFO in org.apache.rocketmq.logging.ch.qos.logback.core.model.processor.AppenderRefModelHandler - Attaching appender named [RocketmqRocksDBSiftingAppender_inner] to org.apache.rocketmq.logging.ch.qos.logback.classic.AsyncAppender[RocketmqRocksDBSiftingAppender]
03:48:41,340 |-INFO in org.apache.rocketmq.logging.ch.qos.logback.classic.AsyncAppender[RocketmqRocksDBSiftingAppender] - Attaching appender named [RocketmqRocksDBSiftingAppender_inner] to AsyncAppender.
03:48:41,340 |-INFO in org.apache.rocketmq.logging.ch.qos.logback.classic.AsyncAppender[RocketmqRocksDBSiftingAppender] - Setting discardingThreshold to 51
03:48:41,340 |-INFO in org.apache.rocketmq.logging.ch.qos.logback.core.model.processor.AppenderModelHandler - Processing appender named [RocketmqStoreSiftingAppender_inner]
03:48:41,340 |-INFO in org.apache.rocketmq.logging.ch.qos.logback.core.model.processor.AppenderModelHandler - About to instantiate appender of type [org.apache.rocketmq.logging.ch.qos.logback.classic.sift.SiftingAppender]
03:48:41,340 |-INFO in org.apache.rocketmq.logging.ch.qos.logback.core.model.processor.ImplicitModelHandler - Assuming default type [org.apache.rocketmq.logging.ch.qos.logback.classic.sift.MDCBasedDiscriminator] for [discriminator] property
03:48:41,341 |-INFO in org.apache.rocketmq.logging.ch.qos.logback.core.model.processor.AppenderModelHandler - Processing appender named [RocketmqStoreSiftingAppender]
03:48:41,341 |-INFO in org.apache.rocketmq.logging.ch.qos.logback.core.model.processor.AppenderModelHandler - About to instantiate appender of type [org.apache.rocketmq.logging.ch.qos.logback.classic.AsyncAppender]
03:48:41,341 |-INFO in org.apache.rocketmq.logging.ch.qos.logback.core.model.processor.AppenderRefModelHandler - Attaching appender named [RocketmqStoreSiftingAppender_inner] to org.apache.rocketmq.logging.ch.qos.logback.classic.AsyncAppender[RocketmqStoreSiftingAppender]
03:48:41,341 |-INFO in org.apache.rocketmq.logging.ch.qos.logback.classic.AsyncAppender[RocketmqStoreSiftingAppender] - Attaching appender named [RocketmqStoreSiftingAppender_inner] to AsyncAppender.
03:48:41,341 |-INFO in org.apache.rocketmq.logging.ch.qos.logback.classic.AsyncAppender[RocketmqStoreSiftingAppender] - Setting discardingThreshold to 51
03:48:41,342 |-INFO in org.apache.rocketmq.logging.ch.qos.logback.core.model.processor.AppenderModelHandler - Processing appender named [RocketmqTieredStoreSiftingAppender_inner]
03:48:41,342 |-INFO in org.apache.rocketmq.logging.ch.qos.logback.core.model.processor.AppenderModelHandler - About to instantiate appender of type [org.apache.rocketmq.logging.ch.qos.logback.classic.sift.SiftingAppender]
03:48:41,342 |-INFO in org.apache.rocketmq.logging.ch.qos.logback.core.model.processor.ImplicitModelHandler - Assuming default type [org.apache.rocketmq.logging.ch.qos.logback.classic.sift.MDCBasedDiscriminator] for [discriminator] property
03:48:41,342 |-INFO in org.apache.rocketmq.logging.ch.qos.logback.core.model.processor.AppenderModelHandler - Processing appender named [RocketmqTieredStoreSiftingAppender]
03:48:41,342 |-INFO in org.apache.rocketmq.logging.ch.qos.logback.core.model.processor.AppenderModelHandler - About to instantiate appender of type [org.apache.rocketmq.logging.ch.qos.logback.classic.AsyncAppender]
03:48:41,343 |-INFO in org.apache.rocketmq.logging.ch.qos.logback.core.model.processor.AppenderRefModelHandler - Attaching appender named [RocketmqTieredStoreSiftingAppender_inner] to org.apache.rocketmq.logging.ch.qos.logback.classic.AsyncAppender[RocketmqTieredStoreSiftingAppender]
03:48:41,343 |-INFO in org.apache.rocketmq.logging.ch.qos.logback.classic.AsyncAppender[RocketmqTieredStoreSiftingAppender] - Attaching appender named [RocketmqTieredStoreSiftingAppender_inner] to AsyncAppender.
03:48:41,343 |-INFO in org.apache.rocketmq.logging.ch.qos.logback.classic.AsyncAppender[RocketmqTieredStoreSiftingAppender] - Setting discardingThreshold to 51
03:48:41,343 |-INFO in org.apache.rocketmq.logging.ch.qos.logback.core.model.processor.AppenderModelHandler - Processing appender named [RocketmqTrafficSiftingAppender_inner]
03:48:41,343 |-INFO in org.apache.rocketmq.logging.ch.qos.logback.core.model.processor.AppenderModelHandler - About to instantiate appender of type [org.apache.rocketmq.logging.ch.qos.logback.classic.sift.SiftingAppender]
03:48:41,343 |-INFO in org.apache.rocketmq.logging.ch.qos.logback.core.model.processor.ImplicitModelHandler - Assuming default type [org.apache.rocketmq.logging.ch.qos.logback.classic.sift.MDCBasedDiscriminator] for [discriminator] property
03:48:41,344 |-INFO in org.apache.rocketmq.logging.ch.qos.logback.core.model.processor.AppenderModelHandler - Processing appender named [RocketmqTrafficSiftingAppender]
03:48:41,344 |-INFO in org.apache.rocketmq.logging.ch.qos.logback.core.model.processor.AppenderModelHandler - About to instantiate appender of type [org.apache.rocketmq.logging.ch.qos.logback.classic.AsyncAppender]
03:48:41,344 |-INFO in org.apache.rocketmq.logging.ch.qos.logback.core.model.processor.AppenderRefModelHandler - Attaching appender named [RocketmqTrafficSiftingAppender_inner] to org.apache.rocketmq.logging.ch.qos.logback.classic.AsyncAppender[RocketmqTrafficSiftingAppender]
03:48:41,344 |-INFO in org.apache.rocketmq.logging.ch.qos.logback.classic.AsyncAppender[RocketmqTrafficSiftingAppender] - Attaching appender named [RocketmqTrafficSiftingAppender_inner] to AsyncAppender.
03:48:41,344 |-INFO in org.apache.rocketmq.logging.ch.qos.logback.classic.AsyncAppender[RocketmqTrafficSiftingAppender] - Setting discardingThreshold to 51
03:48:41,344 |-INFO in org.apache.rocketmq.logging.ch.qos.logback.core.model.processor.AppenderModelHandler - Processing appender named [RocketmqRemotingSiftingAppender_inner]
03:48:41,344 |-INFO in org.apache.rocketmq.logging.ch.qos.logback.core.model.processor.AppenderModelHandler - About to instantiate appender of type [org.apache.rocketmq.logging.ch.qos.logback.classic.sift.SiftingAppender]
03:48:41,345 |-INFO in org.apache.rocketmq.logging.ch.qos.logback.core.model.processor.ImplicitModelHandler - Assuming default type [org.apache.rocketmq.logging.ch.qos.logback.classic.sift.MDCBasedDiscriminator] for [discriminator] property
03:48:41,345 |-INFO in org.apache.rocketmq.logging.ch.qos.logback.core.model.processor.AppenderModelHandler - Processing appender named [RocketmqRemotingSiftingAppender]
03:48:41,345 |-INFO in org.apache.rocketmq.logging.ch.qos.logback.core.model.processor.AppenderModelHandler - About to instantiate appender of type [org.apache.rocketmq.logging.ch.qos.logback.classic.AsyncAppender]
03:48:41,345 |-INFO in org.apache.rocketmq.logging.ch.qos.logback.core.model.processor.AppenderRefModelHandler - Attaching appender named [RocketmqRemotingSiftingAppender_inner] to org.apache.rocketmq.logging.ch.qos.logback.classic.AsyncAppender[RocketmqRemotingSiftingAppender]
03:48:41,345 |-INFO in org.apache.rocketmq.logging.ch.qos.logback.classic.AsyncAppender[RocketmqRemotingSiftingAppender] - Attaching appender named [RocketmqRemotingSiftingAppender_inner] to AsyncAppender.
03:48:41,345 |-INFO in org.apache.rocketmq.logging.ch.qos.logback.classic.AsyncAppender[RocketmqRemotingSiftingAppender] - Setting discardingThreshold to 51
03:48:41,346 |-INFO in org.apache.rocketmq.logging.ch.qos.logback.core.model.processor.AppenderModelHandler - Processing appender named [RocketmqStoreErrorSiftingAppender_inner]
03:48:41,346 |-INFO in org.apache.rocketmq.logging.ch.qos.logback.core.model.processor.AppenderModelHandler - About to instantiate appender of type [org.apache.rocketmq.logging.ch.qos.logback.classic.sift.SiftingAppender]
03:48:41,346 |-INFO in org.apache.rocketmq.logging.ch.qos.logback.core.model.processor.ImplicitModelHandler - Assuming default type [org.apache.rocketmq.logging.ch.qos.logback.classic.sift.MDCBasedDiscriminator] for [discriminator] property
03:48:41,347 |-INFO in org.apache.rocketmq.logging.ch.qos.logback.core.model.processor.AppenderModelHandler - Processing appender named [RocketmqStoreErrorSiftingAppender]
03:48:41,347 |-INFO in org.apache.rocketmq.logging.ch.qos.logback.core.model.processor.AppenderModelHandler - About to instantiate appender of type [org.apache.rocketmq.logging.ch.qos.logback.classic.AsyncAppender]
03:48:41,347 |-INFO in org.apache.rocketmq.logging.ch.qos.logback.core.model.processor.AppenderRefModelHandler - Attaching appender named [RocketmqStoreErrorSiftingAppender_inner] to org.apache.rocketmq.logging.ch.qos.logback.classic.AsyncAppender[RocketmqStoreErrorSiftingAppender]
03:48:41,347 |-INFO in org.apache.rocketmq.logging.ch.qos.logback.classic.AsyncAppender[RocketmqStoreErrorSiftingAppender] - Attaching appender named [RocketmqStoreErrorSiftingAppender_inner] to AsyncAppender.
03:48:41,347 |-INFO in org.apache.rocketmq.logging.ch.qos.logback.classic.AsyncAppender[RocketmqStoreErrorSiftingAppender] - Setting discardingThreshold to 51
03:48:41,347 |-INFO in org.apache.rocketmq.logging.ch.qos.logback.core.model.processor.AppenderModelHandler - Processing appender named [RocketmqTransactionSiftingAppender_inner]
03:48:41,347 |-INFO in org.apache.rocketmq.logging.ch.qos.logback.core.model.processor.AppenderModelHandler - About to instantiate appender of type [org.apache.rocketmq.logging.ch.qos.logback.classic.sift.SiftingAppender]
03:48:41,348 |-INFO in org.apache.rocketmq.logging.ch.qos.logback.core.model.processor.ImplicitModelHandler - Assuming default type [org.apache.rocketmq.logging.ch.qos.logback.classic.sift.MDCBasedDiscriminator] for [discriminator] property
03:48:41,348 |-INFO in org.apache.rocketmq.logging.ch.qos.logback.core.model.processor.AppenderModelHandler - Processing appender named [RocketmqTransactionSiftingAppender]
03:48:41,348 |-INFO in org.apache.rocketmq.logging.ch.qos.logback.core.model.processor.AppenderModelHandler - About to instantiate appender of type [org.apache.rocketmq.logging.ch.qos.logback.classic.AsyncAppender]
03:48:41,348 |-INFO in org.apache.rocketmq.logging.ch.qos.logback.core.model.processor.AppenderRefModelHandler - Attaching appender named [RocketmqTransactionSiftingAppender_inner] to org.apache.rocketmq.logging.ch.qos.logback.classic.AsyncAppender[RocketmqTransactionSiftingAppender]
03:48:41,348 |-INFO in org.apache.rocketmq.logging.ch.qos.logback.classic.AsyncAppender[RocketmqTransactionSiftingAppender] - Attaching appender named [RocketmqTransactionSiftingAppender_inner] to AsyncAppender.
03:48:41,348 |-INFO in org.apache.rocketmq.logging.ch.qos.logback.classic.AsyncAppender[RocketmqTransactionSiftingAppender] - Setting discardingThreshold to 51
03:48:41,349 |-INFO in org.apache.rocketmq.logging.ch.qos.logback.core.model.processor.AppenderModelHandler - Processing appender named [RocketmqRebalanceLockSiftingAppender_inner]
03:48:41,349 |-INFO in org.apache.rocketmq.logging.ch.qos.logback.core.model.processor.AppenderModelHandler - About to instantiate appender of type [org.apache.rocketmq.logging.ch.qos.logback.classic.sift.SiftingAppender]
03:48:41,349 |-INFO in org.apache.rocketmq.logging.ch.qos.logback.core.model.processor.ImplicitModelHandler - Assuming default type [org.apache.rocketmq.logging.ch.qos.logback.classic.sift.MDCBasedDiscriminator] for [discriminator] property
03:48:41,350 |-INFO in org.apache.rocketmq.logging.ch.qos.logback.core.model.processor.AppenderModelHandler - Processing appender named [RocketmqRebalanceLockSiftingAppender]
03:48:41,350 |-INFO in org.apache.rocketmq.logging.ch.qos.logback.core.model.processor.AppenderModelHandler - About to instantiate appender of type [org.apache.rocketmq.logging.ch.qos.logback.classic.AsyncAppender]
03:48:41,350 |-INFO in org.apache.rocketmq.logging.ch.qos.logback.core.model.processor.AppenderRefModelHandler - Attaching appender named [RocketmqRebalanceLockSiftingAppender_inner] to org.apache.rocketmq.logging.ch.qos.logback.classic.AsyncAppender[RocketmqRebalanceLockSiftingAppender]
03:48:41,350 |-INFO in org.apache.rocketmq.logging.ch.qos.logback.classic.AsyncAppender[RocketmqRebalanceLockSiftingAppender] - Attaching appender named [RocketmqRebalanceLockSiftingAppender_inner] to AsyncAppender.
03:48:41,350 |-INFO in org.apache.rocketmq.logging.ch.qos.logback.classic.AsyncAppender[RocketmqRebalanceLockSiftingAppender] - Setting discardingThreshold to 51
03:48:41,350 |-INFO in org.apache.rocketmq.logging.ch.qos.logback.core.model.processor.AppenderModelHandler - Processing appender named [RocketmqFilterSiftingAppender_inner]
03:48:41,350 |-INFO in org.apache.rocketmq.logging.ch.qos.logback.core.model.processor.AppenderModelHandler - About to instantiate appender of type [org.apache.rocketmq.logging.ch.qos.logback.classic.sift.SiftingAppender]
03:48:41,350 |-INFO in org.apache.rocketmq.logging.ch.qos.logback.core.model.processor.ImplicitModelHandler - Assuming default type [org.apache.rocketmq.logging.ch.qos.logback.classic.sift.MDCBasedDiscriminator] for [discriminator] property
03:48:41,351 |-INFO in org.apache.rocketmq.logging.ch.qos.logback.core.model.processor.AppenderModelHandler - Processing appender named [RocketmqRebalanceLockSiftingAppender]
03:48:41,351 |-INFO in org.apache.rocketmq.logging.ch.qos.logback.core.model.processor.AppenderModelHandler - About to instantiate appender of type [org.apache.rocketmq.logging.ch.qos.logback.classic.AsyncAppender]
03:48:41,351 |-INFO in org.apache.rocketmq.logging.ch.qos.logback.core.model.processor.AppenderRefModelHandler - Attaching appender named [RocketmqFilterSiftingAppender_inner] to org.apache.rocketmq.logging.ch.qos.logback.classic.AsyncAppender[RocketmqRebalanceLockSiftingAppender]
03:48:41,351 |-INFO in org.apache.rocketmq.logging.ch.qos.logback.classic.AsyncAppender[RocketmqRebalanceLockSiftingAppender] - Attaching appender named [RocketmqFilterSiftingAppender_inner] to AsyncAppender.
03:48:41,351 |-INFO in org.apache.rocketmq.logging.ch.qos.logback.classic.AsyncAppender[RocketmqRebalanceLockSiftingAppender] - Setting discardingThreshold to 51
03:48:41,352 |-INFO in org.apache.rocketmq.logging.ch.qos.logback.core.model.processor.AppenderModelHandler - Processing appender named [RocketmqStatsSiftingAppender_inner]
03:48:41,352 |-INFO in org.apache.rocketmq.logging.ch.qos.logback.core.model.processor.AppenderModelHandler - About to instantiate appender of type [org.apache.rocketmq.logging.ch.qos.logback.classic.sift.SiftingAppender]
03:48:41,352 |-INFO in org.apache.rocketmq.logging.ch.qos.logback.core.model.processor.ImplicitModelHandler - Assuming default type [org.apache.rocketmq.logging.ch.qos.logback.classic.sift.MDCBasedDiscriminator] for [discriminator] property
03:48:41,353 |-INFO in org.apache.rocketmq.logging.ch.qos.logback.core.model.processor.AppenderModelHandler - Processing appender named [RocketmqStatsSiftingAppender]
03:48:41,353 |-INFO in org.apache.rocketmq.logging.ch.qos.logback.core.model.processor.AppenderModelHandler - About to instantiate appender of type [org.apache.rocketmq.logging.ch.qos.logback.classic.AsyncAppender]
03:48:41,353 |-INFO in org.apache.rocketmq.logging.ch.qos.logback.core.model.processor.AppenderRefModelHandler - Attaching appender named [RocketmqStatsSiftingAppender_inner] to org.apache.rocketmq.logging.ch.qos.logback.classic.AsyncAppender[RocketmqStatsSiftingAppender]
03:48:41,353 |-INFO in org.apache.rocketmq.logging.ch.qos.logback.classic.AsyncAppender[RocketmqStatsSiftingAppender] - Attaching appender named [RocketmqStatsSiftingAppender_inner] to AsyncAppender.
03:48:41,353 |-INFO in org.apache.rocketmq.logging.ch.qos.logback.classic.AsyncAppender[RocketmqStatsSiftingAppender] - Setting discardingThreshold to 51
03:48:41,353 |-INFO in org.apache.rocketmq.logging.ch.qos.logback.core.model.processor.AppenderModelHandler - Processing appender named [RocketmqCommercialSiftingAppender_inner]
03:48:41,353 |-INFO in org.apache.rocketmq.logging.ch.qos.logback.core.model.processor.AppenderModelHandler - About to instantiate appender of type [org.apache.rocketmq.logging.ch.qos.logback.classic.sift.SiftingAppender]
03:48:41,353 |-INFO in org.apache.rocketmq.logging.ch.qos.logback.core.model.processor.ImplicitModelHandler - Assuming default type [org.apache.rocketmq.logging.ch.qos.logback.classic.sift.MDCBasedDiscriminator] for [discriminator] property
03:48:41,354 |-INFO in org.apache.rocketmq.logging.ch.qos.logback.core.model.processor.AppenderModelHandler - Processing appender named [RocketmqCommercialSiftingAppender]
03:48:41,354 |-INFO in org.apache.rocketmq.logging.ch.qos.logback.core.model.processor.AppenderModelHandler - About to instantiate appender of type [org.apache.rocketmq.logging.ch.qos.logback.classic.AsyncAppender]
03:48:41,354 |-INFO in org.apache.rocketmq.logging.ch.qos.logback.core.model.processor.AppenderRefModelHandler - Attaching appender named [RocketmqCommercialSiftingAppender_inner] to org.apache.rocketmq.logging.ch.qos.logback.classic.AsyncAppender[RocketmqCommercialSiftingAppender]
03:48:41,354 |-INFO in org.apache.rocketmq.logging.ch.qos.logback.classic.AsyncAppender[RocketmqCommercialSiftingAppender] - Attaching appender named [RocketmqCommercialSiftingAppender_inner] to AsyncAppender.
03:48:41,354 |-INFO in org.apache.rocketmq.logging.ch.qos.logback.classic.AsyncAppender[RocketmqCommercialSiftingAppender] - Setting discardingThreshold to 51
03:48:41,355 |-INFO in org.apache.rocketmq.logging.ch.qos.logback.core.model.processor.AppenderModelHandler - Processing appender named [RocketmqPopSiftingAppender_inner]
03:48:41,355 |-INFO in org.apache.rocketmq.logging.ch.qos.logback.core.model.processor.AppenderModelHandler - About to instantiate appender of type [org.apache.rocketmq.logging.ch.qos.logback.classic.sift.SiftingAppender]
03:48:41,355 |-INFO in org.apache.rocketmq.logging.ch.qos.logback.core.model.processor.ImplicitModelHandler - Assuming default type [org.apache.rocketmq.logging.ch.qos.logback.classic.sift.MDCBasedDiscriminator] for [discriminator] property
03:48:41,356 |-INFO in org.apache.rocketmq.logging.ch.qos.logback.core.model.processor.AppenderModelHandler - Processing appender named [RocketmqPopSiftingAppender]
03:48:41,356 |-INFO in org.apache.rocketmq.logging.ch.qos.logback.core.model.processor.AppenderModelHandler - About to instantiate appender of type [org.apache.rocketmq.logging.ch.qos.logback.classic.AsyncAppender]
03:48:41,356 |-INFO in org.apache.rocketmq.logging.ch.qos.logback.core.model.processor.AppenderRefModelHandler - Attaching appender named [RocketmqPopSiftingAppender_inner] to org.apache.rocketmq.logging.ch.qos.logback.classic.AsyncAppender[RocketmqPopSiftingAppender]
03:48:41,356 |-INFO in org.apache.rocketmq.logging.ch.qos.logback.classic.AsyncAppender[RocketmqPopSiftingAppender] - Attaching appender named [RocketmqPopSiftingAppender_inner] to AsyncAppender.
03:48:41,356 |-INFO in org.apache.rocketmq.logging.ch.qos.logback.classic.AsyncAppender[RocketmqPopSiftingAppender] - Setting discardingThreshold to 51
03:48:41,356 |-INFO in org.apache.rocketmq.logging.ch.qos.logback.core.model.processor.AppenderModelHandler - Processing appender named [RocketmqPopLiteSiftingAppender_inner]
03:48:41,356 |-INFO in org.apache.rocketmq.logging.ch.qos.logback.core.model.processor.AppenderModelHandler - About to instantiate appender of type [org.apache.rocketmq.logging.ch.qos.logback.classic.sift.SiftingAppender]
03:48:41,356 |-INFO in org.apache.rocketmq.logging.ch.qos.logback.core.model.processor.ImplicitModelHandler - Assuming default type [org.apache.rocketmq.logging.ch.qos.logback.classic.sift.MDCBasedDiscriminator] for [discriminator] property
03:48:41,357 |-INFO in org.apache.rocketmq.logging.ch.qos.logback.core.model.processor.AppenderModelHandler - Processing appender named [RocketmqPopLiteSiftingAppender]
03:48:41,357 |-INFO in org.apache.rocketmq.logging.ch.qos.logback.core.model.processor.AppenderModelHandler - About to instantiate appender of type [org.apache.rocketmq.logging.ch.qos.logback.classic.AsyncAppender]
03:48:41,357 |-INFO in org.apache.rocketmq.logging.ch.qos.logback.core.model.processor.AppenderRefModelHandler - Attaching appender named [RocketmqPopLiteSiftingAppender_inner] to org.apache.rocketmq.logging.ch.qos.logback.classic.AsyncAppender[RocketmqPopLiteSiftingAppender]
03:48:41,357 |-INFO in org.apache.rocketmq.logging.ch.qos.logback.classic.AsyncAppender[RocketmqPopLiteSiftingAppender] - Attaching appender named [RocketmqPopLiteSiftingAppender_inner] to AsyncAppender.
03:48:41,357 |-INFO in org.apache.rocketmq.logging.ch.qos.logback.classic.AsyncAppender[RocketmqPopLiteSiftingAppender] - Setting discardingThreshold to 51
03:48:41,358 |-INFO in org.apache.rocketmq.logging.ch.qos.logback.core.model.processor.AppenderModelHandler - Processing appender named [RocketmqColdCtrSiftingAppender]
03:48:41,358 |-INFO in org.apache.rocketmq.logging.ch.qos.logback.core.model.processor.AppenderModelHandler - About to instantiate appender of type [org.apache.rocketmq.logging.ch.qos.logback.classic.sift.SiftingAppender]
03:48:41,358 |-INFO in org.apache.rocketmq.logging.ch.qos.logback.core.model.processor.ImplicitModelHandler - Assuming default type [org.apache.rocketmq.logging.ch.qos.logback.classic.sift.MDCBasedDiscriminator] for [discriminator] property
03:48:41,358 |-INFO in org.apache.rocketmq.logging.ch.qos.logback.core.model.processor.AppenderModelHandler - Processing appender named [RocketmqBrokerMetricsSiftingAppender_inner]
03:48:41,358 |-INFO in org.apache.rocketmq.logging.ch.qos.logback.core.model.processor.AppenderModelHandler - About to instantiate appender of type [org.apache.rocketmq.logging.ch.qos.logback.classic.sift.SiftingAppender]
03:48:41,359 |-INFO in org.apache.rocketmq.logging.ch.qos.logback.core.model.processor.ImplicitModelHandler - Assuming default type [org.apache.rocketmq.logging.ch.qos.logback.classic.sift.MDCBasedDiscriminator] for [discriminator] property
03:48:41,359 |-INFO in org.apache.rocketmq.logging.ch.qos.logback.core.model.processor.AppenderModelHandler - Processing appender named [RocketmqBrokerMetricsSiftingAppender]
03:48:41,359 |-INFO in org.apache.rocketmq.logging.ch.qos.logback.core.model.processor.AppenderModelHandler - About to instantiate appender of type [org.apache.rocketmq.logging.ch.qos.logback.classic.AsyncAppender]
03:48:41,359 |-INFO in org.apache.rocketmq.logging.ch.qos.logback.core.model.processor.AppenderRefModelHandler - Attaching appender named [RocketmqBrokerMetricsSiftingAppender_inner] to org.apache.rocketmq.logging.ch.qos.logback.classic.AsyncAppender[RocketmqBrokerMetricsSiftingAppender]
03:48:41,359 |-INFO in org.apache.rocketmq.logging.ch.qos.logback.classic.AsyncAppender[RocketmqBrokerMetricsSiftingAppender] - Attaching appender named [RocketmqBrokerMetricsSiftingAppender_inner] to AsyncAppender.
03:48:41,359 |-INFO in org.apache.rocketmq.logging.ch.qos.logback.classic.AsyncAppender[RocketmqBrokerMetricsSiftingAppender] - Setting discardingThreshold to 51
03:48:41,360 |-INFO in org.apache.rocketmq.logging.ch.qos.logback.core.model.processor.AppenderModelHandler - Processing appender named [RocketmqAuthAuditSiftingAppender_inner]
03:48:41,360 |-INFO in org.apache.rocketmq.logging.ch.qos.logback.core.model.processor.AppenderModelHandler - About to instantiate appender of type [org.apache.rocketmq.logging.ch.qos.logback.classic.sift.SiftingAppender]
03:48:41,360 |-INFO in org.apache.rocketmq.logging.ch.qos.logback.core.model.processor.ImplicitModelHandler - Assuming default type [org.apache.rocketmq.logging.ch.qos.logback.classic.sift.MDCBasedDiscriminator] for [discriminator] property
03:48:41,361 |-INFO in org.apache.rocketmq.logging.ch.qos.logback.core.model.processor.AppenderModelHandler - Processing appender named [RocketmqAuthAuditSiftingAppender]
03:48:41,361 |-INFO in org.apache.rocketmq.logging.ch.qos.logback.core.model.processor.AppenderModelHandler - About to instantiate appender of type [org.apache.rocketmq.logging.ch.qos.logback.classic.AsyncAppender]
03:48:41,361 |-INFO in org.apache.rocketmq.logging.ch.qos.logback.core.model.processor.AppenderRefModelHandler - Attaching appender named [RocketmqAuthAuditSiftingAppender_inner] to org.apache.rocketmq.logging.ch.qos.logback.classic.AsyncAppender[RocketmqAuthAuditSiftingAppender]
03:48:41,361 |-INFO in org.apache.rocketmq.logging.ch.qos.logback.classic.AsyncAppender[RocketmqAuthAuditSiftingAppender] - Attaching appender named [RocketmqAuthAuditSiftingAppender_inner] to AsyncAppender.
03:48:41,361 |-INFO in org.apache.rocketmq.logging.ch.qos.logback.classic.AsyncAppender[RocketmqAuthAuditSiftingAppender] - Setting discardingThreshold to 51
03:48:41,361 |-INFO in org.apache.rocketmq.logging.ch.qos.logback.core.model.processor.AppenderModelHandler - Processing appender named [STDOUT]
03:48:41,361 |-INFO in org.apache.rocketmq.logging.ch.qos.logback.core.model.processor.AppenderModelHandler - About to instantiate appender of type [org.apache.rocketmq.logging.ch.qos.logback.core.ConsoleAppender]
03:48:41,367 |-INFO in org.apache.rocketmq.logging.ch.qos.logback.core.model.processor.ImplicitModelHandler - Assuming default type [org.apache.rocketmq.logging.ch.qos.logback.classic.encoder.PatternLayoutEncoder] for [encoder] property
03:48:41,426 |-INFO in org.apache.rocketmq.logging.ch.qos.logback.classic.model.processor.LoggerModelHandler - Setting level of logger [RocketmqBroker] to INFO
03:48:41,426 |-INFO in org.apache.rocketmq.logging.ch.qos.logback.classic.model.processor.LoggerModelHandler - Setting additivity of logger [RocketmqBroker] to false
03:48:41,426 |-INFO in org.apache.rocketmq.logging.ch.qos.logback.core.model.processor.AppenderRefModelHandler - Attaching appender named [RocketmqBrokerSiftingAppender] to Logger[RocketmqBroker]
03:48:41,426 |-INFO in org.apache.rocketmq.logging.ch.qos.logback.classic.model.processor.LoggerModelHandler - Setting level of logger [RocketmqProtection] to INFO
03:48:41,426 |-INFO in org.apache.rocketmq.logging.ch.qos.logback.classic.model.processor.LoggerModelHandler - Setting additivity of logger [RocketmqProtection] to false
03:48:41,426 |-INFO in org.apache.rocketmq.logging.ch.qos.logback.core.model.processor.AppenderRefModelHandler - Attaching appender named [RocketmqProtectionSiftingAppender] to Logger[RocketmqProtection]
03:48:41,426 |-INFO in org.apache.rocketmq.logging.ch.qos.logback.classic.model.processor.LoggerModelHandler - Setting level of logger [RocketmqWaterMark] to INFO
03:48:41,426 |-INFO in org.apache.rocketmq.logging.ch.qos.logback.classic.model.processor.LoggerModelHandler - Setting additivity of logger [RocketmqWaterMark] to false
03:48:41,426 |-INFO in org.apache.rocketmq.logging.ch.qos.logback.core.model.processor.AppenderRefModelHandler - Attaching appender named [RocketmqWaterMarkSiftingAppender] to Logger[RocketmqWaterMark]
03:48:41,426 |-INFO in org.apache.rocketmq.logging.ch.qos.logback.classic.model.processor.LoggerModelHandler - Setting level of logger [RocketmqCommon] to INFO
03:48:41,426 |-INFO in org.apache.rocketmq.logging.ch.qos.logback.classic.model.processor.LoggerModelHandler - Setting additivity of logger [RocketmqCommon] to false
03:48:41,426 |-INFO in org.apache.rocketmq.logging.ch.qos.logback.core.model.processor.AppenderRefModelHandler - Attaching appender named [RocketmqBrokerSiftingAppender] to Logger[RocketmqCommon]
03:48:41,426 |-INFO in org.apache.rocketmq.logging.ch.qos.logback.classic.model.processor.LoggerModelHandler - Setting level of logger [RocketmqRocksDB] to INFO
03:48:41,426 |-INFO in org.apache.rocketmq.logging.ch.qos.logback.classic.model.processor.LoggerModelHandler - Setting additivity of logger [RocketmqRocksDB] to false
03:48:41,427 |-INFO in org.apache.rocketmq.logging.ch.qos.logback.core.model.processor.AppenderRefModelHandler - Attaching appender named [RocketmqRocksDBSiftingAppender] to Logger[RocketmqRocksDB]
03:48:41,427 |-INFO in org.apache.rocketmq.logging.ch.qos.logback.classic.model.processor.LoggerModelHandler - Setting level of logger [RocketmqStore] to INFO
03:48:41,427 |-INFO in org.apache.rocketmq.logging.ch.qos.logback.classic.model.processor.LoggerModelHandler - Setting additivity of logger [RocketmqStore] to false
03:48:41,427 |-INFO in org.apache.rocketmq.logging.ch.qos.logback.core.model.processor.AppenderRefModelHandler - Attaching appender named [RocketmqStoreSiftingAppender] to Logger[RocketmqStore]
03:48:41,427 |-INFO in org.apache.rocketmq.logging.ch.qos.logback.classic.model.processor.LoggerModelHandler - Setting level of logger [RocketmqStoreError] to INFO
03:48:41,427 |-INFO in org.apache.rocketmq.logging.ch.qos.logback.classic.model.processor.LoggerModelHandler - Setting additivity of logger [RocketmqStoreError] to false
03:48:41,427 |-INFO in org.apache.rocketmq.logging.ch.qos.logback.core.model.processor.AppenderRefModelHandler - Attaching appender named [RocketmqStoreErrorSiftingAppender] to Logger[RocketmqStoreError]
03:48:41,427 |-INFO in org.apache.rocketmq.logging.ch.qos.logback.classic.model.processor.LoggerModelHandler - Setting level of logger [RocketmqTieredStore] to INFO
03:48:41,427 |-INFO in org.apache.rocketmq.logging.ch.qos.logback.classic.model.processor.LoggerModelHandler - Setting additivity of logger [RocketmqTieredStore] to false
03:48:41,427 |-INFO in org.apache.rocketmq.logging.ch.qos.logback.core.model.processor.AppenderRefModelHandler - Attaching appender named [RocketmqTieredStoreSiftingAppender] to Logger[RocketmqTieredStore]
03:48:41,427 |-INFO in org.apache.rocketmq.logging.ch.qos.logback.classic.model.processor.LoggerModelHandler - Setting level of logger [RocketmqTransaction] to INFO
03:48:41,427 |-INFO in org.apache.rocketmq.logging.ch.qos.logback.classic.model.processor.LoggerModelHandler - Setting additivity of logger [RocketmqTransaction] to false
03:48:41,427 |-INFO in org.apache.rocketmq.logging.ch.qos.logback.core.model.processor.AppenderRefModelHandler - Attaching appender named [RocketmqTransactionSiftingAppender] to Logger[RocketmqTransaction]
03:48:41,427 |-INFO in org.apache.rocketmq.logging.ch.qos.logback.classic.model.processor.LoggerModelHandler - Setting level of logger [RocketmqRebalanceLock] to INFO
03:48:41,427 |-INFO in org.apache.rocketmq.logging.ch.qos.logback.classic.model.processor.LoggerModelHandler - Setting additivity of logger [RocketmqRebalanceLock] to false
03:48:41,427 |-INFO in org.apache.rocketmq.logging.ch.qos.logback.core.model.processor.AppenderRefModelHandler - Attaching appender named [RocketmqRebalanceLockSiftingAppender] to Logger[RocketmqRebalanceLock]
03:48:41,427 |-INFO in org.apache.rocketmq.logging.ch.qos.logback.classic.model.processor.LoggerModelHandler - Setting level of logger [RocketmqRemoting] to INFO
03:48:41,427 |-INFO in org.apache.rocketmq.logging.ch.qos.logback.classic.model.processor.LoggerModelHandler - Setting additivity of logger [RocketmqRemoting] to false
03:48:41,427 |-INFO in org.apache.rocketmq.logging.ch.qos.logback.core.model.processor.AppenderRefModelHandler - Attaching appender named [RocketmqRemotingSiftingAppender] to Logger[RocketmqRemoting]
03:48:41,428 |-INFO in org.apache.rocketmq.logging.ch.qos.logback.classic.model.processor.LoggerModelHandler - Setting level of logger [RocketmqStats] to INFO
03:48:41,428 |-INFO in org.apache.rocketmq.logging.ch.qos.logback.classic.model.processor.LoggerModelHandler - Setting additivity of logger [RocketmqStats] to false
03:48:41,428 |-INFO in org.apache.rocketmq.logging.ch.qos.logback.core.model.processor.AppenderRefModelHandler - Attaching appender named [RocketmqStatsSiftingAppender] to Logger[RocketmqStats]
03:48:41,428 |-INFO in org.apache.rocketmq.logging.ch.qos.logback.classic.model.processor.LoggerModelHandler - Setting level of logger [RocketmqCommercial] to INFO
03:48:41,428 |-INFO in org.apache.rocketmq.logging.ch.qos.logback.classic.model.processor.LoggerModelHandler - Setting additivity of logger [RocketmqCommercial] to false
03:48:41,428 |-INFO in org.apache.rocketmq.logging.ch.qos.logback.core.model.processor.AppenderRefModelHandler - Attaching appender named [RocketmqCommercialSiftingAppender] to Logger[RocketmqCommercial]
03:48:41,428 |-INFO in org.apache.rocketmq.logging.ch.qos.logback.classic.model.processor.LoggerModelHandler - Setting level of logger [RocketmqConsole] to INFO
03:48:41,428 |-INFO in org.apache.rocketmq.logging.ch.qos.logback.classic.model.processor.LoggerModelHandler - Setting additivity of logger [RocketmqConsole] to false
03:48:41,428 |-INFO in org.apache.rocketmq.logging.ch.qos.logback.core.model.processor.AppenderRefModelHandler - Attaching appender named [STDOUT] to Logger[RocketmqConsole]
03:48:41,428 |-INFO in org.apache.rocketmq.logging.ch.qos.logback.classic.model.processor.LoggerModelHandler - Setting level of logger [RocketmqPop] to INFO
03:48:41,428 |-INFO in org.apache.rocketmq.logging.ch.qos.logback.classic.model.processor.LoggerModelHandler - Setting additivity of logger [RocketmqPop] to false
03:48:41,428 |-INFO in org.apache.rocketmq.logging.ch.qos.logback.core.model.processor.AppenderRefModelHandler - Attaching appender named [RocketmqPopSiftingAppender] to Logger[RocketmqPop]
03:48:41,428 |-INFO in org.apache.rocketmq.logging.ch.qos.logback.classic.model.processor.LoggerModelHandler - Setting level of logger [RocketmqPopLite] to INFO
03:48:41,428 |-INFO in org.apache.rocketmq.logging.ch.qos.logback.classic.model.processor.LoggerModelHandler - Setting additivity of logger [RocketmqPopLite] to false
03:48:41,428 |-INFO in org.apache.rocketmq.logging.ch.qos.logback.core.model.processor.AppenderRefModelHandler - Attaching appender named [RocketmqPopLiteSiftingAppender] to Logger[RocketmqPopLite]
03:48:41,428 |-INFO in org.apache.rocketmq.logging.ch.qos.logback.classic.model.processor.LoggerModelHandler - Setting additivity of logger [RocketmqColdCtr] to false
03:48:41,428 |-INFO in org.apache.rocketmq.logging.ch.qos.logback.classic.model.processor.LevelModelHandler - RocketmqColdCtr level set to INFO
03:48:41,428 |-INFO in org.apache.rocketmq.logging.ch.qos.logback.core.model.processor.AppenderRefModelHandler - Attaching appender named [RocketmqColdCtrSiftingAppender] to Logger[RocketmqColdCtr]
03:48:41,429 |-INFO in org.apache.rocketmq.logging.ch.qos.logback.classic.model.processor.LoggerModelHandler - Setting level of logger [RocketmqTraffic] to INFO
03:48:41,429 |-INFO in org.apache.rocketmq.logging.ch.qos.logback.classic.model.processor.LoggerModelHandler - Setting additivity of logger [RocketmqTraffic] to false
03:48:41,429 |-INFO in org.apache.rocketmq.logging.ch.qos.logback.core.model.processor.AppenderRefModelHandler - Attaching appender named [RocketmqTrafficSiftingAppender] to Logger[RocketmqTraffic]
03:48:41,429 |-INFO in org.apache.rocketmq.logging.ch.qos.logback.classic.model.processor.LoggerModelHandler - Setting level of logger [io.opentelemetry.exporter.logging.otlp.OtlpJsonLoggingMetricExporter] to INFO
03:48:41,429 |-INFO in org.apache.rocketmq.logging.ch.qos.logback.classic.model.processor.LoggerModelHandler - Setting additivity of logger [io.opentelemetry.exporter.logging.otlp.OtlpJsonLoggingMetricExporter] to false
03:48:41,429 |-INFO in org.apache.rocketmq.logging.ch.qos.logback.core.model.processor.AppenderRefModelHandler - Attaching appender named [RocketmqBrokerMetricsSiftingAppender] to Logger[io.opentelemetry.exporter.logging.otlp.OtlpJsonLoggingMetricExporter]
03:48:41,429 |-INFO in org.apache.rocketmq.logging.ch.qos.logback.classic.model.processor.LoggerModelHandler - Setting level of logger [io.opentelemetry.exporter.logging.LoggingMetricExporter] to INFO
03:48:41,429 |-INFO in org.apache.rocketmq.logging.ch.qos.logback.classic.model.processor.LoggerModelHandler - Setting additivity of logger [io.opentelemetry.exporter.logging.LoggingMetricExporter] to false
03:48:41,429 |-INFO in org.apache.rocketmq.logging.ch.qos.logback.core.model.processor.AppenderRefModelHandler - Attaching appender named [RocketmqBrokerMetricsSiftingAppender] to Logger[io.opentelemetry.exporter.logging.LoggingMetricExporter]
03:48:41,429 |-INFO in org.apache.rocketmq.logging.ch.qos.logback.classic.model.processor.LoggerModelHandler - Setting level of logger [RocketmqAuthAudit] to INFO
03:48:41,429 |-INFO in org.apache.rocketmq.logging.ch.qos.logback.classic.model.processor.LoggerModelHandler - Setting additivity of logger [RocketmqAuthAudit] to false
03:48:41,429 |-INFO in org.apache.rocketmq.logging.ch.qos.logback.core.model.processor.AppenderRefModelHandler - Attaching appender named [RocketmqAuthAuditSiftingAppender] to Logger[RocketmqAuthAudit]
03:48:41,429 |-INFO in org.apache.rocketmq.logging.ch.qos.logback.classic.model.processor.RootLoggerModelHandler - Setting level of ROOT logger to INFO
03:48:41,429 |-INFO in org.apache.rocketmq.logging.ch.qos.logback.core.model.processor.AppenderRefModelHandler - Attaching appender named [DefaultSiftingAppender] to Logger[ROOT]
03:48:41,431 |-INFO in org.apache.rocketmq.logging.ch.qos.logback.core.model.processor.DefaultProcessor@6b26e945 - End of configuration.
03:48:41,433 |-INFO in org.apache.rocketmq.common.logging.JoranConfiguratorExt@63a65a25 - Registering current configuration as safe fallback point

The broker[i3-spacemitk3picoitx, 192.168.137.18:10911] boot success. serializeType=JSON and name server is 127.0.0.1:9876
Killed
