01:07:38,734 |-INFO in org.apache.rocketmq.logging.ch.qos.logback.classic.LoggerContext[default] - This is logback-classic version 1.3.5-rocketmq
01:07:38,821 |-INFO in org.apache.rocketmq.logging.ch.qos.logback.classic.LoggerContext[default] - Found resource [/root/rocketmq-all-5.5.0-bin-release/conf/rmq.broker.logback.xml] at [file:/root/rocketmq-all-5.5.0-bin-release/conf/rmq.broker.logback.xml]
01:07:39,137 |-WARN in org.apache.rocketmq.logging.ch.qos.logback.classic.joran.action.LevelAction - <level> element is deprecated. Near [level] on line 735
01:07:39,137 |-WARN in org.apache.rocketmq.logging.ch.qos.logback.classic.joran.action.LevelAction - Please use "level" attribute within <logger> or <root> elements instead.
01:07:39,312 |-INFO in org.apache.rocketmq.logging.ch.qos.logback.classic.model.processor.ConfigurationModelHandler - Registering a new ReconfigureOnChangeTask ReconfigureOnChangeTask(born:1787936859312)
01:07:39,315 |-INFO in org.apache.rocketmq.logging.ch.qos.logback.classic.model.processor.ConfigurationModelHandler - Will scan for changes in [file:/root/rocketmq-all-5.5.0-bin-release/conf/rmq.broker.logback.xml] 
01:07:39,315 |-INFO in org.apache.rocketmq.logging.ch.qos.logback.classic.model.processor.ConfigurationModelHandler - Setting ReconfigureOnChangeTask scanning period to 30 seconds
01:07:39,330 |-INFO in org.apache.rocketmq.logging.ch.qos.logback.core.model.processor.AppenderModelHandler - Processing appender named [DefaultSiftingAppender_inner]
01:07:39,330 |-INFO in org.apache.rocketmq.logging.ch.qos.logback.core.model.processor.AppenderModelHandler - About to instantiate appender of type [org.apache.rocketmq.logging.ch.qos.logback.classic.sift.SiftingAppender]
01:07:39,356 |-INFO in org.apache.rocketmq.logging.ch.qos.logback.core.model.processor.ImplicitModelHandler - Assuming default type [org.apache.rocketmq.logging.ch.qos.logback.classic.sift.MDCBasedDiscriminator] for [discriminator] property
01:07:39,379 |-INFO in org.apache.rocketmq.logging.ch.qos.logback.core.model.processor.AppenderModelHandler - Processing appender named [DefaultSiftingAppender]
01:07:39,379 |-INFO in org.apache.rocketmq.logging.ch.qos.logback.core.model.processor.AppenderModelHandler - About to instantiate appender of type [org.apache.rocketmq.logging.ch.qos.logback.classic.AsyncAppender]
01:07:39,384 |-INFO in org.apache.rocketmq.logging.ch.qos.logback.core.model.processor.AppenderRefModelHandler - Attaching appender named [DefaultSiftingAppender_inner] to org.apache.rocketmq.logging.ch.qos.logback.classic.AsyncAppender[DefaultSiftingAppender]
01:07:39,384 |-INFO in org.apache.rocketmq.logging.ch.qos.logback.classic.AsyncAppender[DefaultSiftingAppender] - Attaching appender named [DefaultSiftingAppender_inner] to AsyncAppender.
01:07:39,385 |-INFO in org.apache.rocketmq.logging.ch.qos.logback.classic.AsyncAppender[DefaultSiftingAppender] - Setting discardingThreshold to 51
01:07:39,385 |-INFO in org.apache.rocketmq.logging.ch.qos.logback.core.model.processor.AppenderModelHandler - Processing appender named [RocketmqBrokerSiftingAppender_inner]
01:07:39,385 |-INFO in org.apache.rocketmq.logging.ch.qos.logback.core.model.processor.AppenderModelHandler - About to instantiate appender of type [org.apache.rocketmq.logging.ch.qos.logback.classic.sift.SiftingAppender]
01:07:39,386 |-INFO in org.apache.rocketmq.logging.ch.qos.logback.core.model.processor.ImplicitModelHandler - Assuming default type [org.apache.rocketmq.logging.ch.qos.logback.classic.sift.MDCBasedDiscriminator] for [discriminator] property
01:07:39,386 |-INFO in org.apache.rocketmq.logging.ch.qos.logback.core.model.processor.AppenderModelHandler - Processing appender named [RocketmqBrokerSiftingAppender]
01:07:39,386 |-INFO in org.apache.rocketmq.logging.ch.qos.logback.core.model.processor.AppenderModelHandler - About to instantiate appender of type [org.apache.rocketmq.logging.ch.qos.logback.classic.AsyncAppender]
01:07:39,386 |-INFO in org.apache.rocketmq.logging.ch.qos.logback.core.model.processor.AppenderRefModelHandler - Attaching appender named [RocketmqBrokerSiftingAppender_inner] to org.apache.rocketmq.logging.ch.qos.logback.classic.AsyncAppender[RocketmqBrokerSiftingAppender]
01:07:39,386 |-INFO in org.apache.rocketmq.logging.ch.qos.logback.classic.AsyncAppender[RocketmqBrokerSiftingAppender] - Attaching appender named [RocketmqBrokerSiftingAppender_inner] to AsyncAppender.
01:07:39,386 |-INFO in org.apache.rocketmq.logging.ch.qos.logback.classic.AsyncAppender[RocketmqBrokerSiftingAppender] - Setting discardingThreshold to 51
01:07:39,387 |-INFO in org.apache.rocketmq.logging.ch.qos.logback.core.model.processor.AppenderModelHandler - Processing appender named [RocketmqProtectionSiftingAppender_inner]
01:07:39,387 |-INFO in org.apache.rocketmq.logging.ch.qos.logback.core.model.processor.AppenderModelHandler - About to instantiate appender of type [org.apache.rocketmq.logging.ch.qos.logback.classic.sift.SiftingAppender]
01:07:39,387 |-INFO in org.apache.rocketmq.logging.ch.qos.logback.core.model.processor.ImplicitModelHandler - Assuming default type [org.apache.rocketmq.logging.ch.qos.logback.classic.sift.MDCBasedDiscriminator] for [discriminator] property
01:07:39,388 |-INFO in org.apache.rocketmq.logging.ch.qos.logback.core.model.processor.AppenderModelHandler - Processing appender named [RocketmqProtectionSiftingAppender]
01:07:39,388 |-INFO in org.apache.rocketmq.logging.ch.qos.logback.core.model.processor.AppenderModelHandler - About to instantiate appender of type [org.apache.rocketmq.logging.ch.qos.logback.classic.AsyncAppender]
01:07:39,388 |-INFO in org.apache.rocketmq.logging.ch.qos.logback.core.model.processor.AppenderRefModelHandler - Attaching appender named [RocketmqProtectionSiftingAppender_inner] to org.apache.rocketmq.logging.ch.qos.logback.classic.AsyncAppender[RocketmqProtectionSiftingAppender]
01:07:39,388 |-INFO in org.apache.rocketmq.logging.ch.qos.logback.classic.AsyncAppender[RocketmqProtectionSiftingAppender] - Attaching appender named [RocketmqProtectionSiftingAppender_inner] to AsyncAppender.
01:07:39,388 |-INFO in org.apache.rocketmq.logging.ch.qos.logback.classic.AsyncAppender[RocketmqProtectionSiftingAppender] - Setting discardingThreshold to 51
01:07:39,388 |-INFO in org.apache.rocketmq.logging.ch.qos.logback.core.model.processor.AppenderModelHandler - Processing appender named [RocketmqWaterMarkSiftingAppender_inner]
01:07:39,388 |-INFO in org.apache.rocketmq.logging.ch.qos.logback.core.model.processor.AppenderModelHandler - About to instantiate appender of type [org.apache.rocketmq.logging.ch.qos.logback.classic.sift.SiftingAppender]
01:07:39,388 |-INFO in org.apache.rocketmq.logging.ch.qos.logback.core.model.processor.ImplicitModelHandler - Assuming default type [org.apache.rocketmq.logging.ch.qos.logback.classic.sift.MDCBasedDiscriminator] for [discriminator] property
01:07:39,389 |-INFO in org.apache.rocketmq.logging.ch.qos.logback.core.model.processor.AppenderModelHandler - Processing appender named [RocketmqWaterMarkSiftingAppender]
01:07:39,389 |-INFO in org.apache.rocketmq.logging.ch.qos.logback.core.model.processor.AppenderModelHandler - About to instantiate appender of type [org.apache.rocketmq.logging.ch.qos.logback.classic.AsyncAppender]
01:07:39,389 |-INFO in org.apache.rocketmq.logging.ch.qos.logback.core.model.processor.AppenderRefModelHandler - Attaching appender named [RocketmqWaterMarkSiftingAppender_inner] to org.apache.rocketmq.logging.ch.qos.logback.classic.AsyncAppender[RocketmqWaterMarkSiftingAppender]
01:07:39,389 |-INFO in org.apache.rocketmq.logging.ch.qos.logback.classic.AsyncAppender[RocketmqWaterMarkSiftingAppender] - Attaching appender named [RocketmqWaterMarkSiftingAppender_inner] to AsyncAppender.
01:07:39,389 |-INFO in org.apache.rocketmq.logging.ch.qos.logback.classic.AsyncAppender[RocketmqWaterMarkSiftingAppender] - Setting discardingThreshold to 51
01:07:39,389 |-INFO in org.apache.rocketmq.logging.ch.qos.logback.core.model.processor.AppenderModelHandler - Processing appender named [RocketmqRocksDBSiftingAppender_inner]
01:07:39,389 |-INFO in org.apache.rocketmq.logging.ch.qos.logback.core.model.processor.AppenderModelHandler - About to instantiate appender of type [org.apache.rocketmq.logging.ch.qos.logback.classic.sift.SiftingAppender]
01:07:39,389 |-INFO in org.apache.rocketmq.logging.ch.qos.logback.core.model.processor.ImplicitModelHandler - Assuming default type [org.apache.rocketmq.logging.ch.qos.logback.classic.sift.MDCBasedDiscriminator] for [discriminator] property
01:07:39,390 |-INFO in org.apache.rocketmq.logging.ch.qos.logback.core.model.processor.AppenderModelHandler - Processing appender named [RocketmqRocksDBSiftingAppender]
01:07:39,390 |-INFO in org.apache.rocketmq.logging.ch.qos.logback.core.model.processor.AppenderModelHandler - About to instantiate appender of type [org.apache.rocketmq.logging.ch.qos.logback.classic.AsyncAppender]
01:07:39,390 |-INFO in org.apache.rocketmq.logging.ch.qos.logback.core.model.processor.AppenderRefModelHandler - Attaching appender named [RocketmqRocksDBSiftingAppender_inner] to org.apache.rocketmq.logging.ch.qos.logback.classic.AsyncAppender[RocketmqRocksDBSiftingAppender]
01:07:39,390 |-INFO in org.apache.rocketmq.logging.ch.qos.logback.classic.AsyncAppender[RocketmqRocksDBSiftingAppender] - Attaching appender named [RocketmqRocksDBSiftingAppender_inner] to AsyncAppender.
01:07:39,390 |-INFO in org.apache.rocketmq.logging.ch.qos.logback.classic.AsyncAppender[RocketmqRocksDBSiftingAppender] - Setting discardingThreshold to 51
01:07:39,390 |-INFO in org.apache.rocketmq.logging.ch.qos.logback.core.model.processor.AppenderModelHandler - Processing appender named [RocketmqStoreSiftingAppender_inner]
01:07:39,391 |-INFO in org.apache.rocketmq.logging.ch.qos.logback.core.model.processor.AppenderModelHandler - About to instantiate appender of type [org.apache.rocketmq.logging.ch.qos.logback.classic.sift.SiftingAppender]
01:07:39,391 |-INFO in org.apache.rocketmq.logging.ch.qos.logback.core.model.processor.ImplicitModelHandler - Assuming default type [org.apache.rocketmq.logging.ch.qos.logback.classic.sift.MDCBasedDiscriminator] for [discriminator] property
01:07:39,391 |-INFO in org.apache.rocketmq.logging.ch.qos.logback.core.model.processor.AppenderModelHandler - Processing appender named [RocketmqStoreSiftingAppender]
01:07:39,391 |-INFO in org.apache.rocketmq.logging.ch.qos.logback.core.model.processor.AppenderModelHandler - About to instantiate appender of type [org.apache.rocketmq.logging.ch.qos.logback.classic.AsyncAppender]
01:07:39,392 |-INFO in org.apache.rocketmq.logging.ch.qos.logback.core.model.processor.AppenderRefModelHandler - Attaching appender named [RocketmqStoreSiftingAppender_inner] to org.apache.rocketmq.logging.ch.qos.logback.classic.AsyncAppender[RocketmqStoreSiftingAppender]
01:07:39,392 |-INFO in org.apache.rocketmq.logging.ch.qos.logback.classic.AsyncAppender[RocketmqStoreSiftingAppender] - Attaching appender named [RocketmqStoreSiftingAppender_inner] to AsyncAppender.
01:07:39,392 |-INFO in org.apache.rocketmq.logging.ch.qos.logback.classic.AsyncAppender[RocketmqStoreSiftingAppender] - Setting discardingThreshold to 51
01:07:39,392 |-INFO in org.apache.rocketmq.logging.ch.qos.logback.core.model.processor.AppenderModelHandler - Processing appender named [RocketmqTieredStoreSiftingAppender_inner]
01:07:39,392 |-INFO in org.apache.rocketmq.logging.ch.qos.logback.core.model.processor.AppenderModelHandler - About to instantiate appender of type [org.apache.rocketmq.logging.ch.qos.logback.classic.sift.SiftingAppender]
01:07:39,392 |-INFO in org.apache.rocketmq.logging.ch.qos.logback.core.model.processor.ImplicitModelHandler - Assuming default type [org.apache.rocketmq.logging.ch.qos.logback.classic.sift.MDCBasedDiscriminator] for [discriminator] property
01:07:39,393 |-INFO in org.apache.rocketmq.logging.ch.qos.logback.core.model.processor.AppenderModelHandler - Processing appender named [RocketmqTieredStoreSiftingAppender]
01:07:39,393 |-INFO in org.apache.rocketmq.logging.ch.qos.logback.core.model.processor.AppenderModelHandler - About to instantiate appender of type [org.apache.rocketmq.logging.ch.qos.logback.classic.AsyncAppender]
01:07:39,393 |-INFO in org.apache.rocketmq.logging.ch.qos.logback.core.model.processor.AppenderRefModelHandler - Attaching appender named [RocketmqTieredStoreSiftingAppender_inner] to org.apache.rocketmq.logging.ch.qos.logback.classic.AsyncAppender[RocketmqTieredStoreSiftingAppender]
01:07:39,393 |-INFO in org.apache.rocketmq.logging.ch.qos.logback.classic.AsyncAppender[RocketmqTieredStoreSiftingAppender] - Attaching appender named [RocketmqTieredStoreSiftingAppender_inner] to AsyncAppender.
01:07:39,393 |-INFO in org.apache.rocketmq.logging.ch.qos.logback.classic.AsyncAppender[RocketmqTieredStoreSiftingAppender] - Setting discardingThreshold to 51
01:07:39,393 |-INFO in org.apache.rocketmq.logging.ch.qos.logback.core.model.processor.AppenderModelHandler - Processing appender named [RocketmqTrafficSiftingAppender_inner]
01:07:39,393 |-INFO in org.apache.rocketmq.logging.ch.qos.logback.core.model.processor.AppenderModelHandler - About to instantiate appender of type [org.apache.rocketmq.logging.ch.qos.logback.classic.sift.SiftingAppender]
01:07:39,394 |-INFO in org.apache.rocketmq.logging.ch.qos.logback.core.model.processor.ImplicitModelHandler - Assuming default type [org.apache.rocketmq.logging.ch.qos.logback.classic.sift.MDCBasedDiscriminator] for [discriminator] property
01:07:39,394 |-INFO in org.apache.rocketmq.logging.ch.qos.logback.core.model.processor.AppenderModelHandler - Processing appender named [RocketmqTrafficSiftingAppender]
01:07:39,394 |-INFO in org.apache.rocketmq.logging.ch.qos.logback.core.model.processor.AppenderModelHandler - About to instantiate appender of type [org.apache.rocketmq.logging.ch.qos.logback.classic.AsyncAppender]
01:07:39,394 |-INFO in org.apache.rocketmq.logging.ch.qos.logback.core.model.processor.AppenderRefModelHandler - Attaching appender named [RocketmqTrafficSiftingAppender_inner] to org.apache.rocketmq.logging.ch.qos.logback.classic.AsyncAppender[RocketmqTrafficSiftingAppender]
01:07:39,394 |-INFO in org.apache.rocketmq.logging.ch.qos.logback.classic.AsyncAppender[RocketmqTrafficSiftingAppender] - Attaching appender named [RocketmqTrafficSiftingAppender_inner] to AsyncAppender.
01:07:39,394 |-INFO in org.apache.rocketmq.logging.ch.qos.logback.classic.AsyncAppender[RocketmqTrafficSiftingAppender] - Setting discardingThreshold to 51
01:07:39,395 |-INFO in org.apache.rocketmq.logging.ch.qos.logback.core.model.processor.AppenderModelHandler - Processing appender named [RocketmqRemotingSiftingAppender_inner]
01:07:39,395 |-INFO in org.apache.rocketmq.logging.ch.qos.logback.core.model.processor.AppenderModelHandler - About to instantiate appender of type [org.apache.rocketmq.logging.ch.qos.logback.classic.sift.SiftingAppender]
01:07:39,395 |-INFO in org.apache.rocketmq.logging.ch.qos.logback.core.model.processor.ImplicitModelHandler - Assuming default type [org.apache.rocketmq.logging.ch.qos.logback.classic.sift.MDCBasedDiscriminator] for [discriminator] property
01:07:39,395 |-INFO in org.apache.rocketmq.logging.ch.qos.logback.core.model.processor.AppenderModelHandler - Processing appender named [RocketmqRemotingSiftingAppender]
01:07:39,395 |-INFO in org.apache.rocketmq.logging.ch.qos.logback.core.model.processor.AppenderModelHandler - About to instantiate appender of type [org.apache.rocketmq.logging.ch.qos.logback.classic.AsyncAppender]
01:07:39,396 |-INFO in org.apache.rocketmq.logging.ch.qos.logback.core.model.processor.AppenderRefModelHandler - Attaching appender named [RocketmqRemotingSiftingAppender_inner] to org.apache.rocketmq.logging.ch.qos.logback.classic.AsyncAppender[RocketmqRemotingSiftingAppender]
01:07:39,396 |-INFO in org.apache.rocketmq.logging.ch.qos.logback.classic.AsyncAppender[RocketmqRemotingSiftingAppender] - Attaching appender named [RocketmqRemotingSiftingAppender_inner] to AsyncAppender.
01:07:39,396 |-INFO in org.apache.rocketmq.logging.ch.qos.logback.classic.AsyncAppender[RocketmqRemotingSiftingAppender] - Setting discardingThreshold to 51
01:07:39,396 |-INFO in org.apache.rocketmq.logging.ch.qos.logback.core.model.processor.AppenderModelHandler - Processing appender named [RocketmqStoreErrorSiftingAppender_inner]
01:07:39,396 |-INFO in org.apache.rocketmq.logging.ch.qos.logback.core.model.processor.AppenderModelHandler - About to instantiate appender of type [org.apache.rocketmq.logging.ch.qos.logback.classic.sift.SiftingAppender]
01:07:39,396 |-INFO in org.apache.rocketmq.logging.ch.qos.logback.core.model.processor.ImplicitModelHandler - Assuming default type [org.apache.rocketmq.logging.ch.qos.logback.classic.sift.MDCBasedDiscriminator] for [discriminator] property
01:07:39,397 |-INFO in org.apache.rocketmq.logging.ch.qos.logback.core.model.processor.AppenderModelHandler - Processing appender named [RocketmqStoreErrorSiftingAppender]
01:07:39,397 |-INFO in org.apache.rocketmq.logging.ch.qos.logback.core.model.processor.AppenderModelHandler - About to instantiate appender of type [org.apache.rocketmq.logging.ch.qos.logback.classic.AsyncAppender]
01:07:39,397 |-INFO in org.apache.rocketmq.logging.ch.qos.logback.core.model.processor.AppenderRefModelHandler - Attaching appender named [RocketmqStoreErrorSiftingAppender_inner] to org.apache.rocketmq.logging.ch.qos.logback.classic.AsyncAppender[RocketmqStoreErrorSiftingAppender]
01:07:39,397 |-INFO in org.apache.rocketmq.logging.ch.qos.logback.classic.AsyncAppender[RocketmqStoreErrorSiftingAppender] - Attaching appender named [RocketmqStoreErrorSiftingAppender_inner] to AsyncAppender.
01:07:39,397 |-INFO in org.apache.rocketmq.logging.ch.qos.logback.classic.AsyncAppender[RocketmqStoreErrorSiftingAppender] - Setting discardingThreshold to 51
01:07:39,398 |-INFO in org.apache.rocketmq.logging.ch.qos.logback.core.model.processor.AppenderModelHandler - Processing appender named [RocketmqTransactionSiftingAppender_inner]
01:07:39,398 |-INFO in org.apache.rocketmq.logging.ch.qos.logback.core.model.processor.AppenderModelHandler - About to instantiate appender of type [org.apache.rocketmq.logging.ch.qos.logback.classic.sift.SiftingAppender]
01:07:39,398 |-INFO in org.apache.rocketmq.logging.ch.qos.logback.core.model.processor.ImplicitModelHandler - Assuming default type [org.apache.rocketmq.logging.ch.qos.logback.classic.sift.MDCBasedDiscriminator] for [discriminator] property
01:07:39,398 |-INFO in org.apache.rocketmq.logging.ch.qos.logback.core.model.processor.AppenderModelHandler - Processing appender named [RocketmqTransactionSiftingAppender]
01:07:39,398 |-INFO in org.apache.rocketmq.logging.ch.qos.logback.core.model.processor.AppenderModelHandler - About to instantiate appender of type [org.apache.rocketmq.logging.ch.qos.logback.classic.AsyncAppender]
01:07:39,399 |-INFO in org.apache.rocketmq.logging.ch.qos.logback.core.model.processor.AppenderRefModelHandler - Attaching appender named [RocketmqTransactionSiftingAppender_inner] to org.apache.rocketmq.logging.ch.qos.logback.classic.AsyncAppender[RocketmqTransactionSiftingAppender]
01:07:39,399 |-INFO in org.apache.rocketmq.logging.ch.qos.logback.classic.AsyncAppender[RocketmqTransactionSiftingAppender] - Attaching appender named [RocketmqTransactionSiftingAppender_inner] to AsyncAppender.
01:07:39,399 |-INFO in org.apache.rocketmq.logging.ch.qos.logback.classic.AsyncAppender[RocketmqTransactionSiftingAppender] - Setting discardingThreshold to 51
01:07:39,399 |-INFO in org.apache.rocketmq.logging.ch.qos.logback.core.model.processor.AppenderModelHandler - Processing appender named [RocketmqRebalanceLockSiftingAppender_inner]
01:07:39,399 |-INFO in org.apache.rocketmq.logging.ch.qos.logback.core.model.processor.AppenderModelHandler - About to instantiate appender of type [org.apache.rocketmq.logging.ch.qos.logback.classic.sift.SiftingAppender]
01:07:39,399 |-INFO in org.apache.rocketmq.logging.ch.qos.logback.core.model.processor.ImplicitModelHandler - Assuming default type [org.apache.rocketmq.logging.ch.qos.logback.classic.sift.MDCBasedDiscriminator] for [discriminator] property
01:07:39,400 |-INFO in org.apache.rocketmq.logging.ch.qos.logback.core.model.processor.AppenderModelHandler - Processing appender named [RocketmqRebalanceLockSiftingAppender]
01:07:39,400 |-INFO in org.apache.rocketmq.logging.ch.qos.logback.core.model.processor.AppenderModelHandler - About to instantiate appender of type [org.apache.rocketmq.logging.ch.qos.logback.classic.AsyncAppender]
01:07:39,400 |-INFO in org.apache.rocketmq.logging.ch.qos.logback.core.model.processor.AppenderRefModelHandler - Attaching appender named [RocketmqRebalanceLockSiftingAppender_inner] to org.apache.rocketmq.logging.ch.qos.logback.classic.AsyncAppender[RocketmqRebalanceLockSiftingAppender]
01:07:39,400 |-INFO in org.apache.rocketmq.logging.ch.qos.logback.classic.AsyncAppender[RocketmqRebalanceLockSiftingAppender] - Attaching appender named [RocketmqRebalanceLockSiftingAppender_inner] to AsyncAppender.
01:07:39,400 |-INFO in org.apache.rocketmq.logging.ch.qos.logback.classic.AsyncAppender[RocketmqRebalanceLockSiftingAppender] - Setting discardingThreshold to 51
01:07:39,400 |-INFO in org.apache.rocketmq.logging.ch.qos.logback.core.model.processor.AppenderModelHandler - Processing appender named [RocketmqFilterSiftingAppender_inner]
01:07:39,400 |-INFO in org.apache.rocketmq.logging.ch.qos.logback.core.model.processor.AppenderModelHandler - About to instantiate appender of type [org.apache.rocketmq.logging.ch.qos.logback.classic.sift.SiftingAppender]
01:07:39,400 |-INFO in org.apache.rocketmq.logging.ch.qos.logback.core.model.processor.ImplicitModelHandler - Assuming default type [org.apache.rocketmq.logging.ch.qos.logback.classic.sift.MDCBasedDiscriminator] for [discriminator] property
01:07:39,401 |-INFO in org.apache.rocketmq.logging.ch.qos.logback.core.model.processor.AppenderModelHandler - Processing appender named [RocketmqRebalanceLockSiftingAppender]
01:07:39,401 |-INFO in org.apache.rocketmq.logging.ch.qos.logback.core.model.processor.AppenderModelHandler - About to instantiate appender of type [org.apache.rocketmq.logging.ch.qos.logback.classic.AsyncAppender]
01:07:39,401 |-INFO in org.apache.rocketmq.logging.ch.qos.logback.core.model.processor.AppenderRefModelHandler - Attaching appender named [RocketmqFilterSiftingAppender_inner] to org.apache.rocketmq.logging.ch.qos.logback.classic.AsyncAppender[RocketmqRebalanceLockSiftingAppender]
01:07:39,401 |-INFO in org.apache.rocketmq.logging.ch.qos.logback.classic.AsyncAppender[RocketmqRebalanceLockSiftingAppender] - Attaching appender named [RocketmqFilterSiftingAppender_inner] to AsyncAppender.
01:07:39,401 |-INFO in org.apache.rocketmq.logging.ch.qos.logback.classic.AsyncAppender[RocketmqRebalanceLockSiftingAppender] - Setting discardingThreshold to 51
01:07:39,401 |-INFO in org.apache.rocketmq.logging.ch.qos.logback.core.model.processor.AppenderModelHandler - Processing appender named [RocketmqStatsSiftingAppender_inner]
01:07:39,401 |-INFO in org.apache.rocketmq.logging.ch.qos.logback.core.model.processor.AppenderModelHandler - About to instantiate appender of type [org.apache.rocketmq.logging.ch.qos.logback.classic.sift.SiftingAppender]
01:07:39,402 |-INFO in org.apache.rocketmq.logging.ch.qos.logback.core.model.processor.ImplicitModelHandler - Assuming default type [org.apache.rocketmq.logging.ch.qos.logback.classic.sift.MDCBasedDiscriminator] for [discriminator] property
01:07:39,402 |-INFO in org.apache.rocketmq.logging.ch.qos.logback.core.model.processor.AppenderModelHandler - Processing appender named [RocketmqStatsSiftingAppender]
01:07:39,402 |-INFO in org.apache.rocketmq.logging.ch.qos.logback.core.model.processor.AppenderModelHandler - About to instantiate appender of type [org.apache.rocketmq.logging.ch.qos.logback.classic.AsyncAppender]
01:07:39,403 |-INFO in org.apache.rocketmq.logging.ch.qos.logback.core.model.processor.AppenderRefModelHandler - Attaching appender named [RocketmqStatsSiftingAppender_inner] to org.apache.rocketmq.logging.ch.qos.logback.classic.AsyncAppender[RocketmqStatsSiftingAppender]
01:07:39,403 |-INFO in org.apache.rocketmq.logging.ch.qos.logback.classic.AsyncAppender[RocketmqStatsSiftingAppender] - Attaching appender named [RocketmqStatsSiftingAppender_inner] to AsyncAppender.
01:07:39,403 |-INFO in org.apache.rocketmq.logging.ch.qos.logback.classic.AsyncAppender[RocketmqStatsSiftingAppender] - Setting discardingThreshold to 51
01:07:39,403 |-INFO in org.apache.rocketmq.logging.ch.qos.logback.core.model.processor.AppenderModelHandler - Processing appender named [RocketmqCommercialSiftingAppender_inner]
01:07:39,403 |-INFO in org.apache.rocketmq.logging.ch.qos.logback.core.model.processor.AppenderModelHandler - About to instantiate appender of type [org.apache.rocketmq.logging.ch.qos.logback.classic.sift.SiftingAppender]
01:07:39,403 |-INFO in org.apache.rocketmq.logging.ch.qos.logback.core.model.processor.ImplicitModelHandler - Assuming default type [org.apache.rocketmq.logging.ch.qos.logback.classic.sift.MDCBasedDiscriminator] for [discriminator] property
01:07:39,404 |-INFO in org.apache.rocketmq.logging.ch.qos.logback.core.model.processor.AppenderModelHandler - Processing appender named [RocketmqCommercialSiftingAppender]
01:07:39,404 |-INFO in org.apache.rocketmq.logging.ch.qos.logback.core.model.processor.AppenderModelHandler - About to instantiate appender of type [org.apache.rocketmq.logging.ch.qos.logback.classic.AsyncAppender]
01:07:39,404 |-INFO in org.apache.rocketmq.logging.ch.qos.logback.core.model.processor.AppenderRefModelHandler - Attaching appender named [RocketmqCommercialSiftingAppender_inner] to org.apache.rocketmq.logging.ch.qos.logback.classic.AsyncAppender[RocketmqCommercialSiftingAppender]
01:07:39,404 |-INFO in org.apache.rocketmq.logging.ch.qos.logback.classic.AsyncAppender[RocketmqCommercialSiftingAppender] - Attaching appender named [RocketmqCommercialSiftingAppender_inner] to AsyncAppender.
01:07:39,404 |-INFO in org.apache.rocketmq.logging.ch.qos.logback.classic.AsyncAppender[RocketmqCommercialSiftingAppender] - Setting discardingThreshold to 51
01:07:39,404 |-INFO in org.apache.rocketmq.logging.ch.qos.logback.core.model.processor.AppenderModelHandler - Processing appender named [RocketmqPopSiftingAppender_inner]
01:07:39,404 |-INFO in org.apache.rocketmq.logging.ch.qos.logback.core.model.processor.AppenderModelHandler - About to instantiate appender of type [org.apache.rocketmq.logging.ch.qos.logback.classic.sift.SiftingAppender]
01:07:39,405 |-INFO in org.apache.rocketmq.logging.ch.qos.logback.core.model.processor.ImplicitModelHandler - Assuming default type [org.apache.rocketmq.logging.ch.qos.logback.classic.sift.MDCBasedDiscriminator] for [discriminator] property
01:07:39,405 |-INFO in org.apache.rocketmq.logging.ch.qos.logback.core.model.processor.AppenderModelHandler - Processing appender named [RocketmqPopSiftingAppender]
01:07:39,405 |-INFO in org.apache.rocketmq.logging.ch.qos.logback.core.model.processor.AppenderModelHandler - About to instantiate appender of type [org.apache.rocketmq.logging.ch.qos.logback.classic.AsyncAppender]
01:07:39,405 |-INFO in org.apache.rocketmq.logging.ch.qos.logback.core.model.processor.AppenderRefModelHandler - Attaching appender named [RocketmqPopSiftingAppender_inner] to org.apache.rocketmq.logging.ch.qos.logback.classic.AsyncAppender[RocketmqPopSiftingAppender]
01:07:39,405 |-INFO in org.apache.rocketmq.logging.ch.qos.logback.classic.AsyncAppender[RocketmqPopSiftingAppender] - Attaching appender named [RocketmqPopSiftingAppender_inner] to AsyncAppender.
01:07:39,405 |-INFO in org.apache.rocketmq.logging.ch.qos.logback.classic.AsyncAppender[RocketmqPopSiftingAppender] - Setting discardingThreshold to 51
01:07:39,406 |-INFO in org.apache.rocketmq.logging.ch.qos.logback.core.model.processor.AppenderModelHandler - Processing appender named [RocketmqPopLiteSiftingAppender_inner]
01:07:39,406 |-INFO in org.apache.rocketmq.logging.ch.qos.logback.core.model.processor.AppenderModelHandler - About to instantiate appender of type [org.apache.rocketmq.logging.ch.qos.logback.classic.sift.SiftingAppender]
01:07:39,406 |-INFO in org.apache.rocketmq.logging.ch.qos.logback.core.model.processor.ImplicitModelHandler - Assuming default type [org.apache.rocketmq.logging.ch.qos.logback.classic.sift.MDCBasedDiscriminator] for [discriminator] property
01:07:39,407 |-INFO in org.apache.rocketmq.logging.ch.qos.logback.core.model.processor.AppenderModelHandler - Processing appender named [RocketmqPopLiteSiftingAppender]
01:07:39,407 |-INFO in org.apache.rocketmq.logging.ch.qos.logback.core.model.processor.AppenderModelHandler - About to instantiate appender of type [org.apache.rocketmq.logging.ch.qos.logback.classic.AsyncAppender]
01:07:39,407 |-INFO in org.apache.rocketmq.logging.ch.qos.logback.core.model.processor.AppenderRefModelHandler - Attaching appender named [RocketmqPopLiteSiftingAppender_inner] to org.apache.rocketmq.logging.ch.qos.logback.classic.AsyncAppender[RocketmqPopLiteSiftingAppender]
01:07:39,407 |-INFO in org.apache.rocketmq.logging.ch.qos.logback.classic.AsyncAppender[RocketmqPopLiteSiftingAppender] - Attaching appender named [RocketmqPopLiteSiftingAppender_inner] to AsyncAppender.
01:07:39,407 |-INFO in org.apache.rocketmq.logging.ch.qos.logback.classic.AsyncAppender[RocketmqPopLiteSiftingAppender] - Setting discardingThreshold to 51
01:07:39,407 |-INFO in org.apache.rocketmq.logging.ch.qos.logback.core.model.processor.AppenderModelHandler - Processing appender named [RocketmqColdCtrSiftingAppender]
01:07:39,407 |-INFO in org.apache.rocketmq.logging.ch.qos.logback.core.model.processor.AppenderModelHandler - About to instantiate appender of type [org.apache.rocketmq.logging.ch.qos.logback.classic.sift.SiftingAppender]
01:07:39,408 |-INFO in org.apache.rocketmq.logging.ch.qos.logback.core.model.processor.ImplicitModelHandler - Assuming default type [org.apache.rocketmq.logging.ch.qos.logback.classic.sift.MDCBasedDiscriminator] for [discriminator] property
01:07:39,408 |-INFO in org.apache.rocketmq.logging.ch.qos.logback.core.model.processor.AppenderModelHandler - Processing appender named [RocketmqBrokerMetricsSiftingAppender_inner]
01:07:39,408 |-INFO in org.apache.rocketmq.logging.ch.qos.logback.core.model.processor.AppenderModelHandler - About to instantiate appender of type [org.apache.rocketmq.logging.ch.qos.logback.classic.sift.SiftingAppender]
01:07:39,408 |-INFO in org.apache.rocketmq.logging.ch.qos.logback.core.model.processor.ImplicitModelHandler - Assuming default type [org.apache.rocketmq.logging.ch.qos.logback.classic.sift.MDCBasedDiscriminator] for [discriminator] property
01:07:39,409 |-INFO in org.apache.rocketmq.logging.ch.qos.logback.core.model.processor.AppenderModelHandler - Processing appender named [RocketmqBrokerMetricsSiftingAppender]
01:07:39,409 |-INFO in org.apache.rocketmq.logging.ch.qos.logback.core.model.processor.AppenderModelHandler - About to instantiate appender of type [org.apache.rocketmq.logging.ch.qos.logback.classic.AsyncAppender]
01:07:39,409 |-INFO in org.apache.rocketmq.logging.ch.qos.logback.core.model.processor.AppenderRefModelHandler - Attaching appender named [RocketmqBrokerMetricsSiftingAppender_inner] to org.apache.rocketmq.logging.ch.qos.logback.classic.AsyncAppender[RocketmqBrokerMetricsSiftingAppender]
01:07:39,409 |-INFO in org.apache.rocketmq.logging.ch.qos.logback.classic.AsyncAppender[RocketmqBrokerMetricsSiftingAppender] - Attaching appender named [RocketmqBrokerMetricsSiftingAppender_inner] to AsyncAppender.
01:07:39,409 |-INFO in org.apache.rocketmq.logging.ch.qos.logback.classic.AsyncAppender[RocketmqBrokerMetricsSiftingAppender] - Setting discardingThreshold to 51
01:07:39,410 |-INFO in org.apache.rocketmq.logging.ch.qos.logback.core.model.processor.AppenderModelHandler - Processing appender named [RocketmqAuthAuditSiftingAppender_inner]
01:07:39,410 |-INFO in org.apache.rocketmq.logging.ch.qos.logback.core.model.processor.AppenderModelHandler - About to instantiate appender of type [org.apache.rocketmq.logging.ch.qos.logback.classic.sift.SiftingAppender]
01:07:39,410 |-INFO in org.apache.rocketmq.logging.ch.qos.logback.core.model.processor.ImplicitModelHandler - Assuming default type [org.apache.rocketmq.logging.ch.qos.logback.classic.sift.MDCBasedDiscriminator] for [discriminator] property
01:07:39,410 |-INFO in org.apache.rocketmq.logging.ch.qos.logback.core.model.processor.AppenderModelHandler - Processing appender named [RocketmqAuthAuditSiftingAppender]
01:07:39,411 |-INFO in org.apache.rocketmq.logging.ch.qos.logback.core.model.processor.AppenderModelHandler - About to instantiate appender of type [org.apache.rocketmq.logging.ch.qos.logback.classic.AsyncAppender]
01:07:39,411 |-INFO in org.apache.rocketmq.logging.ch.qos.logback.core.model.processor.AppenderRefModelHandler - Attaching appender named [RocketmqAuthAuditSiftingAppender_inner] to org.apache.rocketmq.logging.ch.qos.logback.classic.AsyncAppender[RocketmqAuthAuditSiftingAppender]
01:07:39,411 |-INFO in org.apache.rocketmq.logging.ch.qos.logback.classic.AsyncAppender[RocketmqAuthAuditSiftingAppender] - Attaching appender named [RocketmqAuthAuditSiftingAppender_inner] to AsyncAppender.
01:07:39,411 |-INFO in org.apache.rocketmq.logging.ch.qos.logback.classic.AsyncAppender[RocketmqAuthAuditSiftingAppender] - Setting discardingThreshold to 51
01:07:39,411 |-INFO in org.apache.rocketmq.logging.ch.qos.logback.core.model.processor.AppenderModelHandler - Processing appender named [STDOUT]
01:07:39,411 |-INFO in org.apache.rocketmq.logging.ch.qos.logback.core.model.processor.AppenderModelHandler - About to instantiate appender of type [org.apache.rocketmq.logging.ch.qos.logback.core.ConsoleAppender]
01:07:39,417 |-INFO in org.apache.rocketmq.logging.ch.qos.logback.core.model.processor.ImplicitModelHandler - Assuming default type [org.apache.rocketmq.logging.ch.qos.logback.classic.encoder.PatternLayoutEncoder] for [encoder] property
01:07:39,472 |-INFO in org.apache.rocketmq.logging.ch.qos.logback.classic.model.processor.LoggerModelHandler - Setting level of logger [RocketmqBroker] to INFO
01:07:39,472 |-INFO in org.apache.rocketmq.logging.ch.qos.logback.classic.model.processor.LoggerModelHandler - Setting additivity of logger [RocketmqBroker] to false
01:07:39,472 |-INFO in org.apache.rocketmq.logging.ch.qos.logback.core.model.processor.AppenderRefModelHandler - Attaching appender named [RocketmqBrokerSiftingAppender] to Logger[RocketmqBroker]
01:07:39,472 |-INFO in org.apache.rocketmq.logging.ch.qos.logback.classic.model.processor.LoggerModelHandler - Setting level of logger [RocketmqProtection] to INFO
01:07:39,472 |-INFO in org.apache.rocketmq.logging.ch.qos.logback.classic.model.processor.LoggerModelHandler - Setting additivity of logger [RocketmqProtection] to false
01:07:39,472 |-INFO in org.apache.rocketmq.logging.ch.qos.logback.core.model.processor.AppenderRefModelHandler - Attaching appender named [RocketmqProtectionSiftingAppender] to Logger[RocketmqProtection]
01:07:39,472 |-INFO in org.apache.rocketmq.logging.ch.qos.logback.classic.model.processor.LoggerModelHandler - Setting level of logger [RocketmqWaterMark] to INFO
01:07:39,472 |-INFO in org.apache.rocketmq.logging.ch.qos.logback.classic.model.processor.LoggerModelHandler - Setting additivity of logger [RocketmqWaterMark] to false
01:07:39,472 |-INFO in org.apache.rocketmq.logging.ch.qos.logback.core.model.processor.AppenderRefModelHandler - Attaching appender named [RocketmqWaterMarkSiftingAppender] to Logger[RocketmqWaterMark]
01:07:39,472 |-INFO in org.apache.rocketmq.logging.ch.qos.logback.classic.model.processor.LoggerModelHandler - Setting level of logger [RocketmqCommon] to INFO
01:07:39,472 |-INFO in org.apache.rocketmq.logging.ch.qos.logback.classic.model.processor.LoggerModelHandler - Setting additivity of logger [RocketmqCommon] to false
01:07:39,472 |-INFO in org.apache.rocketmq.logging.ch.qos.logback.core.model.processor.AppenderRefModelHandler - Attaching appender named [RocketmqBrokerSiftingAppender] to Logger[RocketmqCommon]
01:07:39,472 |-INFO in org.apache.rocketmq.logging.ch.qos.logback.classic.model.processor.LoggerModelHandler - Setting level of logger [RocketmqRocksDB] to INFO
01:07:39,472 |-INFO in org.apache.rocketmq.logging.ch.qos.logback.classic.model.processor.LoggerModelHandler - Setting additivity of logger [RocketmqRocksDB] to false
01:07:39,472 |-INFO in org.apache.rocketmq.logging.ch.qos.logback.core.model.processor.AppenderRefModelHandler - Attaching appender named [RocketmqRocksDBSiftingAppender] to Logger[RocketmqRocksDB]
01:07:39,472 |-INFO in org.apache.rocketmq.logging.ch.qos.logback.classic.model.processor.LoggerModelHandler - Setting level of logger [RocketmqStore] to INFO
01:07:39,473 |-INFO in org.apache.rocketmq.logging.ch.qos.logback.classic.model.processor.LoggerModelHandler - Setting additivity of logger [RocketmqStore] to false
01:07:39,473 |-INFO in org.apache.rocketmq.logging.ch.qos.logback.core.model.processor.AppenderRefModelHandler - Attaching appender named [RocketmqStoreSiftingAppender] to Logger[RocketmqStore]
01:07:39,473 |-INFO in org.apache.rocketmq.logging.ch.qos.logback.classic.model.processor.LoggerModelHandler - Setting level of logger [RocketmqStoreError] to INFO
01:07:39,473 |-INFO in org.apache.rocketmq.logging.ch.qos.logback.classic.model.processor.LoggerModelHandler - Setting additivity of logger [RocketmqStoreError] to false
01:07:39,473 |-INFO in org.apache.rocketmq.logging.ch.qos.logback.core.model.processor.AppenderRefModelHandler - Attaching appender named [RocketmqStoreErrorSiftingAppender] to Logger[RocketmqStoreError]
01:07:39,473 |-INFO in org.apache.rocketmq.logging.ch.qos.logback.classic.model.processor.LoggerModelHandler - Setting level of logger [RocketmqTieredStore] to INFO
01:07:39,473 |-INFO in org.apache.rocketmq.logging.ch.qos.logback.classic.model.processor.LoggerModelHandler - Setting additivity of logger [RocketmqTieredStore] to false
01:07:39,473 |-INFO in org.apache.rocketmq.logging.ch.qos.logback.core.model.processor.AppenderRefModelHandler - Attaching appender named [RocketmqTieredStoreSiftingAppender] to Logger[RocketmqTieredStore]
01:07:39,473 |-INFO in org.apache.rocketmq.logging.ch.qos.logback.classic.model.processor.LoggerModelHandler - Setting level of logger [RocketmqTransaction] to INFO
01:07:39,473 |-INFO in org.apache.rocketmq.logging.ch.qos.logback.classic.model.processor.LoggerModelHandler - Setting additivity of logger [RocketmqTransaction] to false
01:07:39,473 |-INFO in org.apache.rocketmq.logging.ch.qos.logback.core.model.processor.AppenderRefModelHandler - Attaching appender named [RocketmqTransactionSiftingAppender] to Logger[RocketmqTransaction]
01:07:39,473 |-INFO in org.apache.rocketmq.logging.ch.qos.logback.classic.model.processor.LoggerModelHandler - Setting level of logger [RocketmqRebalanceLock] to INFO
01:07:39,473 |-INFO in org.apache.rocketmq.logging.ch.qos.logback.classic.model.processor.LoggerModelHandler - Setting additivity of logger [RocketmqRebalanceLock] to false
01:07:39,473 |-INFO in org.apache.rocketmq.logging.ch.qos.logback.core.model.processor.AppenderRefModelHandler - Attaching appender named [RocketmqRebalanceLockSiftingAppender] to Logger[RocketmqRebalanceLock]
01:07:39,473 |-INFO in org.apache.rocketmq.logging.ch.qos.logback.classic.model.processor.LoggerModelHandler - Setting level of logger [RocketmqRemoting] to INFO
01:07:39,473 |-INFO in org.apache.rocketmq.logging.ch.qos.logback.classic.model.processor.LoggerModelHandler - Setting additivity of logger [RocketmqRemoting] to false
01:07:39,473 |-INFO in org.apache.rocketmq.logging.ch.qos.logback.core.model.processor.AppenderRefModelHandler - Attaching appender named [RocketmqRemotingSiftingAppender] to Logger[RocketmqRemoting]
01:07:39,473 |-INFO in org.apache.rocketmq.logging.ch.qos.logback.classic.model.processor.LoggerModelHandler - Setting level of logger [RocketmqStats] to INFO
01:07:39,474 |-INFO in org.apache.rocketmq.logging.ch.qos.logback.classic.model.processor.LoggerModelHandler - Setting additivity of logger [RocketmqStats] to false
01:07:39,474 |-INFO in org.apache.rocketmq.logging.ch.qos.logback.core.model.processor.AppenderRefModelHandler - Attaching appender named [RocketmqStatsSiftingAppender] to Logger[RocketmqStats]
01:07:39,474 |-INFO in org.apache.rocketmq.logging.ch.qos.logback.classic.model.processor.LoggerModelHandler - Setting level of logger [RocketmqCommercial] to INFO
01:07:39,474 |-INFO in org.apache.rocketmq.logging.ch.qos.logback.classic.model.processor.LoggerModelHandler - Setting additivity of logger [RocketmqCommercial] to false
01:07:39,474 |-INFO in org.apache.rocketmq.logging.ch.qos.logback.core.model.processor.AppenderRefModelHandler - Attaching appender named [RocketmqCommercialSiftingAppender] to Logger[RocketmqCommercial]
01:07:39,474 |-INFO in org.apache.rocketmq.logging.ch.qos.logback.classic.model.processor.LoggerModelHandler - Setting level of logger [RocketmqConsole] to INFO
01:07:39,474 |-INFO in org.apache.rocketmq.logging.ch.qos.logback.classic.model.processor.LoggerModelHandler - Setting additivity of logger [RocketmqConsole] to false
01:07:39,474 |-INFO in org.apache.rocketmq.logging.ch.qos.logback.core.model.processor.AppenderRefModelHandler - Attaching appender named [STDOUT] to Logger[RocketmqConsole]
01:07:39,474 |-INFO in org.apache.rocketmq.logging.ch.qos.logback.classic.model.processor.LoggerModelHandler - Setting level of logger [RocketmqPop] to INFO
01:07:39,474 |-INFO in org.apache.rocketmq.logging.ch.qos.logback.classic.model.processor.LoggerModelHandler - Setting additivity of logger [RocketmqPop] to false
01:07:39,474 |-INFO in org.apache.rocketmq.logging.ch.qos.logback.core.model.processor.AppenderRefModelHandler - Attaching appender named [RocketmqPopSiftingAppender] to Logger[RocketmqPop]
01:07:39,474 |-INFO in org.apache.rocketmq.logging.ch.qos.logback.classic.model.processor.LoggerModelHandler - Setting level of logger [RocketmqPopLite] to INFO
01:07:39,474 |-INFO in org.apache.rocketmq.logging.ch.qos.logback.classic.model.processor.LoggerModelHandler - Setting additivity of logger [RocketmqPopLite] to false
01:07:39,474 |-INFO in org.apache.rocketmq.logging.ch.qos.logback.core.model.processor.AppenderRefModelHandler - Attaching appender named [RocketmqPopLiteSiftingAppender] to Logger[RocketmqPopLite]
01:07:39,474 |-INFO in org.apache.rocketmq.logging.ch.qos.logback.classic.model.processor.LoggerModelHandler - Setting additivity of logger [RocketmqColdCtr] to false
01:07:39,474 |-INFO in org.apache.rocketmq.logging.ch.qos.logback.classic.model.processor.LevelModelHandler - RocketmqColdCtr level set to INFO
01:07:39,474 |-INFO in org.apache.rocketmq.logging.ch.qos.logback.core.model.processor.AppenderRefModelHandler - Attaching appender named [RocketmqColdCtrSiftingAppender] to Logger[RocketmqColdCtr]
01:07:39,474 |-INFO in org.apache.rocketmq.logging.ch.qos.logback.classic.model.processor.LoggerModelHandler - Setting level of logger [RocketmqTraffic] to INFO
01:07:39,475 |-INFO in org.apache.rocketmq.logging.ch.qos.logback.classic.model.processor.LoggerModelHandler - Setting additivity of logger [RocketmqTraffic] to false
01:07:39,475 |-INFO in org.apache.rocketmq.logging.ch.qos.logback.core.model.processor.AppenderRefModelHandler - Attaching appender named [RocketmqTrafficSiftingAppender] to Logger[RocketmqTraffic]
01:07:39,475 |-INFO in org.apache.rocketmq.logging.ch.qos.logback.classic.model.processor.LoggerModelHandler - Setting level of logger [io.opentelemetry.exporter.logging.otlp.OtlpJsonLoggingMetricExporter] to INFO
01:07:39,475 |-INFO in org.apache.rocketmq.logging.ch.qos.logback.classic.model.processor.LoggerModelHandler - Setting additivity of logger [io.opentelemetry.exporter.logging.otlp.OtlpJsonLoggingMetricExporter] to false
01:07:39,475 |-INFO in org.apache.rocketmq.logging.ch.qos.logback.core.model.processor.AppenderRefModelHandler - Attaching appender named [RocketmqBrokerMetricsSiftingAppender] to Logger[io.opentelemetry.exporter.logging.otlp.OtlpJsonLoggingMetricExporter]
01:07:39,475 |-INFO in org.apache.rocketmq.logging.ch.qos.logback.classic.model.processor.LoggerModelHandler - Setting level of logger [io.opentelemetry.exporter.logging.LoggingMetricExporter] to INFO
01:07:39,475 |-INFO in org.apache.rocketmq.logging.ch.qos.logback.classic.model.processor.LoggerModelHandler - Setting additivity of logger [io.opentelemetry.exporter.logging.LoggingMetricExporter] to false
01:07:39,475 |-INFO in org.apache.rocketmq.logging.ch.qos.logback.core.model.processor.AppenderRefModelHandler - Attaching appender named [RocketmqBrokerMetricsSiftingAppender] to Logger[io.opentelemetry.exporter.logging.LoggingMetricExporter]
01:07:39,475 |-INFO in org.apache.rocketmq.logging.ch.qos.logback.classic.model.processor.LoggerModelHandler - Setting level of logger [RocketmqAuthAudit] to INFO
01:07:39,475 |-INFO in org.apache.rocketmq.logging.ch.qos.logback.classic.model.processor.LoggerModelHandler - Setting additivity of logger [RocketmqAuthAudit] to false
01:07:39,475 |-INFO in org.apache.rocketmq.logging.ch.qos.logback.core.model.processor.AppenderRefModelHandler - Attaching appender named [RocketmqAuthAuditSiftingAppender] to Logger[RocketmqAuthAudit]
01:07:39,475 |-INFO in org.apache.rocketmq.logging.ch.qos.logback.classic.model.processor.RootLoggerModelHandler - Setting level of ROOT logger to INFO
01:07:39,475 |-INFO in org.apache.rocketmq.logging.ch.qos.logback.core.model.processor.AppenderRefModelHandler - Attaching appender named [DefaultSiftingAppender] to Logger[ROOT]
01:07:39,477 |-INFO in org.apache.rocketmq.logging.ch.qos.logback.core.model.processor.DefaultProcessor@6b26e945 - End of configuration.
01:07:39,479 |-INFO in org.apache.rocketmq.common.logging.JoranConfiguratorExt@63a65a25 - Registering current configuration as safe fallback point

The broker[i3-spacemitk3picoitx, 192.168.137.18:10911] boot success. serializeType=JSON and name server is 127.0.0.1:9876
Killed
